01:02:50 **** Incremental Build of configuration Debug for project kingfisher-DAC16 ****
make -j7 all 
arm-none-eabi-gcc "../Core/Src/DACx1416.c" -mcpu=cortex-m4 -std=gnu11 -g3 -DDEBUG -DUSE_HAL_DRIVER -DSTM32L476xx -c -I../Core/Inc -I../Drivers/STM32L4xx_HAL_Driver/Inc -I../Drivers/STM32L4xx_HAL_Driver/Inc/Legacy -I../Drivers/CMSIS/Device/ST/STM32L4xx/Include -I../Drivers/CMSIS/Include -I../USB_DEVICE/App -I../USB_DEVICE/Target -I../Middlewares/ST/STM32_USB_Device_Library/Core/Inc -I../Middlewares/ST/STM32_USB_Device_Library/Class/CDC/Inc -O0 -ffunction-sections -fdata-sections -Wall -fstack-usage -fcyclomatic-complexity -MMD -MP -MF"Core/Src/DACx1416.d" -MT"Core/Src/DACx1416.o" --specs=nano.specs -mfpu=fpv4-sp-d16 -mfloat-abi=hard -mthumb -o "Core/Src/DACx1416.o"
arm-none-eabi-gcc "../Core/Src/DACx1416_port.c" -mcpu=cortex-m4 -std=gnu11 -g3 -DDEBUG -DUSE_HAL_DRIVER -DSTM32L476xx -c -I../Core/Inc -I../Drivers/STM32L4xx_HAL_Driver/Inc -I../Drivers/STM32L4xx_HAL_Driver/Inc/Legacy -I../Drivers/CMSIS/Device/ST/STM32L4xx/Include -I../Drivers/CMSIS/Include -I../USB_DEVICE/App -I../USB_DEVICE/Target -I../Middlewares/ST/STM32_USB_Device_Library/Core/Inc -I../Middlewares/ST/STM32_USB_Device_Library/Class/CDC/Inc -O0 -ffunction-sections -fdata-sections -Wall -fstack-usage -fcyclomatic-complexity -MMD -MP -MF"Core/Src/DACx1416_port.d" -MT"Core/Src/DACx1416_port.o" --specs=nano.specs -mfpu=fpv4-sp-d16 -mfloat-abi=hard -mthumb -o "Core/Src/DACx1416_port.o"
arm-none-eabi-gcc "../Core/Src/cmdParser.c" -mcpu=cortex-m4 -std=gnu11 -g3 -DDEBUG -DUSE_HAL_DRIVER -DSTM32L476xx -c -I../Core/Inc -I../Drivers/STM32L4xx_HAL_Driver/Inc -I../Drivers/STM32L4xx_HAL_Driver/Inc/Legacy -I../Drivers/CMSIS/Device/ST/STM32L4xx/Include -I../Drivers/CMSIS/Include -I../USB_DEVICE/App -I../USB_DEVICE/Target -I../Middlewares/ST/STM32_USB_Device_Library/Core/Inc -I../Middlewares/ST/STM32_USB_Device_Library/Class/CDC/Inc -O0 -ffunction-sections -fdata-sections -Wall -fstack-usage -fcyclomatic-complexity -MMD -MP -MF"Core/Src/cmdParser.d" -MT"Core/Src/cmdParser.o" --specs=nano.specs -mfpu=fpv4-sp-d16 -mfloat-abi=hard -mthumb -o "Core/Src/cmdParser.o"
../Core/Src/cmdParser.c: In function 'parseCmd':
../Core/Src/cmdParser.c:110:26: warning: unused variable 'regVal' [-Wunused-variable]
  110 |                 uint16_t regVal;
      |                          ^~~~~~
arm-none-eabi-gcc -o "kingfisher-DAC16.elf" @"objects.list"   -mcpu=cortex-m4 -T"/Users/emon/Documents/Projects/Kingfisher-DAC16/Firmware/workspace/kingfisher-DAC16/STM32L476RGTX_FLASH.ld" --specs=nosys.specs -Wl,-Map="kingfisher-DAC16.map" -Wl,--gc-sections -static --specs=nano.specs -mfpu=fpv4-sp-d16 -mfloat-abi=hard -mthumb -Wl,--start-group -lc -lm -Wl,--end-group
Finished building target: kingfisher-DAC16.elf
 
arm-none-eabi-size  kingfisher-DAC16.elf 
arm-none-eabi-objdump -h -S kingfisher-DAC16.elf  > "kingfisher-DAC16.list"
   text	   data	    bss	    dec	    hex	filename
  45372	    364	   9924	  55660	   d96c	kingfisher-DAC16.elf
Finished building: default.size.stdout
 
Finished building: kingfisher-DAC16.list
 

01:02:52 Build Finished. 0 errors, 1 warnings. (took 1s.751ms)

