00:37:25 **** Incremental Build of configuration Debug for project kingfisher-DAC16 ****
make -j7 all 
arm-none-eabi-gcc "../Core/Src/main.c" -mcpu=cortex-m4 -std=gnu11 -g3 -DDEBUG -DUSE_HAL_DRIVER -DSTM32L476xx -c -I../Core/Inc -I../Drivers/STM32L4xx_HAL_Driver/Inc -I../Drivers/STM32L4xx_HAL_Driver/Inc/Legacy -I../Drivers/CMSIS/Device/ST/STM32L4xx/Include -I../Drivers/CMSIS/Include -I../USB_DEVICE/App -I../USB_DEVICE/Target -I../Middlewares/ST/STM32_USB_Device_Library/Core/Inc -I../Middlewares/ST/STM32_USB_Device_Library/Class/CDC/Inc -O0 -ffunction-sections -fdata-sections -Wall -fstack-usage -fcyclomatic-complexity -MMD -MP -MF"Core/Src/main.d" -MT"Core/Src/main.o" --specs=nano.specs -mfpu=fpv4-sp-d16 -mfloat-abi=hard -mthumb -o "Core/Src/main.o"
../Core/Src/main.c: In function 'main':
../Core/Src/main.c:241:17: warning: unused variable 'slipTxData' [-Wunused-variable]
  241 |         uint8_t slipTxData[1024] = "HELLO";
      |                 ^~~~~~~~~~
arm-none-eabi-gcc -o "kingfisher-DAC16.elf" @"objects.list"   -mcpu=cortex-m4 -T"/Users/emon/Documents/Projects/Kingfisher-DAC16/Firmware/workspace/kingfisher-DAC16/STM32L476RGTX_FLASH.ld" --specs=nosys.specs -Wl,-Map="kingfisher-DAC16.map" -Wl,--gc-sections -static --specs=nano.specs -mfpu=fpv4-sp-d16 -mfloat-abi=hard -mthumb -Wl,--start-group -lc -lm -Wl,--end-group
Finished building target: kingfisher-DAC16.elf
 
arm-none-eabi-size  kingfisher-DAC16.elf 
arm-none-eabi-objdump -h -S kingfisher-DAC16.elf  > "kingfisher-DAC16.list"
   text	   data	    bss	    dec	    hex	filename
  45824	    364	   9924	  56112	   db30	kingfisher-DAC16.elf
Finished building: default.size.stdout
 
Finished building: kingfisher-DAC16.list
 

00:37:26 Build Finished. 0 errors, 1 warnings. (took 1s.98ms)

