../Drivers/CMSIS/Include/core_cm4.h:2059:26:ITM_SendChar	16	static,ignoring_inline_asm
../Core/Src/main.c:97:6:cdc_recv_char	16	static
../Core/Src/main.c:115:6:cdc_send_char	16	static
../Core/Src/main.c:128:5:main	2064	static
../Core/Src/main.c:282:6:SystemClock_Config	96	static
../Core/Src/main.c:331:13:MX_CRC_Init	8	static
../Core/Src/main.c:365:13:MX_SPI1_Init	8	static
../Core/Src/main.c:405:13:MX_USART1_UART_Init	8	static
../Core/Src/main.c:440:13:MX_DMA_Init	16	static
../Core/Src/main.c:482:13:MX_GPIO_Init	40	static
../Core/Src/main.c:527:5:__io_putchar	16	static
../Core/Src/main.c:543:6:HAL_TIM_PeriodElapsedCallback	16	static
../Core/Src/main.c:560:6:Error_Handler	4	static,ignoring_inline_asm
