../Core/Src/main.c:77:5:main	40	static,ignoring_inline_asm
../Core/Src/main.c:233:6:SystemClock_Config	96	static
../Core/Src/main.c:284:13:MX_CRC_Init	8	static
../Core/Src/main.c:318:13:MX_SPI1_Init	8	static
../Core/Src/main.c:374:13:MX_USART1_UART_Init	8	static
../Core/Src/main.c:409:13:MX_GPIO_Init	40	static
../Core/Src/main.c:455:9:calculate_crc8	24	static
../Core/Src/main.c:468:6:HAL_SPI_TxCpltCallback	16	static
../Core/Src/main.c:474:6:HAL_SPI_RxCpltCallback	16	static
../Core/Src/main.c:480:6:HAL_SPI_TxRxCpltCallback	16	static
../Core/Src/main.c:488:6:HAL_SPI_ErrorCallback	16	static
../Core/Src/main.c:505:6:HAL_TIM_PeriodElapsedCallback	16	static
../Core/Src/main.c:522:6:Error_Handler	4	static,ignoring_inline_asm
