Archive member included to satisfy reference by file (symbol)

/Applications/STM32CubeIDE.app/Contents/Eclipse/plugins/com.st.stm32cube.ide.mcu.externaltools.gnu-tools-for-stm32.12.3.rel1.macos64_1.0.200.202406191456/tools/bin/../lib/gcc/arm-none-eabi/12.3.1/../../../../arm-none-eabi/lib/thumb/v7e-m+fp/hard/libc_nano.a(libc_a-exit.o)
                              /Applications/STM32CubeIDE.app/Contents/Eclipse/plugins/com.st.stm32cube.ide.mcu.externaltools.gnu-tools-for-stm32.12.3.rel1.macos64_1.0.200.202406191456/tools/bin/../lib/gcc/arm-none-eabi/12.3.1/../../../../arm-none-eabi/lib/thumb/v7e-m+fp/hard/crt0.o (exit)
/Applications/STM32CubeIDE.app/Contents/Eclipse/plugins/com.st.stm32cube.ide.mcu.externaltools.gnu-tools-for-stm32.12.3.rel1.macos64_1.0.200.202406191456/tools/bin/../lib/gcc/arm-none-eabi/12.3.1/../../../../arm-none-eabi/lib/thumb/v7e-m+fp/hard/libc_nano.a(libc_a-findfp.o)
                              /Applications/STM32CubeIDE.app/Contents/Eclipse/plugins/com.st.stm32cube.ide.mcu.externaltools.gnu-tools-for-stm32.12.3.rel1.macos64_1.0.200.202406191456/tools/bin/../lib/gcc/arm-none-eabi/12.3.1/../../../../arm-none-eabi/lib/thumb/v7e-m+fp/hard/libc_nano.a(libc_a-exit.o) (__stdio_exit_handler)
/Applications/STM32CubeIDE.app/Contents/Eclipse/plugins/com.st.stm32cube.ide.mcu.externaltools.gnu-tools-for-stm32.12.3.rel1.macos64_1.0.200.202406191456/tools/bin/../lib/gcc/arm-none-eabi/12.3.1/../../../../arm-none-eabi/lib/thumb/v7e-m+fp/hard/libc_nano.a(libc_a-fwalk.o)
                              /Applications/STM32CubeIDE.app/Contents/Eclipse/plugins/com.st.stm32cube.ide.mcu.externaltools.gnu-tools-for-stm32.12.3.rel1.macos64_1.0.200.202406191456/tools/bin/../lib/gcc/arm-none-eabi/12.3.1/../../../../arm-none-eabi/lib/thumb/v7e-m+fp/hard/libc_nano.a(libc_a-findfp.o) (_fwalk_sglue)
/Applications/STM32CubeIDE.app/Contents/Eclipse/plugins/com.st.stm32cube.ide.mcu.externaltools.gnu-tools-for-stm32.12.3.rel1.macos64_1.0.200.202406191456/tools/bin/../lib/gcc/arm-none-eabi/12.3.1/../../../../arm-none-eabi/lib/thumb/v7e-m+fp/hard/libc_nano.a(libc_a-memset.o)
                              /Applications/STM32CubeIDE.app/Contents/Eclipse/plugins/com.st.stm32cube.ide.mcu.externaltools.gnu-tools-for-stm32.12.3.rel1.macos64_1.0.200.202406191456/tools/bin/../lib/gcc/arm-none-eabi/12.3.1/../../../../arm-none-eabi/lib/thumb/v7e-m+fp/hard/crt0.o (memset)
/Applications/STM32CubeIDE.app/Contents/Eclipse/plugins/com.st.stm32cube.ide.mcu.externaltools.gnu-tools-for-stm32.12.3.rel1.macos64_1.0.200.202406191456/tools/bin/../lib/gcc/arm-none-eabi/12.3.1/../../../../arm-none-eabi/lib/thumb/v7e-m+fp/hard/libc_nano.a(libc_a-impure.o)
                              /Applications/STM32CubeIDE.app/Contents/Eclipse/plugins/com.st.stm32cube.ide.mcu.externaltools.gnu-tools-for-stm32.12.3.rel1.macos64_1.0.200.202406191456/tools/bin/../lib/gcc/arm-none-eabi/12.3.1/../../../../arm-none-eabi/lib/thumb/v7e-m+fp/hard/libc_nano.a(libc_a-findfp.o) (_impure_data)
/Applications/STM32CubeIDE.app/Contents/Eclipse/plugins/com.st.stm32cube.ide.mcu.externaltools.gnu-tools-for-stm32.12.3.rel1.macos64_1.0.200.202406191456/tools/bin/../lib/gcc/arm-none-eabi/12.3.1/../../../../arm-none-eabi/lib/thumb/v7e-m+fp/hard/libc_nano.a(libc_a-errno.o)
                              ./Core/Src/syscalls.o (__errno)
/Applications/STM32CubeIDE.app/Contents/Eclipse/plugins/com.st.stm32cube.ide.mcu.externaltools.gnu-tools-for-stm32.12.3.rel1.macos64_1.0.200.202406191456/tools/bin/../lib/gcc/arm-none-eabi/12.3.1/../../../../arm-none-eabi/lib/thumb/v7e-m+fp/hard/libc_nano.a(libc_a-init.o)
                              /Applications/STM32CubeIDE.app/Contents/Eclipse/plugins/com.st.stm32cube.ide.mcu.externaltools.gnu-tools-for-stm32.12.3.rel1.macos64_1.0.200.202406191456/tools/bin/../lib/gcc/arm-none-eabi/12.3.1/../../../../arm-none-eabi/lib/thumb/v7e-m+fp/hard/crt0.o (__libc_init_array)
/Applications/STM32CubeIDE.app/Contents/Eclipse/plugins/com.st.stm32cube.ide.mcu.externaltools.gnu-tools-for-stm32.12.3.rel1.macos64_1.0.200.202406191456/tools/bin/../lib/gcc/arm-none-eabi/12.3.1/../../../../arm-none-eabi/lib/thumb/v7e-m+fp/hard/libc_nano.a(libc_a-lock.o)
                              /Applications/STM32CubeIDE.app/Contents/Eclipse/plugins/com.st.stm32cube.ide.mcu.externaltools.gnu-tools-for-stm32.12.3.rel1.macos64_1.0.200.202406191456/tools/bin/../lib/gcc/arm-none-eabi/12.3.1/../../../../arm-none-eabi/lib/thumb/v7e-m+fp/hard/libc_nano.a(libc_a-findfp.o) (__retarget_lock_init_recursive)
/Applications/STM32CubeIDE.app/Contents/Eclipse/plugins/com.st.stm32cube.ide.mcu.externaltools.gnu-tools-for-stm32.12.3.rel1.macos64_1.0.200.202406191456/tools/bin/../lib/gcc/arm-none-eabi/12.3.1/../../../../arm-none-eabi/lib/thumb/v7e-m+fp/hard/libc_nano.a(libc_a-mallocr.o)
[...]
Memory Configuration

Name             Origin             Length             Attributes
RAM              0x20000000         0x00018000         xrw
RAM2             0x10000000         0x00008000         xrw
FLASH            0x08000000         0x00100000         xr
*default*        0x00000000         0xffffffff

Linker script and memory map

LOAD /Applications/STM32CubeIDE.app/Contents/Eclipse/plugins/com.st.stm32cube.ide.mcu.externaltools.gnu-tools-for-stm32.12.3.rel1.macos64_1.0.200.202406191456/tools/bin/../lib/gcc/arm-none-eabi/12.3.1/thumb/v7e-m+fp/hard/crti.o
LOAD /Applications/STM32CubeIDE.app/Contents/Eclipse/plugins/com.st.stm32cube.ide.mcu.externaltools.gnu-tools-for-stm32.12.3.rel1.macos64_1.0.200.202406191456/tools/bin/../lib/gcc/arm-none-eabi/12.3.1/thumb/v7e-m+fp/hard/crtbegin.o
LOAD /Applications/STM32CubeIDE.app/Contents/Eclipse/plugins/com.st.stm32cube.ide.mcu.externaltools.gnu-tools-for-stm32.12.3.rel1.macos64_1.0.200.202406191456/tools/bin/../lib/gcc/arm-none-eabi/12.3.1/../../../../arm-none-eabi/lib/thumb/v7e-m+fp/hard/crt0.o
LOAD ./Core/Src/DACx1416.o
LOAD ./Core/Src/main.o
LOAD ./Core/Src/stm32l4xx_hal_msp.o
LOAD ./Core/Src/stm32l4xx_it.o
LOAD ./Core/Src/syscalls.o
LOAD ./Core/Src/sysmem.o
LOAD ./Core/Src/system_stm32l4xx.o
LOAD ./Core/Startup/startup_stm32l476rgtx.o
LOAD ./Drivers/STM32L4xx_HAL_Driver/Src/stm32l4xx_hal.o
LOAD ./Drivers/STM32L4xx_HAL_Driver/Src/stm32l4xx_hal_cortex.o
LOAD ./Drivers/STM32L4xx_HAL_Driver/Src/stm32l4xx_hal_dma.o
LOAD ./Drivers/STM32L4xx_HAL_Driver/Src/stm32l4xx_hal_dma_ex.o
LOAD ./Drivers/STM32L4xx_HAL_Driver/Src/stm32l4xx_hal_exti.o
LOAD ./Drivers/STM32L4xx_HAL_Driver/Src/stm32l4xx_hal_flash.o
LOAD ./Drivers/STM32L4xx_HAL_Driver/Src/stm32l4xx_hal_flash_ex.o
LOAD ./Drivers/STM32L4xx_HAL_Driver/Src/stm32l4xx_hal_flash_ramfunc.o
LOAD ./Drivers/STM32L4xx_HAL_Driver/Src/stm32l4xx_hal_gpio.o
LOAD ./Drivers/STM32L4xx_HAL_Driver/Src/stm32l4xx_hal_i2c.o
LOAD ./Drivers/STM32L4xx_HAL_Driver/Src/stm32l4xx_hal_i2c_ex.o
LOAD ./Drivers/STM32L4xx_HAL_Driver/Src/stm32l4xx_hal_pcd.o
LOAD ./Drivers/STM32L4xx_HAL_Driver/Src/stm32l4xx_hal_pcd_ex.o
LOAD ./Drivers/STM32L4xx_HAL_Driver/Src/stm32l4xx_hal_pwr.o
LOAD ./Drivers/STM32L4xx_HAL_Driver/Src/stm32l4xx_hal_pwr_ex.o
LOAD ./Drivers/STM32L4xx_HAL_Driver/Src/stm32l4xx_hal_rcc.o
LOAD ./Drivers/STM32L4xx_HAL_Driver/Src/stm32l4xx_hal_rcc_ex.o
LOAD ./Drivers/STM32L4xx_HAL_Driver/Src/stm32l4xx_hal_spi.o
LOAD ./Drivers/STM32L4xx_HAL_Driver/Src/stm32l4xx_hal_spi_ex.o
LOAD ./Drivers/STM32L4xx_HAL_Driver/Src/stm32l4xx_hal_tim.o
LOAD ./Drivers/STM32L4xx_HAL_Driver/Src/stm32l4xx_hal_tim_ex.o
LOAD ./Drivers/STM32L4xx_HAL_Driver/Src/stm32l4xx_hal_uart.o
LOAD ./Drivers/STM32L4xx_HAL_Driver/Src/stm32l4xx_hal_uart_ex.o
LOAD ./Drivers/STM32L4xx_HAL_Driver/Src/stm32l4xx_ll_usb.o
LOAD ./Middlewares/ST/STM32_USB_Device_Library/Class/CDC/Src/usbd_cdc.o
LOAD ./Middlewares/ST/STM32_USB_Device_Library/Core/Src/usbd_core.o
LOAD ./Middlewares/ST/STM32_USB_Device_Library/Core/Src/usbd_ctlreq.o
LOAD ./Middlewares/ST/STM32_USB_Device_Library/Core/Src/usbd_ioreq.o
LOAD ./USB_DEVICE/App/usb_device.o
LOAD ./USB_DEVICE/App/usbd_cdc_if.o
LOAD ./USB_DEVICE/App/usbd_desc.o
LOAD ./USB_DEVICE/Target/usbd_conf.o
START GROUP
LOAD /Applications/STM32CubeIDE.app/Contents/Eclipse/plugins/com.st.stm32cube.ide.mcu.externaltools.gnu-tools-for-stm32.12.3.rel1.macos64_1.0.200.202406191456/tools/bin/../lib/gcc/arm-none-eabi/12.3.1/../../../../arm-none-eabi/lib/thumb/v7e-m+fp/hard/libc_nano.a
LOAD /Applications/STM32CubeIDE.app/Contents/Eclipse/plugins/com.st.stm32cube.ide.mcu.externaltools.gnu-tools-for-stm32.12.3.rel1.macos64_1.0.200.202406191456/tools/bin/../lib/gcc/arm-none-eabi/12.3.1/../../../../arm-none-eabi/lib/thumb/v7e-m+fp/hard/libm.a
END GROUP
START GROUP
LOAD /Applications/STM32CubeIDE.app/Contents/Eclipse/plugins/com.st.stm32cube.ide.mcu.externaltools.gnu-tools-for-stm32.12.3.rel1.macos64_1.0.200.202406191456/tools/bin/../lib/gcc/arm-none-eabi/12.3.1/thumb/v7e-m+fp/hard/libgcc.a
LOAD /Applications/STM32CubeIDE.app/Contents/Eclipse/plugins/com.st.stm32cube.ide.mcu.externaltools.gnu-tools-for-stm32.12.3.rel1.macos64_1.0.200.202406191456/tools/bin/../lib/gcc/arm-none-eabi/12.3.1/../../../../arm-none-eabi/lib/thumb/v7e-m+fp/hard/libc_nano.a
END GROUP
START GROUP
LOAD /Applications/STM32CubeIDE.app/Contents/Eclipse/plugins/com.st.stm32cube.ide.mcu.externaltools.gnu-tools-for-stm32.12.3.rel1.macos64_1.0.200.202406191456/tools/bin/../lib/gcc/arm-none-eabi/12.3.1/thumb/v7e-m+fp/hard/libgcc.a
LOAD /Applications/STM32CubeIDE.app/Contents/Eclipse/plugins/com.st.stm32cube.ide.mcu.externaltools.gnu-tools-for-stm32.12.3.rel1.macos64_1.0.200.202406191456/tools/bin/../lib/gcc/arm-none-eabi/12.3.1/../../../../arm-none-eabi/lib/thumb/v7e-m+fp/hard/libc_nano.a
LOAD /Applications/STM32CubeIDE.app/Contents/Eclipse/plugins/com.st.stm32cube.ide.mcu.externaltools.gnu-tools-for-stm32.12.3.rel1.macos64_1.0.200.202406191456/tools/bin/../lib/gcc/arm-none-eabi/12.3.1/../../../../arm-none-eabi/lib/thumb/v7e-m+fp/hard/libnosys.a
END GROUP
START GROUP
LOAD /Applications/STM32CubeIDE.app/Contents/Eclipse/plugins/com.st.stm32cube.ide.mcu.externaltools.gnu-tools-for-stm32.12.3.rel1.macos64_1.0.200.202406191456/tools/bin/../lib/gcc/arm-none-eabi/12.3.1/thumb/v7e-m+fp/hard/libgcc.a
LOAD /Applications/STM32CubeIDE.app/Contents/Eclipse/plugins/com.st.stm32cube.ide.mcu.externaltools.gnu-tools-for-stm32.12.3.rel1.macos64_1.0.200.202406191456/tools/bin/../lib/gcc/arm-none-eabi/12.3.1/../../../../arm-none-eabi/lib/thumb/v7e-m+fp/hard/libc_nano.a
LOAD /Applications/STM32CubeIDE.app/Contents/Eclipse/plugins/com.st.stm32cube.ide.mcu.externaltools.gnu-tools-for-stm32.12.3.rel1.macos64_1.0.200.202406191456/tools/bin/../lib/gcc/arm-none-eabi/12.3.1/../../../../arm-none-eabi/lib/thumb/v7e-m+fp/hard/libnosys.a
END GROUP
LOAD /Applications/STM32CubeIDE.app/Contents/Eclipse/plugins/com.st.stm32cube.ide.mcu.externaltools.gnu-tools-for-stm32.12.3.rel1.macos64_1.0.200.202406191456/tools/bin/../lib/gcc/arm-none-eabi/12.3.1/thumb/v7e-m+fp/hard/crtend.o
LOAD /Applications/STM32CubeIDE.app/Contents/Eclipse/plugins/com.st.stm32cube.ide.mcu.externaltools.gnu-tools-for-stm32.12.3.rel1.macos64_1.0.200.202406191456/tools/bin/../lib/gcc/arm-none-eabi/12.3.1/thumb/v7e-m+fp/hard/crtn.o
                0x20018000                        _estack = (ORIGIN (RAM) + LENGTH (RAM))
                0x00000200                        _Min_Heap_Size = 0x200
                0x00000400                        _Min_Stack_Size = 0x400

.isr_vector     0x08000000      0x188
                0x08000000                        . = ALIGN (0x4)
 *(.isr_vector)
 .isr_vector    0x08000000      0x188 ./Core/Startup/startup_stm32l476rgtx.o
                0x08000000                g_pfnVectors
                0x08000188                        . = ALIGN (0x4)

.text           0x08000188     0x7978
                0x08000188                        . = ALIGN (0x4)
 *(.text)
 .text          0x08000188       0x40 /Applications/STM32CubeIDE.app/Contents/Eclipse/plugins/com.st.stm32cube.ide.mcu.externaltools.gnu-tools-for-stm32.12.3.rel1.macos64_1.0.200.202406191456/tools/bin/../lib/gcc/arm-none-eabi/12.3.1/thumb/v7e-m+fp/hard/crtbegin.o
 .text          0x080001c8       0x30 /Applications/STM32CubeIDE.app/Contents/Eclipse/plugins/com.st.stm32cube.ide.mcu.externaltools.gnu-tools-for-stm32.12.3.rel1.macos64_1.0.200.202406191456/tools/bin/../lib/gcc/arm-none-eabi/12.3.1/thumb/v7e-m+fp/hard/libgcc.a(_aeabi_uldivmod.o)
                0x080001c8                __aeabi_uldivmod
 .text          0x080001f8      0x2bc /Applications/STM32CubeIDE.app/Contents/Eclipse/plugins/com.st.stm32cube.ide.mcu.externaltools.gnu-tools-for-stm32.12.3.rel1.macos64_1.0.200.202406191456/tools/bin/../lib/gcc/arm-none-eabi/12.3.1/thumb/v7e-m+fp/hard/libgcc.a(_udivmoddi4.o)
                0x080001f8                __udivmoddi4
 .text          0x080004b4        0x4 /Applications/STM32CubeIDE.app/Contents/Eclipse/plugins/com.st.stm32cube.ide.mcu.externaltools.gnu-tools-for-stm32.12.3.rel1.macos64_1.0.200.202406191456/tools/bin/../lib/gcc/arm-none-eabi/12.3.1/thumb/v7e-m+fp/hard/libgcc.a(_dvmd_tls.o)
                0x080004b4                __aeabi_ldiv0
                0x080004b4                __aeabi_idiv0
 *(.text*)
 .text.DACx1416_nCS
                0x080004b8       0x32 ./Core/Src/DACx1416.o
                0x080004b8                DACx1416_nCS
 *fill*         0x080004ea        0x2 
 .text.SPI1_TransmitReceive
                0x080004ec       0x50 ./Core/Src/DACx1416.o
                0x080004ec                SPI1_TransmitReceive
 .text.DACx1416_SPI_transmit
                0x0800053c       0x30 ./Core/Src/DACx1416.o
                0x0800053c                DACx1416_SPI_transmit
 .text.DACx1416_SPI_receive
                0x0800056c       0x30 ./Core/Src/DACx1416.o
                0x0800056c                DACx1416_SPI_receive
 .text.DACx1416_SPI_transmitReceive
                0x0800059c       0x38 ./Core/Src/DACx1416.o
                0x0800059c                DACx1416_SPI_transmitReceive
 .text.DACx1416_write_register_old
                0x080005d4       0x5a ./Core/Src/DACx1416.o
                0x080005d4                DACx1416_write_register_old
 .text.DACx1416_read_register_old
                0x0800062e       0x7c ./Core/Src/DACx1416.o
                0x0800062e                DACx1416_read_register_old
 .text.DACx1416_read_register
                0x080006aa       0x6e ./Core/Src/DACx1416.o
                0x080006aa                DACx1416_read_register
 .text.DACx1416_get_device_id
                0x08000718       0x68 ./Core/Src/DACx1416.o
                0x08000718                DACx1416_get_device_id
 .text.DACx1416_get_spiConfig
                0x08000780      0x11c ./Core/Src/DACx1416.o
                0x08000780                DACx1416_get_spiConfig
 .text.main     0x0800089c      0x1dc ./Core/Src/main.o
                0x0800089c                main
 .text.SystemClock_Config
                0x08000a78       0xa4 ./Core/Src/main.o
                0x08000a78                SystemClock_Config
 .text.MX_SPI1_Init
                0x08000b1c       0x7c ./Core/Src/main.o
 .text.MX_USART1_UART_Init
                0x08000b98       0x60 ./Core/Src/main.o
 .text.MX_GPIO_Init
                0x08000bf8       0xdc ./Core/Src/main.o
 .text.Error_Handler
                0x08000cd4        0xc ./Core/Src/main.o
                0x08000cd4                Error_Handler
 .text.HAL_MspInit
                0x08000ce0       0x48 ./Core/Src/stm32l4xx_hal_msp.o
                0x08000ce0                HAL_MspInit
 .text.HAL_SPI_MspInit
                0x08000d28       0x84 ./Core/Src/stm32l4xx_hal_msp.o
                0x08000d28                HAL_SPI_MspInit
 .text.HAL_UART_MspInit
                0x08000dac       0xbc ./Core/Src/stm32l4xx_hal_msp.o
                0x08000dac                HAL_UART_MspInit
 .text.NMI_Handler
                0x08000e68        0x8 ./Core/Src/stm32l4xx_it.o
                0x08000e68                NMI_Handler
 .text.HardFault_Handler
                0x08000e70        0x8 ./Core/Src/stm32l4xx_it.o
                0x08000e70                HardFault_Handler
 .text.MemManage_Handler
                0x08000e78        0x8 ./Core/Src/stm32l4xx_it.o
                0x08000e78                MemManage_Handler
 .text.BusFault_Handler
                0x08000e80        0x8 ./Core/Src/stm32l4xx_it.o
                0x08000e80                BusFault_Handler
 .text.UsageFault_Handler
                0x08000e88        0x8 ./Core/Src/stm32l4xx_it.o
                0x08000e88                UsageFault_Handler
 .text.SVC_Handler
                0x08000e90        0xe ./Core/Src/stm32l4xx_it.o
                0x08000e90                SVC_Handler
 .text.DebugMon_Handler
                0x08000e9e        0xe ./Core/Src/stm32l4xx_it.o
                0x08000e9e                DebugMon_Handler
 .text.PendSV_Handler
                0x08000eac        0xe ./Core/Src/stm32l4xx_it.o
                0x08000eac                PendSV_Handler
 .text.SysTick_Handler
                0x08000eba        0xc ./Core/Src/stm32l4xx_it.o
                0x08000eba                SysTick_Handler
 *fill*         0x08000ec6        0x2 
 .text.OTG_FS_IRQHandler
                0x08000ec8       0x14 ./Core/Src/stm32l4xx_it.o
                0x08000ec8                OTG_FS_IRQHandler
 .text.SystemInit
                0x08000edc       0x24 ./Core/Src/system_stm32l4xx.o
                0x08000edc                SystemInit
 .text.Reset_Handler
                0x08000f00       0x50 ./Core/Startup/startup_stm32l476rgtx.o
                0x08000f00                Reset_Handler
 .text.Default_Handler
                0x08000f50        0x2 ./Core/Startup/startup_stm32l476rgtx.o
                0x08000f50                TIM1_BRK_TIM15_IRQHandler
                0x08000f50                EXTI2_IRQHandler
                0x08000f50                TIM8_TRG_COM_IRQHandler
                0x08000f50                TIM8_CC_IRQHandler
                0x08000f50                TIM1_CC_IRQHandler
                0x08000f50                TSC_IRQHandler
                0x08000f50                TAMP_STAMP_IRQHandler
                0x08000f50                EXTI3_IRQHandler
                0x08000f50                LPTIM2_IRQHandler
                0x08000f50                DFSDM1_FLT1_IRQHandler
                0x08000f50                I2C3_ER_IRQHandler
                0x08000f50                DFSDM1_FLT2_IRQHandler
                0x08000f50                EXTI0_IRQHandler
                0x08000f50                I2C2_EV_IRQHandler
                0x08000f50                CAN1_RX0_IRQHandler
                0x08000f50                FPU_IRQHandler
                0x08000f50                TIM1_UP_TIM16_IRQHandler
                0x08000f50                ADC1_2_IRQHandler
                0x08000f50                SPI1_IRQHandler
                0x08000f50                TIM6_DAC_IRQHandler
                0x08000f50                TIM8_UP_IRQHandler
                0x08000f50                DMA2_Channel2_IRQHandler
                0x08000f50                DMA1_Channel4_IRQHandler
                0x08000f50                SAI2_IRQHandler
                0x08000f50                DFSDM1_FLT3_IRQHandler
                0x08000f50                USART3_IRQHandler
                0x08000f50                DMA1_Channel7_IRQHandler
                0x08000f50                CAN1_RX1_IRQHandler
                0x08000f50                LCD_IRQHandler
                0x08000f50                UART5_IRQHandler
                0x08000f50                ADC3_IRQHandler
                0x08000f50                TIM4_IRQHandler
                0x08000f50                DMA2_Channel1_IRQHandler
                0x08000f50                QUADSPI_IRQHandler
                0x08000f50                I2C1_EV_IRQHandler
                0x08000f50                DMA1_Channel6_IRQHandler
                0x08000f50                UART4_IRQHandler
                0x08000f50                DMA2_Channel4_IRQHandler
                0x08000f50                TIM3_IRQHandler
                0x08000f50                RCC_IRQHandler
                0x08000f50                DMA1_Channel1_IRQHandler
                0x08000f50                Default_Handler
                0x08000f50                DMA2_Channel7_IRQHandler
                0x08000f50                EXTI15_10_IRQHandler
                0x08000f50                TIM7_IRQHandler
                0x08000f50                SDMMC1_IRQHandler
                0x08000f50                TIM5_IRQHandler
                0x08000f50                I2C3_EV_IRQHandler
                0x08000f50                EXTI9_5_IRQHandler
                0x08000f50                RTC_WKUP_IRQHandler
                0x08000f50                PVD_PVM_IRQHandler
                0x08000f50                SPI2_IRQHandler
                0x08000f50                CAN1_TX_IRQHandler
                0x08000f50                DMA2_Channel5_IRQHandler
                0x08000f50                DMA1_Channel5_IRQHandler
                0x08000f50                EXTI4_IRQHandler
                0x08000f50                RNG_IRQHandler
                0x08000f50                TIM1_TRG_COM_TIM17_IRQHandler
                0x08000f50                DMA1_Channel3_IRQHandler
                0x08000f50                COMP_IRQHandler
                0x08000f50                WWDG_IRQHandler
                0x08000f50                LPUART1_IRQHandler
                0x08000f50                DMA2_Channel6_IRQHandler
                0x08000f50                TIM2_IRQHandler
                0x08000f50                EXTI1_IRQHandler
                0x08000f50                USART2_IRQHandler
                0x08000f50                DFSDM1_FLT0_IRQHandler
                0x08000f50                I2C2_ER_IRQHandler
                0x08000f50                DMA1_Channel2_IRQHandler
                0x08000f50                TIM8_BRK_IRQHandler
                0x08000f50                CAN1_SCE_IRQHandler
                0x08000f50                FLASH_IRQHandler
                0x08000f50                USART1_IRQHandler
                0x08000f50                SPI3_IRQHandler
                0x08000f50                I2C1_ER_IRQHandler
                0x08000f50                FMC_IRQHandler
                0x08000f50                SWPMI1_IRQHandler
                0x08000f50                LPTIM1_IRQHandler
                0x08000f50                SAI1_IRQHandler
                0x08000f50                DMA2_Channel3_IRQHandler
                0x08000f50                RTC_Alarm_IRQHandler
 .text.HAL_Init
                0x08000f52       0x30 ./Drivers/STM32L4xx_HAL_Driver/Src/stm32l4xx_hal.o
                0x08000f52                HAL_Init
 *fill*         0x08000f82        0x2 
 .text.HAL_InitTick
                0x08000f84       0x78 ./Drivers/STM32L4xx_HAL_Driver/Src/stm32l4xx_hal.o
                0x08000f84                HAL_InitTick
 .text.HAL_IncTick
                0x08000ffc       0x28 ./Drivers/STM32L4xx_HAL_Driver/Src/stm32l4xx_hal.o
                0x08000ffc                HAL_IncTick
 .text.HAL_GetTick
                0x08001024       0x18 ./Drivers/STM32L4xx_HAL_Driver/Src/stm32l4xx_hal.o
                0x08001024                HAL_GetTick
 .text.__NVIC_SetPriorityGrouping
                0x0800103c       0x48 ./Drivers/STM32L4xx_HAL_Driver/Src/stm32l4xx_hal_cortex.o
 .text.__NVIC_GetPriorityGrouping
                0x08001084       0x1c ./Drivers/STM32L4xx_HAL_Driver/Src/stm32l4xx_hal_cortex.o
 .text.__NVIC_SetPriority
                0x080010a0       0x54 ./Drivers/STM32L4xx_HAL_Driver/Src/stm32l4xx_hal_cortex.o
 .text.NVIC_EncodePriority
                0x080010f4       0x66 ./Drivers/STM32L4xx_HAL_Driver/Src/stm32l4xx_hal_cortex.o
 *fill*         0x0800115a        0x2 
 .text.SysTick_Config
                0x0800115c       0x44 ./Drivers/STM32L4xx_HAL_Driver/Src/stm32l4xx_hal_cortex.o
 .text.HAL_NVIC_SetPriorityGrouping
                0x080011a0       0x16 ./Drivers/STM32L4xx_HAL_Driver/Src/stm32l4xx_hal_cortex.o
                0x080011a0                HAL_NVIC_SetPriorityGrouping
 .text.HAL_NVIC_SetPriority
                0x080011b6       0x38 ./Drivers/STM32L4xx_HAL_Driver/Src/stm32l4xx_hal_cortex.o
                0x080011b6                HAL_NVIC_SetPriority
 .text.HAL_SYSTICK_Config
                0x080011ee       0x18 ./Drivers/STM32L4xx_HAL_Driver/Src/stm32l4xx_hal_cortex.o
                0x080011ee                HAL_SYSTICK_Config
 *fill*         0x08001206        0x2 
 .text.HAL_GPIO_Init
                0x08001208      0x354 ./Drivers/STM32L4xx_HAL_Driver/Src/stm32l4xx_hal_gpio.o
                0x08001208                HAL_GPIO_Init
 .text.HAL_GPIO_WritePin
                0x0800155c       0x30 ./Drivers/STM32L4xx_HAL_Driver/Src/stm32l4xx_hal_gpio.o
                0x0800155c                HAL_GPIO_WritePin
 .text.HAL_PCD_IRQHandler
                0x0800158c      0x92c ./Drivers/STM32L4xx_HAL_Driver/Src/stm32l4xx_hal_pcd.o
                0x0800158c                HAL_PCD_IRQHandler
 .text.HAL_PCD_SetAddress
                0x08001eb8       0x48 ./Drivers/STM32L4xx_HAL_Driver/Src/stm32l4xx_hal_pcd.o
                0x08001eb8                HAL_PCD_SetAddress
 .text.HAL_PCD_EP_Open
                0x08001f00       0xd4 ./Drivers/STM32L4xx_HAL_Driver/Src/stm32l4xx_hal_pcd.o
                0x08001f00                HAL_PCD_EP_Open
 .text.HAL_PCD_EP_Receive
                0x08001fd4       0x64 ./Drivers/STM32L4xx_HAL_Driver/Src/stm32l4xx_hal_pcd.o
                0x08001fd4                HAL_PCD_EP_Receive
 .text.HAL_PCD_EP_Transmit
                0x08002038       0x62 ./Drivers/STM32L4xx_HAL_Driver/Src/stm32l4xx_hal_pcd.o
                0x08002038                HAL_PCD_EP_Transmit
 .text.HAL_PCD_EP_SetStall
                0x0800209a       0xc4 ./Drivers/STM32L4xx_HAL_Driver/Src/stm32l4xx_hal_pcd.o
                0x0800209a                HAL_PCD_EP_SetStall
 .text.HAL_PCD_EP_ClrStall
                0x0800215e       0xac ./Drivers/STM32L4xx_HAL_Driver/Src/stm32l4xx_hal_pcd.o
                0x0800215e                HAL_PCD_EP_ClrStall
 .text.HAL_PCD_EP_Abort
                0x0800220a       0x62 ./Drivers/STM32L4xx_HAL_Driver/Src/stm32l4xx_hal_pcd.o
                0x0800220a                HAL_PCD_EP_Abort
 .text.PCD_WriteEmptyTxFifo
                0x0800226c      0x110 ./Drivers/STM32L4xx_HAL_Driver/Src/stm32l4xx_hal_pcd.o
 .text.PCD_EP_OutXfrComplete_int
                0x0800237c       0x9c ./Drivers/STM32L4xx_HAL_Driver/Src/stm32l4xx_hal_pcd.o
 .text.PCD_EP_OutSetupPacket_int
                0x08002418       0x68 ./Drivers/STM32L4xx_HAL_Driver/Src/stm32l4xx_hal_pcd.o
 .text.HAL_PWREx_GetVoltageRange
                0x08002480       0x1c ./Drivers/STM32L4xx_HAL_Driver/Src/stm32l4xx_hal_pwr_ex.o
                0x08002480                HAL_PWREx_GetVoltageRange
 .text.HAL_PWREx_ControlVoltageScaling
                0x0800249c       0xac ./Drivers/STM32L4xx_HAL_Driver/Src/stm32l4xx_hal_pwr_ex.o
                0x0800249c                HAL_PWREx_ControlVoltageScaling
 .text.HAL_RCC_OscConfig
                0x08002548      0x7b8 ./Drivers/STM32L4xx_HAL_Driver/Src/stm32l4xx_hal_rcc.o
                0x08002548                HAL_RCC_OscConfig
 .text.HAL_RCC_ClockConfig
                0x08002d00      0x200 ./Drivers/STM32L4xx_HAL_Driver/Src/stm32l4xx_hal_rcc.o
                0x08002d00                HAL_RCC_ClockConfig
 .text.HAL_RCC_GetSysClockFreq
                0x08002f00      0x114 ./Drivers/STM32L4xx_HAL_Driver/Src/stm32l4xx_hal_rcc.o
                0x08002f00                HAL_RCC_GetSysClockFreq
 .text.HAL_RCC_GetHCLKFreq
                0x08003014       0x18 ./Drivers/STM32L4xx_HAL_Driver/Src/stm32l4xx_hal_rcc.o
                0x08003014                HAL_RCC_GetHCLKFreq
 .text.HAL_RCC_GetPCLK1Freq
                0x0800302c       0x2c ./Drivers/STM32L4xx_HAL_Driver/Src/stm32l4xx_hal_rcc.o
                0x0800302c                HAL_RCC_GetPCLK1Freq
 .text.HAL_RCC_GetPCLK2Freq
                0x08003058       0x2c ./Drivers/STM32L4xx_HAL_Driver/Src/stm32l4xx_hal_rcc.o
                0x08003058                HAL_RCC_GetPCLK2Freq
 .text.RCC_SetFlashLatencyFromMSIRange
                0x08003084       0xc0 ./Drivers/STM32L4xx_HAL_Driver/Src/stm32l4xx_hal_rcc.o
 .text.HAL_RCCEx_PeriphCLKConfig
                0x08003144      0x5d4 ./Drivers/STM32L4xx_HAL_Driver/Src/stm32l4xx_hal_rcc_ex.o
                0x08003144                HAL_RCCEx_PeriphCLKConfig
 .text.RCCEx_PLLSAI1_Config
                0x08003718      0x1e8 ./Drivers/STM32L4xx_HAL_Driver/Src/stm32l4xx_hal_rcc_ex.o
 .text.RCCEx_PLLSAI2_Config
                0x08003900      0x1bc ./Drivers/STM32L4xx_HAL_Driver/Src/stm32l4xx_hal_rcc_ex.o
 .text.HAL_SPI_Init
                0x08003abc      0x146 ./Drivers/STM32L4xx_HAL_Driver/Src/stm32l4xx_hal_spi.o
                0x08003abc                HAL_SPI_Init
 .text.HAL_SPI_Transmit
                0x08003c02      0x2ec ./Drivers/STM32L4xx_HAL_Driver/Src/stm32l4xx_hal_spi.o
                0x08003c02                HAL_SPI_Transmit
 .text.HAL_SPI_Receive
                0x08003eee      0x270 ./Drivers/STM32L4xx_HAL_Driver/Src/stm32l4xx_hal_spi.o
                0x08003eee                HAL_SPI_Receive
 .text.HAL_SPI_TransmitReceive
                0x0800415e      0x43e ./Drivers/STM32L4xx_HAL_Driver/Src/stm32l4xx_hal_spi.o
                0x0800415e                HAL_SPI_TransmitReceive
 .text.SPI_WaitFlagStateUntilTimeout
                0x0800459c      0x110 ./Drivers/STM32L4xx_HAL_Driver/Src/stm32l4xx_hal_spi.o
 .text.SPI_WaitFifoStateUntilTimeout
                0x080046ac      0x12c ./Drivers/STM32L4xx_HAL_Driver/Src/stm32l4xx_hal_spi.o
 .text.SPI_EndRxTransaction
                0x080047d8       0xb0 ./Drivers/STM32L4xx_HAL_Driver/Src/stm32l4xx_hal_spi.o
 .text.SPI_EndRxTxTransaction
                0x08004888       0x8c ./Drivers/STM32L4xx_HAL_Driver/Src/stm32l4xx_hal_spi.o
 .text.HAL_UART_Init
                0x08004914       0x9c ./Drivers/STM32L4xx_HAL_Driver/Src/stm32l4xx_hal_uart.o
                0x08004914                HAL_UART_Init
 .text.UART_SetConfig
                0x080049b0      0x570 ./Drivers/STM32L4xx_HAL_Driver/Src/stm32l4xx_hal_uart.o
                0x080049b0                UART_SetConfig
 .text.UART_AdvFeatureConfig
                0x08004f20      0x144 ./Drivers/STM32L4xx_HAL_Driver/Src/stm32l4xx_hal_uart.o
                0x08004f20                UART_AdvFeatureConfig
 .text.UART_CheckIdleState
                0x08005064      0x150 ./Drivers/STM32L4xx_HAL_Driver/Src/stm32l4xx_hal_uart.o
                0x08005064                UART_CheckIdleState
 .text.UART_WaitOnFlagUntilTimeout
                0x080051b4       0xda ./Drivers/STM32L4xx_HAL_Driver/Src/stm32l4xx_hal_uart.o
                0x080051b4                UART_WaitOnFlagUntilTimeout
 .text.UART_EndRxTransfer
                0x0800528e       0xc8 ./Drivers/STM32L4xx_HAL_Driver/Src/stm32l4xx_hal_uart.o
 *fill*         0x08005356        0x2 
 .text.USB_SetTurnaroundTime
                0x08005358      0x138 ./Drivers/STM32L4xx_HAL_Driver/Src/stm32l4xx_ll_usb.o
                0x08005358                USB_SetTurnaroundTime
 .text.USB_FlushTxFifo
                0x08005490       0x64 ./Drivers/STM32L4xx_HAL_Driver/Src/stm32l4xx_ll_usb.o
                0x08005490                USB_FlushTxFifo
 .text.USB_GetDevSpeed
                0x080054f4       0x3e ./Drivers/STM32L4xx_HAL_Driver/Src/stm32l4xx_ll_usb.o
                0x080054f4                USB_GetDevSpeed
 .text.USB_ActivateEndpoint
                0x08005532      0x10e ./Drivers/STM32L4xx_HAL_Driver/Src/stm32l4xx_ll_usb.o
                0x08005532                USB_ActivateEndpoint
 .text.USB_EPStartXfer
                0x08005640      0x470 ./Drivers/STM32L4xx_HAL_Driver/Src/stm32l4xx_ll_usb.o
                0x08005640                USB_EPStartXfer
 .text.USB_EPStopXfer
                0x08005ab0      0x154 ./Drivers/STM32L4xx_HAL_Driver/Src/stm32l4xx_ll_usb.o
                0x08005ab0                USB_EPStopXfer
 .text.USB_WritePacket
                0x08005c04       0x74 ./Drivers/STM32L4xx_HAL_Driver/Src/stm32l4xx_ll_usb.o
                0x08005c04                USB_WritePacket
 .text.USB_ReadPacket
                0x08005c78       0xb0 ./Drivers/STM32L4xx_HAL_Driver/Src/stm32l4xx_ll_usb.o
                0x08005c78                USB_ReadPacket
 .text.USB_EPSetStall
                0x08005d28       0xdc ./Drivers/STM32L4xx_HAL_Driver/Src/stm32l4xx_ll_usb.o
                0x08005d28                USB_EPSetStall
 .text.USB_EPClearStall
                0x08005e04       0xcc ./Drivers/STM32L4xx_HAL_Driver/Src/stm32l4xx_ll_usb.o
                0x08005e04                USB_EPClearStall
 .text.USB_SetDevAddress
                0x08005ed0       0x4c ./Drivers/STM32L4xx_HAL_Driver/Src/stm32l4xx_ll_usb.o
                0x08005ed0                USB_SetDevAddress
 .text.USB_ReadInterrupts
                0x08005f1c       0x26 ./Drivers/STM32L4xx_HAL_Driver/Src/stm32l4xx_ll_usb.o
                0x08005f1c                USB_ReadInterrupts
 .text.USB_ReadDevAllOutEpInterrupt
                0x08005f42       0x34 ./Drivers/STM32L4xx_HAL_Driver/Src/stm32l4xx_ll_usb.o
                0x08005f42                USB_ReadDevAllOutEpInterrupt
 .text.USB_ReadDevAllInEpInterrupt
                0x08005f76       0x34 ./Drivers/STM32L4xx_HAL_Driver/Src/stm32l4xx_ll_usb.o
                0x08005f76                USB_ReadDevAllInEpInterrupt
 .text.USB_ReadDevOutEPInterrupt
                0x08005faa       0x3c ./Drivers/STM32L4xx_HAL_Driver/Src/stm32l4xx_ll_usb.o
                0x08005faa                USB_ReadDevOutEPInterrupt
 .text.USB_ReadDevInEPInterrupt
                0x08005fe6       0x5c ./Drivers/STM32L4xx_HAL_Driver/Src/stm32l4xx_ll_usb.o
                0x08005fe6                USB_ReadDevInEPInterrupt
 .text.USB_GetMode
                0x08006042       0x1c ./Drivers/STM32L4xx_HAL_Driver/Src/stm32l4xx_ll_usb.o
                0x08006042                USB_GetMode
 .text.USB_ActivateSetup
                0x0800605e       0x46 ./Drivers/STM32L4xx_HAL_Driver/Src/stm32l4xx_ll_usb.o
                0x0800605e                USB_ActivateSetup
 .text.USB_EP0_OutStart
                0x080060a4       0x90 ./Drivers/STM32L4xx_HAL_Driver/Src/stm32l4xx_ll_usb.o
                0x080060a4                USB_EP0_OutStart
 .text.USBD_RunTestMode
                0x08006134       0x16 ./Middlewares/ST/STM32_USB_Device_Library/Core/Src/usbd_core.o
                0x08006134                USBD_RunTestMode
 .text.USBD_SetClassConfig
                0x0800614a       0x38 ./Middlewares/ST/STM32_USB_Device_Library/Core/Src/usbd_core.o
                0x0800614a                USBD_SetClassConfig
 .text.USBD_ClrClassConfig
                0x08006182       0x34 ./Middlewares/ST/STM32_USB_Device_Library/Core/Src/usbd_core.o
                0x08006182                USBD_ClrClassConfig
 .text.USBD_LL_SetupStage
                0x080061b6       0xaa ./Middlewares/ST/STM32_USB_Device_Library/Core/Src/usbd_core.o
                0x080061b6                USBD_LL_SetupStage
 .text.USBD_LL_DataOutStage
                0x08006260      0x166 ./Middlewares/ST/STM32_USB_Device_Library/Core/Src/usbd_core.o
                0x08006260                USBD_LL_DataOutStage
 .text.USBD_LL_DataInStage
                0x080063c6      0x164 ./Middlewares/ST/STM32_USB_Device_Library/Core/Src/usbd_core.o
                0x080063c6                USBD_LL_DataInStage
 .text.USBD_LL_Reset
                0x0800652a       0xa4 ./Middlewares/ST/STM32_USB_Device_Library/Core/Src/usbd_core.o
                0x0800652a                USBD_LL_Reset
 .text.USBD_LL_SetSpeed
                0x080065ce       0x20 ./Middlewares/ST/STM32_USB_Device_Library/Core/Src/usbd_core.o
                0x080065ce                USBD_LL_SetSpeed
 .text.USBD_LL_Suspend
                0x080065ee       0x38 ./Middlewares/ST/STM32_USB_Device_Library/Core/Src/usbd_core.o
                0x080065ee                USBD_LL_Suspend
 .text.USBD_LL_Resume
                0x08006626       0x30 ./Middlewares/ST/STM32_USB_Device_Library/Core/Src/usbd_core.o
                0x08006626                USBD_LL_Resume
 .text.USBD_LL_SOF
                0x08006656       0x40 ./Middlewares/ST/STM32_USB_Device_Library/Core/Src/usbd_core.o
                0x08006656                USBD_LL_SOF
 .text.USBD_LL_IsoINIncomplete
                0x08006696       0x64 ./Middlewares/ST/STM32_USB_Device_Library/Core/Src/usbd_core.o
                0x08006696                USBD_LL_IsoINIncomplete
 .text.USBD_LL_IsoOUTIncomplete
                0x080066fa       0x64 ./Middlewares/ST/STM32_USB_Device_Library/Core/Src/usbd_core.o
                0x080066fa                USBD_LL_IsoOUTIncomplete
 .text.USBD_LL_DevConnected
                0x0800675e       0x16 ./Middlewares/ST/STM32_USB_Device_Library/Core/Src/usbd_core.o
                0x0800675e                USBD_LL_DevConnected
 .text.USBD_LL_DevDisconnected
                0x08006774       0x46 ./Middlewares/ST/STM32_USB_Device_Library/Core/Src/usbd_core.o
                0x08006774                USBD_LL_DevDisconnected
 .text.USBD_CoreFindIF
                0x080067ba       0x1a ./Middlewares/ST/STM32_USB_Device_Library/Core/Src/usbd_core.o
                0x080067ba                USBD_CoreFindIF
 .text.USBD_CoreFindEP
                0x080067d4       0x1a ./Middlewares/ST/STM32_USB_Device_Library/Core/Src/usbd_core.o
                0x080067d4                USBD_CoreFindEP
 .text.SWAPBYTE
                0x080067ee       0x3c ./Middlewares/ST/STM32_USB_Device_Library/Core/Src/usbd_ctlreq.o
 *fill*         0x0800682a        0x2 
 .text.USBD_StdDevReq
                0x0800682c       0xe4 ./Middlewares/ST/STM32_USB_Device_Library/Core/Src/usbd_ctlreq.o
                0x0800682c                USBD_StdDevReq
 .text.USBD_StdItfReq
                0x08006910       0xd8 ./Middlewares/ST/STM32_USB_Device_Library/Core/Src/usbd_ctlreq.o
                0x08006910                USBD_StdItfReq
 .text.USBD_StdEPReq
                0x080069e8      0x33a ./Middlewares/ST/STM32_USB_Device_Library/Core/Src/usbd_ctlreq.o
                0x080069e8                USBD_StdEPReq
 *fill*         0x08006d22        0x2 
 .text.USBD_GetDescriptor
                0x08006d24      0x328 ./Middlewares/ST/STM32_USB_Device_Library/Core/Src/usbd_ctlreq.o
 .text.USBD_SetAddress
                0x0800704c       0x88 ./Middlewares/ST/STM32_USB_Device_Library/Core/Src/usbd_ctlreq.o
 .text.USBD_SetConfig
                0x080070d4      0x154 ./Middlewares/ST/STM32_USB_Device_Library/Core/Src/usbd_ctlreq.o
 .text.USBD_GetConfig
                0x08007228       0x6c ./Middlewares/ST/STM32_USB_Device_Library/Core/Src/usbd_ctlreq.o
 .text.USBD_GetStatus
                0x08007294       0x68 ./Middlewares/ST/STM32_USB_Device_Library/Core/Src/usbd_ctlreq.o
 .text.USBD_SetFeature
                0x080072fc       0x52 ./Middlewares/ST/STM32_USB_Device_Library/Core/Src/usbd_ctlreq.o
 .text.USBD_ClrFeature
                0x0800734e       0x44 ./Middlewares/ST/STM32_USB_Device_Library/Core/Src/usbd_ctlreq.o
 .text.USBD_ParseSetupRequest
                0x08007392       0x74 ./Middlewares/ST/STM32_USB_Device_Library/Core/Src/usbd_ctlreq.o
                0x08007392                USBD_ParseSetupRequest
 .text.USBD_CtlError
                0x08007406       0x22 ./Middlewares/ST/STM32_USB_Device_Library/Core/Src/usbd_ctlreq.o
                0x08007406                USBD_CtlError
 .text.USBD_CtlSendData
                0x08007428       0x36 ./Middlewares/ST/STM32_USB_Device_Library/Core/Src/usbd_ioreq.o
                0x08007428                USBD_CtlSendData
 .text.USBD_CtlContinueSendData
                0x0800745e       0x22 ./Middlewares/ST/STM32_USB_Device_Library/Core/Src/usbd_ioreq.o
                0x0800745e                USBD_CtlContinueSendData
 .text.USBD_CtlContinueRx
                0x08007480       0x22 ./Middlewares/ST/STM32_USB_Device_Library/Core/Src/usbd_ioreq.o
                0x08007480                USBD_CtlContinueRx
 .text.USBD_CtlSendStatus
                0x080074a2       0x26 ./Middlewares/ST/STM32_USB_Device_Library/Core/Src/usbd_ioreq.o
                0x080074a2                USBD_CtlSendStatus
 .text.USBD_CtlReceiveStatus
                0x080074c8       0x26 ./Middlewares/ST/STM32_USB_Device_Library/Core/Src/usbd_ioreq.o
                0x080074c8                USBD_CtlReceiveStatus
 .text.HAL_PCD_SetupStageCallback
                0x080074ee       0x24 ./USB_DEVICE/Target/usbd_conf.o
                0x080074ee                HAL_PCD_SetupStageCallback
 .text.HAL_PCD_DataOutStageCallback
                0x08007512       0x36 ./USB_DEVICE/Target/usbd_conf.o
                0x08007512                HAL_PCD_DataOutStageCallback
 .text.HAL_PCD_DataInStageCallback
                0x08007548       0x34 ./USB_DEVICE/Target/usbd_conf.o
                0x08007548                HAL_PCD_DataInStageCallback
 .text.HAL_PCD_SOFCallback
                0x0800757c       0x1c ./USB_DEVICE/Target/usbd_conf.o
                0x0800757c                HAL_PCD_SOFCallback
 .text.HAL_PCD_ResetCallback
                0x08007598       0x3c ./USB_DEVICE/Target/usbd_conf.o
                0x08007598                HAL_PCD_ResetCallback
 .text.HAL_PCD_SuspendCallback
                0x080075d4       0x4c ./USB_DEVICE/Target/usbd_conf.o
                0x080075d4                HAL_PCD_SuspendCallback
 .text.HAL_PCD_ResumeCallback
                0x08007620       0x50 ./USB_DEVICE/Target/usbd_conf.o
                0x08007620                HAL_PCD_ResumeCallback
 .text.HAL_PCD_ISOOUTIncompleteCallback
                0x08007670       0x24 ./USB_DEVICE/Target/usbd_conf.o
                0x08007670                HAL_PCD_ISOOUTIncompleteCallback
 .text.HAL_PCD_ISOINIncompleteCallback
                0x08007694       0x24 ./USB_DEVICE/Target/usbd_conf.o
                0x08007694                HAL_PCD_ISOINIncompleteCallback
 .text.HAL_PCD_ConnectCallback
                0x080076b8       0x1c ./USB_DEVICE/Target/usbd_conf.o
                0x080076b8                HAL_PCD_ConnectCallback
 .text.HAL_PCD_DisconnectCallback
                0x080076d4       0x1c ./USB_DEVICE/Target/usbd_conf.o
                0x080076d4                HAL_PCD_DisconnectCallback
 .text.USBD_LL_OpenEP
                0x080076f0       0x7c ./USB_DEVICE/Target/usbd_conf.o
                0x080076f0                USBD_LL_OpenEP
 .text.USBD_LL_StallEP
                0x0800776c       0x6c ./USB_DEVICE/Target/usbd_conf.o
                0x0800776c                USBD_LL_StallEP
 .text.USBD_LL_ClearStallEP
                0x080077d8       0x6c ./USB_DEVICE/Target/usbd_conf.o
                0x080077d8                USBD_LL_ClearStallEP
 .text.USBD_LL_IsStallEP
                0x08007844       0x58 ./USB_DEVICE/Target/usbd_conf.o
                0x08007844                USBD_LL_IsStallEP
 .text.USBD_LL_SetUSBAddress
                0x0800789c       0x6c ./USB_DEVICE/Target/usbd_conf.o
                0x0800789c                USBD_LL_SetUSBAddress
 .text.USBD_LL_Transmit
                0x08007908       0x70 ./USB_DEVICE/Target/usbd_conf.o
                0x08007908                USBD_LL_Transmit
 .text.USBD_LL_PrepareReceive
                0x08007978       0x70 ./USB_DEVICE/Target/usbd_conf.o
                0x08007978                USBD_LL_PrepareReceive
 .text.HAL_PCDEx_LPM_Callback
                0x080079e8       0x9c ./USB_DEVICE/Target/usbd_conf.o
                0x080079e8                HAL_PCDEx_LPM_Callback
 .text.SystemClockConfig_Resume
                0x08007a84        0xc ./USB_DEVICE/Target/usbd_conf.o
 .text.memset   0x08007a90       0x10 /Applications/STM32CubeIDE.app/Contents/Eclipse/plugins/com.st.stm32cube.ide.mcu.externaltools.gnu-tools-for-stm32.12.3.rel1.macos64_1.0.200.202406191456/tools/bin/../lib/gcc/arm-none-eabi/12.3.1/../../../../arm-none-eabi/lib/thumb/v7e-m+fp/hard/libc_nano.a(libc_a-memset.o)
                0x08007a90                memset
 .text.__libc_init_array
                0x08007aa0       0x48 /Applications/STM32CubeIDE.app/Contents/Eclipse/plugins/com.st.stm32cube.ide.mcu.externaltools.gnu-tools-for-stm32.12.3.rel1.macos64_1.0.200.202406191456/tools/bin/../lib/gcc/arm-none-eabi/12.3.1/../../../../arm-none-eabi/lib/thumb/v7e-m+fp/hard/libc_nano.a(libc_a-init.o)
                0x08007aa0                __libc_init_array
 *(.glue_7)
 .glue_7        0x08007ae8        0x0 linker stubs
 *(.glue_7t)
 .glue_7t       0x08007ae8        0x0 linker stubs
 *(.eh_frame)
 .eh_frame      0x08007ae8        0x0 /Applications/STM32CubeIDE.app/Contents/Eclipse/plugins/com.st.stm32cube.ide.mcu.externaltools.gnu-tools-for-stm32.12.3.rel1.macos64_1.0.200.202406191456/tools/bin/../lib/gcc/arm-none-eabi/12.3.1/thumb/v7e-m+fp/hard/crtbegin.o
 *(.init)
 .init          0x08007ae8        0x4 /Applications/STM32CubeIDE.app/Contents/Eclipse/plugins/com.st.stm32cube.ide.mcu.externaltools.gnu-tools-for-stm32.12.3.rel1.macos64_1.0.200.202406191456/tools/bin/../lib/gcc/arm-none-eabi/12.3.1/thumb/v7e-m+fp/hard/crti.o
                0x08007ae8                _init
 .init          0x08007aec        0x8 /Applications/STM32CubeIDE.app/Contents/Eclipse/plugins/com.st.stm32cube.ide.mcu.externaltools.gnu-tools-for-stm32.12.3.rel1.macos64_1.0.200.202406191456/tools/bin/../lib/gcc/arm-none-eabi/12.3.1/thumb/v7e-m+fp/hard/crtn.o
 *(.fini)
 .fini          0x08007af4        0x4 /Applications/STM32CubeIDE.app/Contents/Eclipse/plugins/com.st.stm32cube.ide.mcu.externaltools.gnu-tools-for-stm32.12.3.rel1.macos64_1.0.200.202406191456/tools/bin/../lib/gcc/arm-none-eabi/12.3.1/thumb/v7e-m+fp/hard/crti.o
                0x08007af4                _fini
 .fini          0x08007af8        0x8 /Applications/STM32CubeIDE.app/Contents/Eclipse/plugins/com.st.stm32cube.ide.mcu.externaltools.gnu-tools-for-stm32.12.3.rel1.macos64_1.0.200.202406191456/tools/bin/../lib/gcc/arm-none-eabi/12.3.1/thumb/v7e-m+fp/hard/crtn.o
                0x08007b00                        . = ALIGN (0x4)
                0x08007b00                        _etext = .

.vfp11_veneer   0x08007b00        0x0
 .vfp11_veneer  0x08007b00        0x0 linker stubs

.v4_bx          0x08007b00        0x0
 .v4_bx         0x08007b00        0x0 linker stubs

.iplt           0x08007b00        0x0
 .iplt          0x08007b00        0x0 /Applications/STM32CubeIDE.app/Contents/Eclipse/plugins/com.st.stm32cube.ide.mcu.externaltools.gnu-tools-for-stm32.12.3.rel1.macos64_1.0.200.202406191456/tools/bin/../lib/gcc/arm-none-eabi/12.3.1/thumb/v7e-m+fp/hard/crtbegin.o

.rodata         0x08007b00       0x48
                0x08007b00                        . = ALIGN (0x4)
 *(.rodata)
 *(.rodata*)
 .rodata.AHBPrescTable
                0x08007b00       0x10 ./Core/Src/system_stm32l4xx.o
                0x08007b00                AHBPrescTable
 .rodata.APBPrescTable
                0x08007b10        0x8 ./Core/Src/system_stm32l4xx.o
                0x08007b10                APBPrescTable
 .rodata.MSIRangeTable
                0x08007b18       0x30 ./Core/Src/system_stm32l4xx.o
                0x08007b18                MSIRangeTable
                0x08007b48                        . = ALIGN (0x4)

.ARM.extab      0x08007b48        0x0
                0x08007b48                        . = ALIGN (0x4)
 *(.ARM.extab* .gnu.linkonce.armextab.*)
                0x08007b48                        . = ALIGN (0x4)

.ARM            0x08007b48        0x8
                0x08007b48                        . = ALIGN (0x4)
                0x08007b48                        __exidx_start = .
 *(.ARM.exidx*)
 .ARM.exidx     0x08007b48        0x8 /Applications/STM32CubeIDE.app/Contents/Eclipse/plugins/com.st.stm32cube.ide.mcu.externaltools.gnu-tools-for-stm32.12.3.rel1.macos64_1.0.200.202406191456/tools/bin/../lib/gcc/arm-none-eabi/12.3.1/thumb/v7e-m+fp/hard/libgcc.a(_udivmoddi4.o)
                0x08007b50                        __exidx_end = .
                0x08007b50                        . = ALIGN (0x4)

.preinit_array  0x08007b50        0x0
                0x08007b50                        . = ALIGN (0x4)
                0x08007b50                        PROVIDE (__preinit_array_start = .)
 *(.preinit_array*)
                0x08007b50                        PROVIDE (__preinit_array_end = .)
                0x08007b50                        . = ALIGN (0x4)

.init_array     0x08007b50        0x4
                0x08007b50                        . = ALIGN (0x4)
                0x08007b50                        PROVIDE (__init_array_start = .)
 *(SORT_BY_NAME(.init_array.*))
 *(.init_array*)
 .init_array    0x08007b50        0x4 /Applications/STM32CubeIDE.app/Contents/Eclipse/plugins/com.st.stm32cube.ide.mcu.externaltools.gnu-tools-for-stm32.12.3.rel1.macos64_1.0.200.202406191456/tools/bin/../lib/gcc/arm-none-eabi/12.3.1/thumb/v7e-m+fp/hard/crtbegin.o
                0x08007b54                        PROVIDE (__init_array_end = .)
                0x08007b54                        . = ALIGN (0x4)

.fini_array     0x08007b54        0x4
                0x08007b54                        . = ALIGN (0x4)
                [!provide]                        PROVIDE (__fini_array_start = .)
 *(SORT_BY_NAME(.fini_array.*))
 *(.fini_array*)
 .fini_array    0x08007b54        0x4 /Applications/STM32CubeIDE.app/Contents/Eclipse/plugins/com.st.stm32cube.ide.mcu.externaltools.gnu-tools-for-stm32.12.3.rel1.macos64_1.0.200.202406191456/tools/bin/../lib/gcc/arm-none-eabi/12.3.1/thumb/v7e-m+fp/hard/crtbegin.o
                [!provide]                        PROVIDE (__fini_array_end = .)
                0x08007b58                        . = ALIGN (0x4)
                0x08007b58                        _sidata = LOADADDR (.data)

.rel.dyn        0x08007b58        0x0
 .rel.iplt      0x08007b58        0x0 /Applications/STM32CubeIDE.app/Contents/Eclipse/plugins/com.st.stm32cube.ide.mcu.externaltools.gnu-tools-for-stm32.12.3.rel1.macos64_1.0.200.202406191456/tools/bin/../lib/gcc/arm-none-eabi/12.3.1/thumb/v7e-m+fp/hard/crtbegin.o

.data           0x20000000        0xc load address 0x08007b58
                0x20000000                        . = ALIGN (0x4)
                0x20000000                        _sdata = .
 *(.data)
 *(.data*)
 .data.SystemCoreClock
                0x20000000        0x4 ./Core/Src/system_stm32l4xx.o
                0x20000000                SystemCoreClock
 .data.uwTickPrio
                0x20000004        0x4 ./Drivers/STM32L4xx_HAL_Driver/Src/stm32l4xx_hal.o
                0x20000004                uwTickPrio
 .data.uwTickFreq
                0x20000008        0x1 ./Drivers/STM32L4xx_HAL_Driver/Src/stm32l4xx_hal.o
                0x20000008                uwTickFreq
 *(.RamFunc)
 *(.RamFunc*)
                0x2000000c                        . = ALIGN (0x4)
 *fill*         0x20000009        0x3 
                0x2000000c                        _edata = .

.igot.plt       0x2000000c        0x0 load address 0x08007b64
 .igot.plt      0x2000000c        0x0 /Applications/STM32CubeIDE.app/Contents/Eclipse/plugins/com.st.stm32cube.ide.mcu.externaltools.gnu-tools-for-stm32.12.3.rel1.macos64_1.0.200.202406191456/tools/bin/../lib/gcc/arm-none-eabi/12.3.1/thumb/v7e-m+fp/hard/crtbegin.o
                0x2000000c                        . = ALIGN (0x4)

.bss            0x2000000c      0x5f4 load address 0x08007b64
                0x2000000c                        _sbss = .
                0x2000000c                        __bss_start__ = _sbss
 *(.bss)
 .bss           0x2000000c       0x1c /Applications/STM32CubeIDE.app/Contents/Eclipse/plugins/com.st.stm32cube.ide.mcu.externaltools.gnu-tools-for-stm32.12.3.rel1.macos64_1.0.200.202406191456/tools/bin/../lib/gcc/arm-none-eabi/12.3.1/thumb/v7e-m+fp/hard/crtbegin.o
 *(.bss*)
 .bss.hspi1     0x20000028       0x64 ./Core/Src/main.o
                0x20000028                hspi1
 .bss.huart1    0x2000008c       0x88 ./Core/Src/main.o
                0x2000008c                huart1
 .bss.uwTick    0x20000114        0x4 ./Drivers/STM32L4xx_HAL_Driver/Src/stm32l4xx_hal.o
                0x20000114                uwTick
 .bss.cfgidx.0  0x20000118        0x1 ./Middlewares/ST/STM32_USB_Device_Library/Core/Src/usbd_ctlreq.o
 *fill*         0x20000119        0x3 
 .bss.hpcd_USB_OTG_FS
                0x2000011c      0x4e4 ./USB_DEVICE/Target/usbd_conf.o
                0x2000011c                hpcd_USB_OTG_FS
 *(COMMON)
                0x20000600                        . = ALIGN (0x4)
                0x20000600                        _ebss = .
                0x20000600                        __bss_end__ = _ebss

._user_heap_stack
                0x20000600      0x600 load address 0x08007b64
                0x20000600                        . = ALIGN (0x8)
                [!provide]                        PROVIDE (end = .)
                0x20000600                        PROVIDE (_end = .)
                0x20000800                        . = (. + _Min_Heap_Size)
 *fill*         0x20000600      0x200 
                0x20000c00                        . = (. + _Min_Stack_Size)
 *fill*         0x20000800      0x400 
                0x20000c00                        . = ALIGN (0x8)

/DISCARD/
 libc.a(*)
 libm.a(*)
 libgcc.a(*)

.ARM.attributes
                0x00000000       0x30
 *(.ARM.attributes)
 .ARM.attributes
                0x00000000       0x22 /Applications/STM32CubeIDE.app/Contents/Eclipse/plugins/com.st.stm32cube.ide.mcu.externaltools.gnu-tools-for-stm32.12.3.rel1.macos64_1.0.200.202406191456/tools/bin/../lib/gcc/arm-none-eabi/12.3.1/thumb/v7e-m+fp/hard/crti.o
 .ARM.attributes
                0x00000022       0x34 /Applications/STM32CubeIDE.app/Contents/Eclipse/plugins/com.st.stm32cube.ide.mcu.externaltools.gnu-tools-for-stm32.12.3.rel1.macos64_1.0.200.202406191456/tools/bin/../lib/gcc/arm-none-eabi/12.3.1/thumb/v7e-m+fp/hard/crtbegin.o
 .ARM.attributes
                0x00000056       0x34 ./Core/Src/DACx1416.o
 .ARM.attributes
                0x0000008a       0x34 ./Core/Src/main.o
 .ARM.attributes
                0x000000be       0x34 ./Core/Src/stm32l4xx_hal_msp.o
 .ARM.attributes
                0x000000f2       0x34 ./Core/Src/stm32l4xx_it.o
 .ARM.attributes
                0x00000126       0x34 ./Core/Src/system_stm32l4xx.o
 .ARM.attributes
                0x0000015a       0x21 ./Core/Startup/startup_stm32l476rgtx.o
 .ARM.attributes
                0x0000017b       0x34 ./Drivers/STM32L4xx_HAL_Driver/Src/stm32l4xx_hal.o
 .ARM.attributes
                0x000001af       0x34 ./Drivers/STM32L4xx_HAL_Driver/Src/stm32l4xx_hal_cortex.o
 .ARM.attributes
                0x000001e3       0x34 ./Drivers/STM32L4xx_HAL_Driver/Src/stm32l4xx_hal_gpio.o
 .ARM.attributes
                0x00000217       0x34 ./Drivers/STM32L4xx_HAL_Driver/Src/stm32l4xx_hal_pcd.o
 .ARM.attributes
                0x0000024b       0x34 ./Drivers/STM32L4xx_HAL_Driver/Src/stm32l4xx_hal_pwr_ex.o
 .ARM.attributes
                0x0000027f       0x34 ./Drivers/STM32L4xx_HAL_Driver/Src/stm32l4xx_hal_rcc.o
 .ARM.attributes
                0x000002b3       0x34 ./Drivers/STM32L4xx_HAL_Driver/Src/stm32l4xx_hal_rcc_ex.o
 .ARM.attributes
                0x000002e7       0x34 ./Drivers/STM32L4xx_HAL_Driver/Src/stm32l4xx_hal_spi.o
 .ARM.attributes
                0x0000031b       0x34 ./Drivers/STM32L4xx_HAL_Driver/Src/stm32l4xx_hal_uart.o
 .ARM.attributes
                0x0000034f       0x34 ./Drivers/STM32L4xx_HAL_Driver/Src/stm32l4xx_ll_usb.o
 .ARM.attributes
                0x00000383       0x34 ./Middlewares/ST/STM32_USB_Device_Library/Core/Src/usbd_core.o
 .ARM.attributes
                0x000003b7       0x34 ./Middlewares/ST/STM32_USB_Device_Library/Core/Src/usbd_ctlreq.o
 .ARM.attributes
                0x000003eb       0x34 ./Middlewares/ST/STM32_USB_Device_Library/Core/Src/usbd_ioreq.o
 .ARM.attributes
                0x0000041f       0x34 ./USB_DEVICE/Target/usbd_conf.o
 .ARM.attributes
                0x00000453       0x34 /Applications/STM32CubeIDE.app/Contents/Eclipse/plugins/com.st.stm32cube.ide.mcu.externaltools.gnu-tools-for-stm32.12.3.rel1.macos64_1.0.200.202406191456/tools/bin/../lib/gcc/arm-none-eabi/12.3.1/../../../../arm-none-eabi/lib/thumb/v7e-m+fp/hard/libc_nano.a(libc_a-memset.o)
 .ARM.attributes
                0x00000487       0x34 /Applications/STM32CubeIDE.app/Contents/Eclipse/plugins/com.st.stm32cube.ide.mcu.externaltools.gnu-tools-for-stm32.12.3.rel1.macos64_1.0.200.202406191456/tools/bin/../lib/gcc/arm-none-eabi/12.3.1/../../../../arm-none-eabi/lib/thumb/v7e-m+fp/hard/libc_nano.a(libc_a-init.o)
 .ARM.attributes
                0x000004bb       0x22 /Applications/STM32CubeIDE.app/Contents/Eclipse/plugins/com.st.stm32cube.ide.mcu.externaltools.gnu-tools-for-stm32.12.3.rel1.macos64_1.0.200.202406191456/tools/bin/../lib/gcc/arm-none-eabi/12.3.1/thumb/v7e-m+fp/hard/libgcc.a(_aeabi_uldivmod.o)
 .ARM.attributes
                0x000004dd       0x34 /Applications/STM32CubeIDE.app/Contents/Eclipse/plugins/com.st.stm32cube.ide.mcu.externaltools.gnu-tools-for-stm32.12.3.rel1.macos64_1.0.200.202406191456/tools/bin/../lib/gcc/arm-none-eabi/12.3.1/thumb/v7e-m+fp/hard/libgcc.a(_udivmoddi4.o)
 .ARM.attributes
                0x00000511       0x22 /Applications/STM32CubeIDE.app/Contents/Eclipse/plugins/com.st.stm32cube.ide.mcu.externaltools.gnu-tools-for-stm32.12.3.rel1.macos64_1.0.200.202406191456/tools/bin/../lib/gcc/arm-none-eabi/12.3.1/thumb/v7e-m+fp/hard/libgcc.a(_dvmd_tls.o)
 .ARM.attributes
                0x00000533       0x22 /Applications/STM32CubeIDE.app/Contents/Eclipse/plugins/com.st.stm32cube.ide.mcu.externaltools.gnu-tools-for-stm32.12.3.rel1.macos64_1.0.200.202406191456/tools/bin/../lib/gcc/arm-none-eabi/12.3.1/thumb/v7e-m+fp/hard/crtn.o
OUTPUT(kingfisher-DAC16.elf elf32-littlearm)
LOAD linker stubs
LOAD /Applications/STM32CubeIDE.app/Contents/Eclipse/plugins/com.st.stm32cube.ide.mcu.externaltools.gnu-tools-for-stm32.12.3.rel1.macos64_1.0.200.202406191456/tools/bin/../lib/gcc/arm-none-eabi/12.3.1/../../../../arm-none-eabi/lib/thumb/v7e-m+fp/hard/libc.a
LOAD /Applications/STM32CubeIDE.app/Contents/Eclipse/plugins/com.st.stm32cube.ide.mcu.externaltools.gnu-tools-for-stm32.12.3.rel1.macos64_1.0.200.202406191456/tools/bin/../lib/gcc/arm-none-eabi/12.3.1/../../../../arm-none-eabi/lib/thumb/v7e-m+fp/hard/libm.a
LOAD /Applications/STM32CubeIDE.app/Contents/Eclipse/plugins/com.st.stm32cube.ide.mcu.externaltools.gnu-tools-for-stm32.12.3.rel1.macos64_1.0.200.202406191456/tools/bin/../lib/gcc/arm-none-eabi/12.3.1/thumb/v7e-m+fp/hard/libgcc.a

.debug_info     0x00000000    0x1485a
 .debug_info    0x00000000     0x15c3 ./Core/Src/DACx1416.o
 .debug_info    0x000015c3     0x1286 ./Core/Src/main.o
 .debug_info    0x00002849     0x1028 ./Core/Src/stm32l4xx_hal_msp.o
 .debug_info    0x00003871      0x69f ./Core/Src/stm32l4xx_it.o
 .debug_info    0x00003f10      0x5b1 ./Core/Src/system_stm32l4xx.o
 .debug_info    0x000044c1       0x30 ./Core/Startup/startup_stm32l476rgtx.o
 .debug_info    0x000044f1      0xaeb ./Drivers/STM32L4xx_HAL_Driver/Src/stm32l4xx_hal.o
 .debug_info    0x00004fdc      0xd81 ./Drivers/STM32L4xx_HAL_Driver/Src/stm32l4xx_hal_cortex.o
 .debug_info    0x00005d5d      0x757 ./Drivers/STM32L4xx_HAL_Driver/Src/stm32l4xx_hal_gpio.o
 .debug_info    0x000064b4     0x14d6 ./Drivers/STM32L4xx_HAL_Driver/Src/stm32l4xx_hal_pcd.o
 .debug_info    0x0000798a      0x99e ./Drivers/STM32L4xx_HAL_Driver/Src/stm32l4xx_hal_pwr_ex.o
 .debug_info    0x00008328      0xc14 ./Drivers/STM32L4xx_HAL_Driver/Src/stm32l4xx_hal_rcc.o
 .debug_info    0x00008f3c      0xe11 ./Drivers/STM32L4xx_HAL_Driver/Src/stm32l4xx_hal_rcc_ex.o
 .debug_info    0x00009d4d     0x1549 ./Drivers/STM32L4xx_HAL_Driver/Src/stm32l4xx_hal_spi.o
 .debug_info    0x0000b296     0x3b69 ./Drivers/STM32L4xx_HAL_Driver/Src/stm32l4xx_hal_uart.o
 .debug_info    0x0000edff     0x1994 ./Drivers/STM32L4xx_HAL_Driver/Src/stm32l4xx_ll_usb.o
 .debug_info    0x00010793      0xe12 ./Middlewares/ST/STM32_USB_Device_Library/Core/Src/usbd_core.o
 .debug_info    0x000115a5      0xaeb ./Middlewares/ST/STM32_USB_Device_Library/Core/Src/usbd_ctlreq.o
 .debug_info    0x00012090      0x762 ./Middlewares/ST/STM32_USB_Device_Library/Core/Src/usbd_ioreq.o
 .debug_info    0x000127f2     0x2068 ./USB_DEVICE/Target/usbd_conf.o

.debug_abbrev   0x00000000     0x2d58
 .debug_abbrev  0x00000000      0x2bd ./Core/Src/DACx1416.o
 .debug_abbrev  0x000002bd      0x2bf ./Core/Src/main.o
 .debug_abbrev  0x0000057c      0x1d3 ./Core/Src/stm32l4xx_hal_msp.o
 .debug_abbrev  0x0000074f      0x1a4 ./Core/Src/stm32l4xx_it.o
 .debug_abbrev  0x000008f3      0x11a ./Core/Src/system_stm32l4xx.o
 .debug_abbrev  0x00000a0d       0x24 ./Core/Startup/startup_stm32l476rgtx.o
 .debug_abbrev  0x00000a31      0x242 ./Drivers/STM32L4xx_HAL_Driver/Src/stm32l4xx_hal.o
 .debug_abbrev  0x00000c73      0x31c ./Drivers/STM32L4xx_HAL_Driver/Src/stm32l4xx_hal_cortex.o
 .debug_abbrev  0x00000f8f      0x1cb ./Drivers/STM32L4xx_HAL_Driver/Src/stm32l4xx_hal_gpio.o
 .debug_abbrev  0x0000115a      0x2da ./Drivers/STM32L4xx_HAL_Driver/Src/stm32l4xx_hal_pcd.o
 .debug_abbrev  0x00001434      0x1f9 ./Drivers/STM32L4xx_HAL_Driver/Src/stm32l4xx_hal_pwr_ex.o
 .debug_abbrev  0x0000162d      0x2cb ./Drivers/STM32L4xx_HAL_Driver/Src/stm32l4xx_hal_rcc.o
 .debug_abbrev  0x000018f8      0x2a6 ./Drivers/STM32L4xx_HAL_Driver/Src/stm32l4xx_hal_rcc_ex.o
 .debug_abbrev  0x00001b9e      0x260 ./Drivers/STM32L4xx_HAL_Driver/Src/stm32l4xx_hal_spi.o
 .debug_abbrev  0x00001dfe      0x2d0 ./Drivers/STM32L4xx_HAL_Driver/Src/stm32l4xx_hal_uart.o
 .debug_abbrev  0x000020ce      0x2b1 ./Drivers/STM32L4xx_HAL_Driver/Src/stm32l4xx_ll_usb.o
 .debug_abbrev  0x0000237f      0x27c ./Middlewares/ST/STM32_USB_Device_Library/Core/Src/usbd_core.o
 .debug_abbrev  0x000025fb      0x26f ./Middlewares/ST/STM32_USB_Device_Library/Core/Src/usbd_ctlreq.o
 .debug_abbrev  0x0000286a      0x19a ./Middlewares/ST/STM32_USB_Device_Library/Core/Src/usbd_ioreq.o
 .debug_abbrev  0x00002a04      0x354 ./USB_DEVICE/Target/usbd_conf.o

.debug_aranges  0x00000000     0x1148
 .debug_aranges
                0x00000000      0x100 ./Core/Src/DACx1416.o
 .debug_aranges
                0x00000100       0x48 ./Core/Src/main.o
 .debug_aranges
                0x00000148       0x40 ./Core/Src/stm32l4xx_hal_msp.o
 .debug_aranges
                0x00000188       0x68 ./Core/Src/stm32l4xx_it.o
 .debug_aranges
                0x000001f0       0x28 ./Core/Src/system_stm32l4xx.o
 .debug_aranges
                0x00000218       0x28 ./Core/Startup/startup_stm32l476rgtx.o
 .debug_aranges
                0x00000240      0x130 ./Drivers/STM32L4xx_HAL_Driver/Src/stm32l4xx_hal.o
 .debug_aranges
                0x00000370      0x128 ./Drivers/STM32L4xx_HAL_Driver/Src/stm32l4xx_hal_cortex.o
 .debug_aranges
                0x00000498       0x58 ./Drivers/STM32L4xx_HAL_Driver/Src/stm32l4xx_hal_gpio.o
 .debug_aranges
                0x000004f0      0x138 ./Drivers/STM32L4xx_HAL_Driver/Src/stm32l4xx_hal_pcd.o
 .debug_aranges
                0x00000628      0x160 ./Drivers/STM32L4xx_HAL_Driver/Src/stm32l4xx_hal_pwr_ex.o
 .debug_aranges
                0x00000788       0x90 ./Drivers/STM32L4xx_HAL_Driver/Src/stm32l4xx_hal_rcc.o
 .debug_aranges
                0x00000818       0xc0 ./Drivers/STM32L4xx_HAL_Driver/Src/stm32l4xx_hal_rcc_ex.o
 .debug_aranges
                0x000008d8      0x1d8 ./Drivers/STM32L4xx_HAL_Driver/Src/stm32l4xx_hal_spi.o
 .debug_aranges
                0x00000ab0      0x228 ./Drivers/STM32L4xx_HAL_Driver/Src/stm32l4xx_hal_uart.o
 .debug_aranges
                0x00000cd8      0x1a0 ./Drivers/STM32L4xx_HAL_Driver/Src/stm32l4xx_ll_usb.o
 .debug_aranges
                0x00000e78       0xd8 ./Middlewares/ST/STM32_USB_Device_Library/Core/Src/usbd_core.o
 .debug_aranges
                0x00000f50       0x90 ./Middlewares/ST/STM32_USB_Device_Library/Core/Src/usbd_ctlreq.o
 .debug_aranges
                0x00000fe0       0x50 ./Middlewares/ST/STM32_USB_Device_Library/Core/Src/usbd_ioreq.o
 .debug_aranges
                0x00001030      0x118 ./USB_DEVICE/Target/usbd_conf.o

.debug_rnglists
                0x00000000      0xd45
 .debug_rnglists
                0x00000000       0xc9 ./Core/Src/DACx1416.o
 .debug_rnglists
                0x000000c9       0x34 ./Core/Src/main.o
 .debug_rnglists
                0x000000fd       0x2d ./Core/Src/stm32l4xx_hal_msp.o
 .debug_rnglists
                0x0000012a       0x49 ./Core/Src/stm32l4xx_it.o
 .debug_rnglists
                0x00000173       0x1a ./Core/Src/system_stm32l4xx.o
 .debug_rnglists
                0x0000018d       0x19 ./Core/Startup/startup_stm32l476rgtx.o
 .debug_rnglists
                0x000001a6       0xdf ./Drivers/STM32L4xx_HAL_Driver/Src/stm32l4xx_hal.o
 .debug_rnglists
                0x00000285       0xda ./Drivers/STM32L4xx_HAL_Driver/Src/stm32l4xx_hal_cortex.o
 .debug_rnglists
                0x0000035f       0x3f ./Drivers/STM32L4xx_HAL_Driver/Src/stm32l4xx_hal_gpio.o
 .debug_rnglists
                0x0000039e       0xed ./Drivers/STM32L4xx_HAL_Driver/Src/stm32l4xx_hal_pcd.o
 .debug_rnglists
                0x0000048b      0x109 ./Drivers/STM32L4xx_HAL_Driver/Src/stm32l4xx_hal_pwr_ex.o
 .debug_rnglists
                0x00000594       0x6d ./Drivers/STM32L4xx_HAL_Driver/Src/stm32l4xx_hal_rcc.o
 .debug_rnglists
                0x00000601       0x95 ./Drivers/STM32L4xx_HAL_Driver/Src/stm32l4xx_hal_rcc_ex.o
 .debug_rnglists
                0x00000696      0x178 ./Drivers/STM32L4xx_HAL_Driver/Src/stm32l4xx_hal_spi.o
 .debug_rnglists
                0x0000080e      0x1db ./Drivers/STM32L4xx_HAL_Driver/Src/stm32l4xx_hal_uart.o
 .debug_rnglists
                0x000009e9      0x146 ./Drivers/STM32L4xx_HAL_Driver/Src/stm32l4xx_ll_usb.o
 .debug_rnglists
                0x00000b2f       0xa1 ./Middlewares/ST/STM32_USB_Device_Library/Core/Src/usbd_core.o
 .debug_rnglists
                0x00000bd0       0x6e ./Middlewares/ST/STM32_USB_Device_Library/Core/Src/usbd_ctlreq.o
 .debug_rnglists
                0x00000c3e       0x37 ./Middlewares/ST/STM32_USB_Device_Library/Core/Src/usbd_ioreq.o
 .debug_rnglists
                0x00000c75       0xd0 ./USB_DEVICE/Target/usbd_conf.o

.debug_macro    0x00000000    0x27a16
 .debug_macro   0x00000000      0x207 ./Core/Src/DACx1416.o
 .debug_macro   0x00000207      0xab4 ./Core/Src/DACx1416.o
 .debug_macro   0x00000cbb      0x1ad ./Core/Src/DACx1416.o
 .debug_macro   0x00000e68       0x2e ./Core/Src/DACx1416.o
 .debug_macro   0x00000e96       0x28 ./Core/Src/DACx1416.o
 .debug_macro   0x00000ebe       0x22 ./Core/Src/DACx1416.o
 .debug_macro   0x00000ee0       0x8e ./Core/Src/DACx1416.o
 .debug_macro   0x00000f6e       0x51 ./Core/Src/DACx1416.o
 .debug_macro   0x00000fbf      0x103 ./Core/Src/DACx1416.o
 .debug_macro   0x000010c2       0x6a ./Core/Src/DACx1416.o
 .debug_macro   0x0000112c      0x1df ./Core/Src/DACx1416.o
 .debug_macro   0x0000130b       0x1c ./Core/Src/DACx1416.o
 .debug_macro   0x00001327       0x22 ./Core/Src/DACx1416.o
 .debug_macro   0x00001349       0xfb ./Core/Src/DACx1416.o
 .debug_macro   0x00001444     0x1011 ./Core/Src/DACx1416.o
 .debug_macro   0x00002455      0x11f ./Core/Src/DACx1416.o
 .debug_macro   0x00002574    0x1a17a ./Core/Src/DACx1416.o
 .debug_macro   0x0001c6ee       0x6d ./Core/Src/DACx1416.o
 .debug_macro   0x0001c75b     0x38fb ./Core/Src/DACx1416.o
 .debug_macro   0x00020056      0x189 ./Core/Src/DACx1416.o
 .debug_macro   0x000201df       0x5c ./Core/Src/DACx1416.o
 .debug_macro   0x0002023b     0x159e ./Core/Src/DACx1416.o
 .debug_macro   0x000217d9      0x5a5 ./Core/Src/DACx1416.o
 .debug_macro   0x00021d7e      0x1b9 ./Core/Src/DACx1416.o
 .debug_macro   0x00021f37      0x18b ./Core/Src/DACx1416.o
 .debug_macro   0x000220c2      0x26b ./Core/Src/DACx1416.o
 .debug_macro   0x0002232d      0x23d ./Core/Src/DACx1416.o
 .debug_macro   0x0002256a      0x241 ./Core/Src/DACx1416.o
 .debug_macro   0x000227ab      0x37c ./Core/Src/DACx1416.o
 .debug_macro   0x00022b27       0xd6 ./Core/Src/DACx1416.o
 .debug_macro   0x00022bfd      0x215 ./Core/Src/DACx1416.o
 .debug_macro   0x00022e12       0x97 ./Core/Src/DACx1416.o
 .debug_macro   0x00022ea9      0x122 ./Core/Src/DACx1416.o
 .debug_macro   0x00022fcb      0x3ef ./Core/Src/DACx1416.o
 .debug_macro   0x000233ba      0x2fe ./Core/Src/DACx1416.o
 .debug_macro   0x000236b8      0x5cf ./Core/Src/DACx1416.o
 .debug_macro   0x00023c87       0x44 ./Core/Src/DACx1416.o
 .debug_macro   0x00023ccb      0x330 ./Core/Src/DACx1416.o
 .debug_macro   0x00023ffb       0x64 ./Core/Src/DACx1416.o
 .debug_macro   0x0002405f       0x22 ./Core/Src/DACx1416.o
 .debug_macro   0x00024081      0x36b ./Core/Src/main.o
 .debug_macro   0x000243ec       0x61 ./Core/Src/main.o
 .debug_macro   0x0002444d       0x2a ./Core/Src/main.o
 .debug_macro   0x00024477       0x43 ./Core/Src/main.o
 .debug_macro   0x000244ba       0x34 ./Core/Src/main.o
 .debug_macro   0x000244ee       0x16 ./Core/Src/main.o
 .debug_macro   0x00024504       0x35 ./Core/Src/main.o
 .debug_macro   0x00024539      0x369 ./Core/Src/main.o
 .debug_macro   0x000248a2       0x10 ./Core/Src/main.o
 .debug_macro   0x000248b2       0x16 ./Core/Src/main.o
 .debug_macro   0x000248c8       0x43 ./Core/Src/main.o
 .debug_macro   0x0002490b       0x34 ./Core/Src/main.o
 .debug_macro   0x0002493f       0x10 ./Core/Src/main.o
 .debug_macro   0x0002494f       0x58 ./Core/Src/main.o
 .debug_macro   0x000249a7       0x8e ./Core/Src/main.o
 .debug_macro   0x00024a35       0x1c ./Core/Src/main.o
 .debug_macro   0x00024a51      0x177 ./Core/Src/main.o
 .debug_macro   0x00024bc8       0x16 ./Core/Src/main.o
 .debug_macro   0x00024bde       0x16 ./Core/Src/main.o
 .debug_macro   0x00024bf4      0x146 ./Core/Src/main.o
 .debug_macro   0x00024d3a       0x16 ./Core/Src/main.o
 .debug_macro   0x00024d50       0x16 ./Core/Src/main.o
 .debug_macro   0x00024d66       0x29 ./Core/Src/main.o
 .debug_macro   0x00024d8f       0x16 ./Core/Src/main.o
 .debug_macro   0x00024da5       0x20 ./Core/Src/main.o
 .debug_macro   0x00024dc5       0x5f ./Core/Src/main.o
 .debug_macro   0x00024e24      0x20f ./Core/Src/main.o
 .debug_macro   0x00025033      0x1f4 ./Core/Src/stm32l4xx_hal_msp.o
 .debug_macro   0x00025227      0x1fe ./Core/Src/stm32l4xx_it.o
 .debug_macro   0x00025425      0x1e5 ./Core/Src/system_stm32l4xx.o
 .debug_macro   0x0002560a      0x233 ./Drivers/STM32L4xx_HAL_Driver/Src/stm32l4xx_hal.o
 .debug_macro   0x0002583d      0x1e5 ./Drivers/STM32L4xx_HAL_Driver/Src/stm32l4xx_hal_cortex.o
 .debug_macro   0x00025a22      0x1ec ./Drivers/STM32L4xx_HAL_Driver/Src/stm32l4xx_hal_gpio.o
 .debug_macro   0x00025c0e      0x1f1 ./Drivers/STM32L4xx_HAL_Driver/Src/stm32l4xx_hal_pcd.o
 .debug_macro   0x00025dff      0x209 ./Drivers/STM32L4xx_HAL_Driver/Src/stm32l4xx_hal_pwr_ex.o
 .debug_macro   0x00026008      0x227 ./Drivers/STM32L4xx_HAL_Driver/Src/stm32l4xx_hal_rcc.o
 .debug_macro   0x0002622f      0x21b ./Drivers/STM32L4xx_HAL_Driver/Src/stm32l4xx_hal_rcc_ex.o
 .debug_macro   0x0002644a      0x1ed ./Drivers/STM32L4xx_HAL_Driver/Src/stm32l4xx_hal_spi.o
 .debug_macro   0x00026637      0x210 ./Drivers/STM32L4xx_HAL_Driver/Src/stm32l4xx_hal_uart.o
 .debug_macro   0x00026847      0x1e5 ./Drivers/STM32L4xx_HAL_Driver/Src/stm32l4xx_ll_usb.o
 .debug_macro   0x00026a2c      0x36a ./Middlewares/ST/STM32_USB_Device_Library/Core/Src/usbd_core.o
 .debug_macro   0x00026d96      0x215 ./Middlewares/ST/STM32_USB_Device_Library/Core/Src/usbd_core.o
 .debug_macro   0x00026fab      0x374 ./Middlewares/ST/STM32_USB_Device_Library/Core/Src/usbd_ctlreq.o
 .debug_macro   0x0002731f      0x370 ./Middlewares/ST/STM32_USB_Device_Library/Core/Src/usbd_ioreq.o
 .debug_macro   0x0002768f      0x387 ./USB_DEVICE/Target/usbd_conf.o

.debug_line     0x00000000    0x1433b
 .debug_line    0x00000000      0xf29 ./Core/Src/DACx1416.o
 .debug_line    0x00000f29      0xb3b ./Core/Src/main.o
 .debug_line    0x00001a64      0x7d8 ./Core/Src/stm32l4xx_hal_msp.o
 .debug_line    0x0000223c      0x806 ./Core/Src/stm32l4xx_it.o
 .debug_line    0x00002a42      0x7c6 ./Core/Src/system_stm32l4xx.o
 .debug_line    0x00003208       0x7a ./Core/Startup/startup_stm32l476rgtx.o
 .debug_line    0x00003282      0xb21 ./Drivers/STM32L4xx_HAL_Driver/Src/stm32l4xx_hal.o
 .debug_line    0x00003da3      0xcea ./Drivers/STM32L4xx_HAL_Driver/Src/stm32l4xx_hal_cortex.o
 .debug_line    0x00004a8d      0xbad ./Drivers/STM32L4xx_HAL_Driver/Src/stm32l4xx_hal_gpio.o
 .debug_line    0x0000563a     0x1374 ./Drivers/STM32L4xx_HAL_Driver/Src/stm32l4xx_hal_pcd.o
 .debug_line    0x000069ae      0xd13 ./Drivers/STM32L4xx_HAL_Driver/Src/stm32l4xx_hal_pwr_ex.o
 .debug_line    0x000076c1      0xf9a ./Drivers/STM32L4xx_HAL_Driver/Src/stm32l4xx_hal_rcc.o
 .debug_line    0x0000865b     0x150c ./Drivers/STM32L4xx_HAL_Driver/Src/stm32l4xx_hal_rcc_ex.o
 .debug_line    0x00009b67     0x1ff7 ./Drivers/STM32L4xx_HAL_Driver/Src/stm32l4xx_hal_spi.o
 .debug_line    0x0000bb5e     0x3233 ./Drivers/STM32L4xx_HAL_Driver/Src/stm32l4xx_hal_uart.o
 .debug_line    0x0000ed91     0x1b30 ./Drivers/STM32L4xx_HAL_Driver/Src/stm32l4xx_ll_usb.o
 .debug_line    0x000108c1      0xf2f ./Middlewares/ST/STM32_USB_Device_Library/Core/Src/usbd_core.o
 .debug_line    0x000117f0     0x115c ./Middlewares/ST/STM32_USB_Device_Library/Core/Src/usbd_ctlreq.o
 .debug_line    0x0001294c      0xa49 ./Middlewares/ST/STM32_USB_Device_Library/Core/Src/usbd_ioreq.o
 .debug_line    0x00013395      0xfa6 ./USB_DEVICE/Target/usbd_conf.o

.debug_str      0x00000000    0xeda58
 .debug_str     0x00000000    0xe46a6 ./Core/Src/DACx1416.o
                              0xe4a5f (size before relaxing)
 .debug_str     0x000e46a6     0x478b ./Core/Src/main.o
                              0xe87cf (size before relaxing)
 .debug_str     0x000e8e31      0x301 ./Core/Src/stm32l4xx_hal_msp.o
                              0xe4400 (size before relaxing)
 .debug_str     0x000e9132      0x4ab ./Core/Src/stm32l4xx_it.o
                              0xe3e2e (size before relaxing)
 .debug_str     0x000e95dd       0xf2 ./Core/Src/system_stm32l4xx.o
                              0xe399a (size before relaxing)
 .debug_str     0x000e96cf       0x44 ./Core/Startup/startup_stm32l476rgtx.o
                                 0xa7 (size before relaxing)
 .debug_str     0x000e9713      0xa94 ./Drivers/STM32L4xx_HAL_Driver/Src/stm32l4xx_hal.o
                              0xe452d (size before relaxing)
 .debug_str     0x000ea1a7      0x37c ./Drivers/STM32L4xx_HAL_Driver/Src/stm32l4xx_hal_cortex.o
                              0xe4213 (size before relaxing)
 .debug_str     0x000ea523      0x123 ./Drivers/STM32L4xx_HAL_Driver/Src/stm32l4xx_hal_gpio.o
                              0xe3b13 (size before relaxing)
 .debug_str     0x000ea646      0x803 ./Drivers/STM32L4xx_HAL_Driver/Src/stm32l4xx_hal_pcd.o
                              0xe441b (size before relaxing)
 .debug_str     0x000eae49      0x4e3 ./Drivers/STM32L4xx_HAL_Driver/Src/stm32l4xx_hal_pwr_ex.o
                              0xe3ef5 (size before relaxing)
 .debug_str     0x000eb32c      0x398 ./Drivers/STM32L4xx_HAL_Driver/Src/stm32l4xx_hal_rcc.o
                              0xe3fe0 (size before relaxing)
 .debug_str     0x000eb6c4      0x3bf ./Drivers/STM32L4xx_HAL_Driver/Src/stm32l4xx_hal_rcc_ex.o
                              0xe4159 (size before relaxing)
 .debug_str     0x000eba83      0x578 ./Drivers/STM32L4xx_HAL_Driver/Src/stm32l4xx_hal_spi.o
                              0xe41b5 (size before relaxing)
 .debug_str     0x000ebffb      0x8a6 ./Drivers/STM32L4xx_HAL_Driver/Src/stm32l4xx_hal_uart.o
                              0xe46f2 (size before relaxing)
 .debug_str     0x000ec8a1      0x478 ./Drivers/STM32L4xx_HAL_Driver/Src/stm32l4xx_ll_usb.o
                              0xe42f3 (size before relaxing)
 .debug_str     0x000ecd19      0x7dd ./Middlewares/ST/STM32_USB_Device_Library/Core/Src/usbd_core.o
                              0xe8409 (size before relaxing)
 .debug_str     0x000ed4f6      0x158 ./Middlewares/ST/STM32_USB_Device_Library/Core/Src/usbd_ctlreq.o
                              0xe8234 (size before relaxing)
 .debug_str     0x000ed64e       0x8a ./Middlewares/ST/STM32_USB_Device_Library/Core/Src/usbd_ioreq.o
                              0xe8109 (size before relaxing)
 .debug_str     0x000ed6d8      0x380 ./USB_DEVICE/Target/usbd_conf.o
                              0xe96d1 (size before relaxing)

.comment        0x00000000       0x43
 .comment       0x00000000       0x43 ./Core/Src/DACx1416.o
                                 0x44 (size before relaxing)
 .comment       0x00000043       0x44 ./Core/Src/main.o
 .comment       0x00000043       0x44 ./Core/Src/stm32l4xx_hal_msp.o
 .comment       0x00000043       0x44 ./Core/Src/stm32l4xx_it.o
 .comment       0x00000043       0x44 ./Core/Src/system_stm32l4xx.o
 .comment       0x00000043       0x44 ./Drivers/STM32L4xx_HAL_Driver/Src/stm32l4xx_hal.o
 .comment       0x00000043       0x44 ./Drivers/STM32L4xx_HAL_Driver/Src/stm32l4xx_hal_cortex.o
 .comment       0x00000043       0x44 ./Drivers/STM32L4xx_HAL_Driver/Src/stm32l4xx_hal_gpio.o
 .comment       0x00000043       0x44 ./Drivers/STM32L4xx_HAL_Driver/Src/stm32l4xx_hal_pcd.o
 .comment       0x00000043       0x44 ./Drivers/STM32L4xx_HAL_Driver/Src/stm32l4xx_hal_pwr_ex.o
 .comment       0x00000043       0x44 ./Drivers/STM32L4xx_HAL_Driver/Src/stm32l4xx_hal_rcc.o
 .comment       0x00000043       0x44 ./Drivers/STM32L4xx_HAL_Driver/Src/stm32l4xx_hal_rcc_ex.o
 .comment       0x00000043       0x44 ./Drivers/STM32L4xx_HAL_Driver/Src/stm32l4xx_hal_spi.o
 .comment       0x00000043       0x44 ./Drivers/STM32L4xx_HAL_Driver/Src/stm32l4xx_hal_uart.o
 .comment       0x00000043       0x44 ./Drivers/STM32L4xx_HAL_Driver/Src/stm32l4xx_ll_usb.o
 .comment       0x00000043       0x44 ./Middlewares/ST/STM32_USB_Device_Library/Core/Src/usbd_core.o
 .comment       0x00000043       0x44 ./Middlewares/ST/STM32_USB_Device_Library/Core/Src/usbd_ctlreq.o
 .comment       0x00000043       0x44 ./Middlewares/ST/STM32_USB_Device_Library/Core/Src/usbd_ioreq.o
 .comment       0x00000043       0x44 ./USB_DEVICE/Target/usbd_conf.o

.debug_frame    0x00000000     0x49cc
 .debug_frame   0x00000000      0x5c4 ./Core/Src/DACx1416.o
 .debug_frame   0x000005c4       0xcc ./Core/Src/main.o
 .debug_frame   0x00000690       0xcc ./Core/Src/stm32l4xx_hal_msp.o
 .debug_frame   0x0000075c      0x120 ./Core/Src/stm32l4xx_it.o
 .debug_frame   0x0000087c       0x58 ./Core/Src/system_stm32l4xx.o
 .debug_frame   0x000008d4      0x498 ./Drivers/STM32L4xx_HAL_Driver/Src/stm32l4xx_hal.o
 .debug_frame   0x00000d6c      0x4e8 ./Drivers/STM32L4xx_HAL_Driver/Src/stm32l4xx_hal_cortex.o
 .debug_frame   0x00001254      0x14c ./Drivers/STM32L4xx_HAL_Driver/Src/stm32l4xx_hal_gpio.o
 .debug_frame   0x000013a0      0x564 ./Drivers/STM32L4xx_HAL_Driver/Src/stm32l4xx_hal_pcd.o
 .debug_frame   0x00001904      0x584 ./Drivers/STM32L4xx_HAL_Driver/Src/stm32l4xx_hal_pwr_ex.o
 .debug_frame   0x00001e88      0x21c ./Drivers/STM32L4xx_HAL_Driver/Src/stm32l4xx_hal_rcc.o
 .debug_frame   0x000020a4      0x2fc ./Drivers/STM32L4xx_HAL_Driver/Src/stm32l4xx_hal_rcc_ex.o
 .debug_frame   0x000023a0      0x860 ./Drivers/STM32L4xx_HAL_Driver/Src/stm32l4xx_hal_spi.o
 .debug_frame   0x00002c00      0x9f4 ./Drivers/STM32L4xx_HAL_Driver/Src/stm32l4xx_hal_uart.o
 .debug_frame   0x000035f4      0x7bc ./Drivers/STM32L4xx_HAL_Driver/Src/stm32l4xx_ll_usb.o
 .debug_frame   0x00003db0      0x390 ./Middlewares/ST/STM32_USB_Device_Library/Core/Src/usbd_core.o
 .debug_frame   0x00004140      0x23c ./Middlewares/ST/STM32_USB_Device_Library/Core/Src/usbd_ctlreq.o
 .debug_frame   0x0000437c      0x10c ./Middlewares/ST/STM32_USB_Device_Library/Core/Src/usbd_ioreq.o
 .debug_frame   0x00004488      0x498 ./USB_DEVICE/Target/usbd_conf.o
 .debug_frame   0x00004920       0x20 /Applications/STM32CubeIDE.app/Contents/Eclipse/plugins/com.st.stm32cube.ide.mcu.externaltools.gnu-tools-for-stm32.12.3.rel1.macos64_1.0.200.202406191456/tools/bin/../lib/gcc/arm-none-eabi/12.3.1/../../../../arm-none-eabi/lib/thumb/v7e-m+fp/hard/libc_nano.a(libc_a-memset.o)
 .debug_frame   0x00004940       0x2c /Applications/STM32CubeIDE.app/Contents/Eclipse/plugins/com.st.stm32cube.ide.mcu.externaltools.gnu-tools-for-stm32.12.3.rel1.macos64_1.0.200.202406191456/tools/bin/../lib/gcc/arm-none-eabi/12.3.1/../../../../arm-none-eabi/lib/thumb/v7e-m+fp/hard/libc_nano.a(libc_a-init.o)
 .debug_frame   0x0000496c       0x2c /Applications/STM32CubeIDE.app/Contents/Eclipse/plugins/com.st.stm32cube.ide.mcu.externaltools.gnu-tools-for-stm32.12.3.rel1.macos64_1.0.200.202406191456/tools/bin/../lib/gcc/arm-none-eabi/12.3.1/thumb/v7e-m+fp/hard/libgcc.a(_aeabi_uldivmod.o)
 .debug_frame   0x00004998       0x34 /Applications/STM32CubeIDE.app/Contents/Eclipse/plugins/com.st.stm32cube.ide.mcu.externaltools.gnu-tools-for-stm32.12.3.rel1.macos64_1.0.200.202406191456/tools/bin/../lib/gcc/arm-none-eabi/12.3.1/thumb/v7e-m+fp/hard/libgcc.a(_udivmoddi4.o)

.debug_line_str
                0x00000000       0x8b
 .debug_line_str
                0x00000000       0x8b ./Core/Startup/startup_stm32l476rgtx.o
