Archive member included to satisfy reference by file (symbol)

/Applications/STM32CubeIDE.app/Contents/Eclipse/plugins/com.st.stm32cube.ide.mcu.externaltools.gnu-tools-for-stm32.12.3.rel1.macos64_1.0.200.202406191456/tools/bin/../lib/gcc/arm-none-eabi/12.3.1/../../../../arm-none-eabi/lib/thumb/v7e-m+fp/hard/libc_nano.a(libc_a-exit.o)
                              /Applications/STM32CubeIDE.app/Contents/Eclipse/plugins/com.st.stm32cube.ide.mcu.externaltools.gnu-tools-for-stm32.12.3.rel1.macos64_1.0.200.202406191456/tools/bin/../lib/gcc/arm-none-eabi/12.3.1/../../../../arm-none-eabi/lib/thumb/v7e-m+fp/hard/crt0.o (exit)
/Applications/STM32CubeIDE.app/Contents/Eclipse/plugins/com.st.stm32cube.ide.mcu.externaltools.gnu-tools-for-stm32.12.3.rel1.macos64_1.0.200.202406191456/tools/bin/../lib/gcc/arm-none-eabi/12.3.1/../../../../arm-none-eabi/lib/thumb/v7e-m+fp/hard/libc_nano.a(libc_a-findfp.o)
                              /Applications/STM32CubeIDE.app/Contents/Eclipse/plugins/com.st.stm32cube.ide.mcu.externaltools.gnu-tools-for-stm32.12.3.rel1.macos64_1.0.200.202406191456/tools/bin/../lib/gcc/arm-none-eabi/12.3.1/../../../../arm-none-eabi/lib/thumb/v7e-m+fp/hard/libc_nano.a(libc_a-exit.o) (__stdio_exit_handler)
/Applications/STM32CubeIDE.app/Contents/Eclipse/plugins/com.st.stm32cube.ide.mcu.externaltools.gnu-tools-for-stm32.12.3.rel1.macos64_1.0.200.202406191456/tools/bin/../lib/gcc/arm-none-eabi/12.3.1/../../../../arm-none-eabi/lib/thumb/v7e-m+fp/hard/libc_nano.a(libc_a-fwalk.o)
                              /Applications/STM32CubeIDE.app/Contents/Eclipse/plugins/com.st.stm32cube.ide.mcu.externaltools.gnu-tools-for-stm32.12.3.rel1.macos64_1.0.200.202406191456/tools/bin/../lib/gcc/arm-none-eabi/12.3.1/../../../../arm-none-eabi/lib/thumb/v7e-m+fp/hard/libc_nano.a(libc_a-findfp.o) (_fwalk_sglue)
/Applications/STM32CubeIDE.app/Contents/Eclipse/plugins/com.st.stm32cube.ide.mcu.externaltools.gnu-tools-for-stm32.12.3.rel1.macos64_1.0.200.202406191456/tools/bin/../lib/gcc/arm-none-eabi/12.3.1/../../../../arm-none-eabi/lib/thumb/v7e-m+fp/hard/libc_nano.a(libc_a-memset.o)
                              /Applications/STM32CubeIDE.app/Contents/Eclipse/plugins/com.st.stm32cube.ide.mcu.externaltools.gnu-tools-for-stm32.12.3.rel1.macos64_1.0.200.202406191456/tools/bin/../lib/gcc/arm-none-eabi/12.3.1/../../../../arm-none-eabi/lib/thumb/v7e-m+fp/hard/crt0.o (memset)
/Applications/STM32CubeIDE.app/Contents/Eclipse/plugins/com.st.stm32cube.ide.mcu.externaltools.gnu-tools-for-stm32.12.3.rel1.macos64_1.0.200.202406191456/tools/bin/../lib/gcc/arm-none-eabi/12.3.1/../../../../arm-none-eabi/lib/thumb/v7e-m+fp/hard/libc_nano.a(libc_a-impure.o)
                              /Applications/STM32CubeIDE.app/Contents/Eclipse/plugins/com.st.stm32cube.ide.mcu.externaltools.gnu-tools-for-stm32.12.3.rel1.macos64_1.0.200.202406191456/tools/bin/../lib/gcc/arm-none-eabi/12.3.1/../../../../arm-none-eabi/lib/thumb/v7e-m+fp/hard/libc_nano.a(libc_a-findfp.o) (_impure_data)
/Applications/STM32CubeIDE.app/Contents/Eclipse/plugins/com.st.stm32cube.ide.mcu.externaltools.gnu-tools-for-stm32.12.3.rel1.macos64_1.0.200.202406191456/tools/bin/../lib/gcc/arm-none-eabi/12.3.1/../../../../arm-none-eabi/lib/thumb/v7e-m+fp/hard/libc_nano.a(libc_a-errno.o)
                              ./Core/Src/syscalls.o (__errno)
/Applications/STM32CubeIDE.app/Contents/Eclipse/plugins/com.st.stm32cube.ide.mcu.externaltools.gnu-tools-for-stm32.12.3.rel1.macos64_1.0.200.202406191456/tools/bin/../lib/gcc/arm-none-eabi/12.3.1/../../../../arm-none-eabi/lib/thumb/v7e-m+fp/hard/libc_nano.a(libc_a-init.o)
                              /Applications/STM32CubeIDE.app/Contents/Eclipse/plugins/com.st.stm32cube.ide.mcu.externaltools.gnu-tools-for-stm32.12.3.rel1.macos64_1.0.200.202406191456/tools/bin/../lib/gcc/arm-none-eabi/12.3.1/../../../../arm-none-eabi/lib/thumb/v7e-m+fp/hard/crt0.o (__libc_init_array)
/Applications/STM32CubeIDE.app/Contents/Eclipse/plugins/com.st.stm32cube.ide.mcu.externaltools.gnu-tools-for-stm32.12.3.rel1.macos64_1.0.200.202406191456/tools/bin/../lib/gcc/arm-none-eabi/12.3.1/../../../../arm-none-eabi/lib/thumb/v7e-m+fp/hard/libc_nano.a(libc_a-lock.o)
                              /Applications/STM32CubeIDE.app/Contents/Eclipse/plugins/com.st.stm32cube.ide.mcu.externaltools.gnu-tools-for-stm32.12.3.rel1.macos64_1.0.200.202406191456/tools/bin/../lib/gcc/arm-none-eabi/12.3.1/../../../../arm-none-eabi/lib/thumb/v7e-m+fp/hard/libc_nano.a(libc_a-findfp.o) (__retarget_lock_init_recursive)
/Applications/STM32CubeIDE.app/Contents/Eclipse/plugins/com.st.stm32cube.ide.mcu.externaltools.gnu-tools-for-stm32.12.3.rel1.macos64_1.0.200.202406191456/tools/bin/../lib/gcc/arm-none-eabi/12.3.1/../../../../arm-none-eabi/lib/thumb/v7e-m+fp/hard/libc_nano.a(libc_a-mallocr.o)
[...]
Memory Configuration

Name             Origin             Length             Attributes
RAM              0x20000000         0x00018000         xrw
RAM2             0x10000000         0x00008000         xrw
FLASH            0x08000000         0x00100000         xr
*default*        0x00000000         0xffffffff

Linker script and memory map

LOAD /Applications/STM32CubeIDE.app/Contents/Eclipse/plugins/com.st.stm32cube.ide.mcu.externaltools.gnu-tools-for-stm32.12.3.rel1.macos64_1.0.200.202406191456/tools/bin/../lib/gcc/arm-none-eabi/12.3.1/thumb/v7e-m+fp/hard/crti.o
LOAD /Applications/STM32CubeIDE.app/Contents/Eclipse/plugins/com.st.stm32cube.ide.mcu.externaltools.gnu-tools-for-stm32.12.3.rel1.macos64_1.0.200.202406191456/tools/bin/../lib/gcc/arm-none-eabi/12.3.1/thumb/v7e-m+fp/hard/crtbegin.o
LOAD /Applications/STM32CubeIDE.app/Contents/Eclipse/plugins/com.st.stm32cube.ide.mcu.externaltools.gnu-tools-for-stm32.12.3.rel1.macos64_1.0.200.202406191456/tools/bin/../lib/gcc/arm-none-eabi/12.3.1/../../../../arm-none-eabi/lib/thumb/v7e-m+fp/hard/crt0.o
LOAD ./Core/Src/DACx1416.o
LOAD ./Core/Src/cmdParser.o
LOAD ./Core/Src/main.o
LOAD ./Core/Src/stm32l4xx_hal_msp.o
LOAD ./Core/Src/stm32l4xx_hal_timebase_tim.o
LOAD ./Core/Src/stm32l4xx_it.o
LOAD ./Core/Src/syscalls.o
LOAD ./Core/Src/sysmem.o
LOAD ./Core/Src/system_stm32l4xx.o
LOAD ./Core/Startup/startup_stm32l476rgtx.o
LOAD ./Drivers/STM32L4xx_HAL_Driver/Src/stm32l4xx_hal.o
LOAD ./Drivers/STM32L4xx_HAL_Driver/Src/stm32l4xx_hal_cortex.o
LOAD ./Drivers/STM32L4xx_HAL_Driver/Src/stm32l4xx_hal_crc.o
LOAD ./Drivers/STM32L4xx_HAL_Driver/Src/stm32l4xx_hal_crc_ex.o
LOAD ./Drivers/STM32L4xx_HAL_Driver/Src/stm32l4xx_hal_dma.o
LOAD ./Drivers/STM32L4xx_HAL_Driver/Src/stm32l4xx_hal_dma_ex.o
LOAD ./Drivers/STM32L4xx_HAL_Driver/Src/stm32l4xx_hal_exti.o
LOAD ./Drivers/STM32L4xx_HAL_Driver/Src/stm32l4xx_hal_flash.o
LOAD ./Drivers/STM32L4xx_HAL_Driver/Src/stm32l4xx_hal_flash_ex.o
LOAD ./Drivers/STM32L4xx_HAL_Driver/Src/stm32l4xx_hal_flash_ramfunc.o
LOAD ./Drivers/STM32L4xx_HAL_Driver/Src/stm32l4xx_hal_gpio.o
LOAD ./Drivers/STM32L4xx_HAL_Driver/Src/stm32l4xx_hal_i2c.o
LOAD ./Drivers/STM32L4xx_HAL_Driver/Src/stm32l4xx_hal_i2c_ex.o
LOAD ./Drivers/STM32L4xx_HAL_Driver/Src/stm32l4xx_hal_pcd.o
LOAD ./Drivers/STM32L4xx_HAL_Driver/Src/stm32l4xx_hal_pcd_ex.o
LOAD ./Drivers/STM32L4xx_HAL_Driver/Src/stm32l4xx_hal_pwr.o
LOAD ./Drivers/STM32L4xx_HAL_Driver/Src/stm32l4xx_hal_pwr_ex.o
LOAD ./Drivers/STM32L4xx_HAL_Driver/Src/stm32l4xx_hal_rcc.o
LOAD ./Drivers/STM32L4xx_HAL_Driver/Src/stm32l4xx_hal_rcc_ex.o
LOAD ./Drivers/STM32L4xx_HAL_Driver/Src/stm32l4xx_hal_spi.o
LOAD ./Drivers/STM32L4xx_HAL_Driver/Src/stm32l4xx_hal_spi_ex.o
LOAD ./Drivers/STM32L4xx_HAL_Driver/Src/stm32l4xx_hal_tim.o
LOAD ./Drivers/STM32L4xx_HAL_Driver/Src/stm32l4xx_hal_tim_ex.o
LOAD ./Drivers/STM32L4xx_HAL_Driver/Src/stm32l4xx_hal_uart.o
LOAD ./Drivers/STM32L4xx_HAL_Driver/Src/stm32l4xx_hal_uart_ex.o
LOAD ./Drivers/STM32L4xx_HAL_Driver/Src/stm32l4xx_ll_usb.o
LOAD ./Middlewares/ST/STM32_USB_Device_Library/Class/CDC/Src/usbd_cdc.o
LOAD ./Middlewares/ST/STM32_USB_Device_Library/Core/Src/usbd_core.o
LOAD ./Middlewares/ST/STM32_USB_Device_Library/Core/Src/usbd_ctlreq.o
LOAD ./Middlewares/ST/STM32_USB_Device_Library/Core/Src/usbd_ioreq.o
LOAD ./USB_DEVICE/App/usb_device.o
LOAD ./USB_DEVICE/App/usbd_cdc_if.o
LOAD ./USB_DEVICE/App/usbd_desc.o
LOAD ./USB_DEVICE/Target/usbd_conf.o
START GROUP
LOAD /Applications/STM32CubeIDE.app/Contents/Eclipse/plugins/com.st.stm32cube.ide.mcu.externaltools.gnu-tools-for-stm32.12.3.rel1.macos64_1.0.200.202406191456/tools/bin/../lib/gcc/arm-none-eabi/12.3.1/../../../../arm-none-eabi/lib/thumb/v7e-m+fp/hard/libc_nano.a
LOAD /Applications/STM32CubeIDE.app/Contents/Eclipse/plugins/com.st.stm32cube.ide.mcu.externaltools.gnu-tools-for-stm32.12.3.rel1.macos64_1.0.200.202406191456/tools/bin/../lib/gcc/arm-none-eabi/12.3.1/../../../../arm-none-eabi/lib/thumb/v7e-m+fp/hard/libm.a
END GROUP
START GROUP
LOAD /Applications/STM32CubeIDE.app/Contents/Eclipse/plugins/com.st.stm32cube.ide.mcu.externaltools.gnu-tools-for-stm32.12.3.rel1.macos64_1.0.200.202406191456/tools/bin/../lib/gcc/arm-none-eabi/12.3.1/thumb/v7e-m+fp/hard/libgcc.a
LOAD /Applications/STM32CubeIDE.app/Contents/Eclipse/plugins/com.st.stm32cube.ide.mcu.externaltools.gnu-tools-for-stm32.12.3.rel1.macos64_1.0.200.202406191456/tools/bin/../lib/gcc/arm-none-eabi/12.3.1/../../../../arm-none-eabi/lib/thumb/v7e-m+fp/hard/libc_nano.a
END GROUP
START GROUP
LOAD /Applications/STM32CubeIDE.app/Contents/Eclipse/plugins/com.st.stm32cube.ide.mcu.externaltools.gnu-tools-for-stm32.12.3.rel1.macos64_1.0.200.202406191456/tools/bin/../lib/gcc/arm-none-eabi/12.3.1/thumb/v7e-m+fp/hard/libgcc.a
LOAD /Applications/STM32CubeIDE.app/Contents/Eclipse/plugins/com.st.stm32cube.ide.mcu.externaltools.gnu-tools-for-stm32.12.3.rel1.macos64_1.0.200.202406191456/tools/bin/../lib/gcc/arm-none-eabi/12.3.1/../../../../arm-none-eabi/lib/thumb/v7e-m+fp/hard/libc_nano.a
LOAD /Applications/STM32CubeIDE.app/Contents/Eclipse/plugins/com.st.stm32cube.ide.mcu.externaltools.gnu-tools-for-stm32.12.3.rel1.macos64_1.0.200.202406191456/tools/bin/../lib/gcc/arm-none-eabi/12.3.1/../../../../arm-none-eabi/lib/thumb/v7e-m+fp/hard/libnosys.a
END GROUP
START GROUP
LOAD /Applications/STM32CubeIDE.app/Contents/Eclipse/plugins/com.st.stm32cube.ide.mcu.externaltools.gnu-tools-for-stm32.12.3.rel1.macos64_1.0.200.202406191456/tools/bin/../lib/gcc/arm-none-eabi/12.3.1/thumb/v7e-m+fp/hard/libgcc.a
LOAD /Applications/STM32CubeIDE.app/Contents/Eclipse/plugins/com.st.stm32cube.ide.mcu.externaltools.gnu-tools-for-stm32.12.3.rel1.macos64_1.0.200.202406191456/tools/bin/../lib/gcc/arm-none-eabi/12.3.1/../../../../arm-none-eabi/lib/thumb/v7e-m+fp/hard/libc_nano.a
LOAD /Applications/STM32CubeIDE.app/Contents/Eclipse/plugins/com.st.stm32cube.ide.mcu.externaltools.gnu-tools-for-stm32.12.3.rel1.macos64_1.0.200.202406191456/tools/bin/../lib/gcc/arm-none-eabi/12.3.1/../../../../arm-none-eabi/lib/thumb/v7e-m+fp/hard/libnosys.a
END GROUP
LOAD /Applications/STM32CubeIDE.app/Contents/Eclipse/plugins/com.st.stm32cube.ide.mcu.externaltools.gnu-tools-for-stm32.12.3.rel1.macos64_1.0.200.202406191456/tools/bin/../lib/gcc/arm-none-eabi/12.3.1/thumb/v7e-m+fp/hard/crtend.o
LOAD /Applications/STM32CubeIDE.app/Contents/Eclipse/plugins/com.st.stm32cube.ide.mcu.externaltools.gnu-tools-for-stm32.12.3.rel1.macos64_1.0.200.202406191456/tools/bin/../lib/gcc/arm-none-eabi/12.3.1/thumb/v7e-m+fp/hard/crtn.o
                0x20018000                        _estack = (ORIGIN (RAM) + LENGTH (RAM))
                0x00000200                        _Min_Heap_Size = 0x200
                0x00000400                        _Min_Stack_Size = 0x400

.isr_vector     0x08000000      0x188
                0x08000000                        . = ALIGN (0x4)
 *(.isr_vector)
 .isr_vector    0x08000000      0x188 ./Core/Startup/startup_stm32l476rgtx.o
                0x08000000                g_pfnVectors
                0x08000188                        . = ALIGN (0x4)

.text           0x08000188     0xa6c4
                0x08000188                        . = ALIGN (0x4)
 *(.text)
 .text          0x08000188       0x40 /Applications/STM32CubeIDE.app/Contents/Eclipse/plugins/com.st.stm32cube.ide.mcu.externaltools.gnu-tools-for-stm32.12.3.rel1.macos64_1.0.200.202406191456/tools/bin/../lib/gcc/arm-none-eabi/12.3.1/thumb/v7e-m+fp/hard/crtbegin.o
 .text          0x080001c8       0x30 /Applications/STM32CubeIDE.app/Contents/Eclipse/plugins/com.st.stm32cube.ide.mcu.externaltools.gnu-tools-for-stm32.12.3.rel1.macos64_1.0.200.202406191456/tools/bin/../lib/gcc/arm-none-eabi/12.3.1/thumb/v7e-m+fp/hard/libgcc.a(_aeabi_uldivmod.o)
                0x080001c8                __aeabi_uldivmod
 .text          0x080001f8      0x2bc /Applications/STM32CubeIDE.app/Contents/Eclipse/plugins/com.st.stm32cube.ide.mcu.externaltools.gnu-tools-for-stm32.12.3.rel1.macos64_1.0.200.202406191456/tools/bin/../lib/gcc/arm-none-eabi/12.3.1/thumb/v7e-m+fp/hard/libgcc.a(_udivmoddi4.o)
                0x080001f8                __udivmoddi4
 .text          0x080004b4        0x4 /Applications/STM32CubeIDE.app/Contents/Eclipse/plugins/com.st.stm32cube.ide.mcu.externaltools.gnu-tools-for-stm32.12.3.rel1.macos64_1.0.200.202406191456/tools/bin/../lib/gcc/arm-none-eabi/12.3.1/thumb/v7e-m+fp/hard/libgcc.a(_dvmd_tls.o)
                0x080004b4                __aeabi_ldiv0
                0x080004b4                __aeabi_idiv0
 *(.text*)
 .text.DACx1416_nCS
                0x080004b8       0x32 ./Core/Src/DACx1416.o
                0x080004b8                DACx1416_nCS
 *fill*         0x080004ea        0x2 
 .text.DACx1416_nLDAC
                0x080004ec       0x34 ./Core/Src/DACx1416.o
                0x080004ec                DACx1416_nLDAC
 .text.DACx1416_nRESET
                0x08000520       0x34 ./Core/Src/DACx1416.o
                0x08000520                DACx1416_nRESET
 .text.DACx1416_nCLR
                0x08000554       0x34 ./Core/Src/DACx1416.o
                0x08000554                DACx1416_nCLR
 .text.DACx1416_tgl
                0x08000588       0x54 ./Core/Src/DACx1416.o
                0x08000588                DACx1416_tgl
 .text.DACx1416_SPI_transmit
                0x080005dc       0x84 ./Core/Src/DACx1416.o
                0x080005dc                DACx1416_SPI_transmit
 .text.DACx1416_SPI_receive
                0x08000660       0x90 ./Core/Src/DACx1416.o
                0x08000660                DACx1416_SPI_receive
 .text.DACx1416_SPI_transmitReceive
                0x080006f0       0x2c ./Core/Src/DACx1416.o
                0x080006f0                DACx1416_SPI_transmitReceive
 .text.DACx1416_write_register
                0x0800071c       0xb4 ./Core/Src/DACx1416.o
                0x0800071c                DACx1416_write_register
 .text.DACx1416_read_register
                0x080007d0       0xfc ./Core/Src/DACx1416.o
                0x080007d0                DACx1416_read_register
 .text.DACx1416_get_device_id
                0x080008cc       0x42 ./Core/Src/DACx1416.o
                0x080008cc                DACx1416_get_device_id
 .text.DACx1416_get_spiConfig
                0x0800090e       0xf6 ./Core/Src/DACx1416.o
                0x0800090e                DACx1416_get_spiConfig
 .text.parseExtendedCmd
                0x08000a04      0x110 ./Core/Src/cmdParser.o
                0x08000a04                parseExtendedCmd
 .text.parseCmd
                0x08000b14       0xbc ./Core/Src/cmdParser.o
                0x08000b14                parseCmd
 .text.main     0x08000bd0      0x1c4 ./Core/Src/main.o
                0x08000bd0                main
 .text.SystemClock_Config
                0x08000d94       0xa4 ./Core/Src/main.o
                0x08000d94                SystemClock_Config
 .text.MX_CRC_Init
                0x08000e38       0x58 ./Core/Src/main.o
 .text.MX_SPI1_Init
                0x08000e90       0xe8 ./Core/Src/main.o
 .text.MX_USART1_UART_Init
                0x08000f78       0x60 ./Core/Src/main.o
 .text.MX_GPIO_Init
                0x08000fd8       0xdc ./Core/Src/main.o
 .text.calculate_crc8
                0x080010b4       0x2c ./Core/Src/main.o
                0x080010b4                calculate_crc8
 .text.HAL_SPI_ErrorCallback
                0x080010e0       0x24 ./Core/Src/main.o
                0x080010e0                HAL_SPI_ErrorCallback
 .text.HAL_TIM_PeriodElapsedCallback
                0x08001104       0x24 ./Core/Src/main.o
                0x08001104                HAL_TIM_PeriodElapsedCallback
 .text.Error_Handler
                0x08001128        0xc ./Core/Src/main.o
                0x08001128                Error_Handler
 .text.HAL_MspInit
                0x08001134       0x48 ./Core/Src/stm32l4xx_hal_msp.o
                0x08001134                HAL_MspInit
 .text.HAL_CRC_MspInit
                0x0800117c       0x40 ./Core/Src/stm32l4xx_hal_msp.o
                0x0800117c                HAL_CRC_MspInit
 .text.HAL_SPI_MspInit
                0x080011bc       0x94 ./Core/Src/stm32l4xx_hal_msp.o
                0x080011bc                HAL_SPI_MspInit
 .text.HAL_UART_MspInit
                0x08001250       0xbc ./Core/Src/stm32l4xx_hal_msp.o
                0x08001250                HAL_UART_MspInit
 .text.HAL_InitTick
                0x0800130c       0xdc ./Core/Src/stm32l4xx_hal_timebase_tim.o
                0x0800130c                HAL_InitTick
 .text.NMI_Handler
                0x080013e8        0x8 ./Core/Src/stm32l4xx_it.o
                0x080013e8                NMI_Handler
 .text.HardFault_Handler
                0x080013f0        0x8 ./Core/Src/stm32l4xx_it.o
                0x080013f0                HardFault_Handler
 .text.MemManage_Handler
                0x080013f8        0x8 ./Core/Src/stm32l4xx_it.o
                0x080013f8                MemManage_Handler
 .text.BusFault_Handler
                0x08001400        0x8 ./Core/Src/stm32l4xx_it.o
                0x08001400                BusFault_Handler
 .text.UsageFault_Handler
                0x08001408        0x8 ./Core/Src/stm32l4xx_it.o
                0x08001408                UsageFault_Handler
 .text.SVC_Handler
                0x08001410        0xe ./Core/Src/stm32l4xx_it.o
                0x08001410                SVC_Handler
 .text.DebugMon_Handler
                0x0800141e        0xe ./Core/Src/stm32l4xx_it.o
                0x0800141e                DebugMon_Handler
 .text.PendSV_Handler
                0x0800142c        0xe ./Core/Src/stm32l4xx_it.o
                0x0800142c                PendSV_Handler
 .text.SysTick_Handler
                0x0800143a        0xe ./Core/Src/stm32l4xx_it.o
                0x0800143a                SysTick_Handler
 .text.TIM1_UP_TIM16_IRQHandler
                0x08001448       0x14 ./Core/Src/stm32l4xx_it.o
                0x08001448                TIM1_UP_TIM16_IRQHandler
 .text.SPI1_IRQHandler
                0x0800145c       0x14 ./Core/Src/stm32l4xx_it.o
                0x0800145c                SPI1_IRQHandler
 .text.OTG_FS_IRQHandler
                0x08001470       0x14 ./Core/Src/stm32l4xx_it.o
                0x08001470                OTG_FS_IRQHandler
 .text.SystemInit
                0x08001484       0x24 ./Core/Src/system_stm32l4xx.o
                0x08001484                SystemInit
 .text.Reset_Handler
                0x080014a8       0x50 ./Core/Startup/startup_stm32l476rgtx.o
                0x080014a8                Reset_Handler
 .text.Default_Handler
                0x080014f8        0x2 ./Core/Startup/startup_stm32l476rgtx.o
                0x080014f8                TIM1_BRK_TIM15_IRQHandler
                0x080014f8                EXTI2_IRQHandler
                0x080014f8                TIM8_TRG_COM_IRQHandler
                0x080014f8                TIM8_CC_IRQHandler
                0x080014f8                TIM1_CC_IRQHandler
                0x080014f8                TSC_IRQHandler
                0x080014f8                TAMP_STAMP_IRQHandler
                0x080014f8                EXTI3_IRQHandler
                0x080014f8                LPTIM2_IRQHandler
                0x080014f8                DFSDM1_FLT1_IRQHandler
                0x080014f8                I2C3_ER_IRQHandler
                0x080014f8                DFSDM1_FLT2_IRQHandler
                0x080014f8                EXTI0_IRQHandler
                0x080014f8                I2C2_EV_IRQHandler
                0x080014f8                CAN1_RX0_IRQHandler
                0x080014f8                FPU_IRQHandler
                0x080014f8                ADC1_2_IRQHandler
                0x080014f8                TIM6_DAC_IRQHandler
                0x080014f8                TIM8_UP_IRQHandler
                0x080014f8                DMA2_Channel2_IRQHandler
                0x080014f8                DMA1_Channel4_IRQHandler
                0x080014f8                SAI2_IRQHandler
                0x080014f8                DFSDM1_FLT3_IRQHandler
                0x080014f8                USART3_IRQHandler
                0x080014f8                DMA1_Channel7_IRQHandler
                0x080014f8                CAN1_RX1_IRQHandler
                0x080014f8                LCD_IRQHandler
                0x080014f8                UART5_IRQHandler
                0x080014f8                ADC3_IRQHandler
                0x080014f8                TIM4_IRQHandler
                0x080014f8                DMA2_Channel1_IRQHandler
                0x080014f8                QUADSPI_IRQHandler
                0x080014f8                I2C1_EV_IRQHandler
                0x080014f8                DMA1_Channel6_IRQHandler
                0x080014f8                UART4_IRQHandler
                0x080014f8                DMA2_Channel4_IRQHandler
                0x080014f8                TIM3_IRQHandler
                0x080014f8                RCC_IRQHandler
                0x080014f8                DMA1_Channel1_IRQHandler
                0x080014f8                Default_Handler
                0x080014f8                DMA2_Channel7_IRQHandler
                0x080014f8                EXTI15_10_IRQHandler
                0x080014f8                TIM7_IRQHandler
                0x080014f8                SDMMC1_IRQHandler
                0x080014f8                TIM5_IRQHandler
                0x080014f8                I2C3_EV_IRQHandler
                0x080014f8                EXTI9_5_IRQHandler
                0x080014f8                RTC_WKUP_IRQHandler
                0x080014f8                PVD_PVM_IRQHandler
                0x080014f8                SPI2_IRQHandler
                0x080014f8                CAN1_TX_IRQHandler
                0x080014f8                DMA2_Channel5_IRQHandler
                0x080014f8                DMA1_Channel5_IRQHandler
                0x080014f8                EXTI4_IRQHandler
                0x080014f8                RNG_IRQHandler
                0x080014f8                TIM1_TRG_COM_TIM17_IRQHandler
                0x080014f8                DMA1_Channel3_IRQHandler
                0x080014f8                COMP_IRQHandler
                0x080014f8                WWDG_IRQHandler
                0x080014f8                LPUART1_IRQHandler
                0x080014f8                DMA2_Channel6_IRQHandler
                0x080014f8                TIM2_IRQHandler
                0x080014f8                EXTI1_IRQHandler
                0x080014f8                USART2_IRQHandler
                0x080014f8                DFSDM1_FLT0_IRQHandler
                0x080014f8                I2C2_ER_IRQHandler
                0x080014f8                DMA1_Channel2_IRQHandler
                0x080014f8                TIM8_BRK_IRQHandler
                0x080014f8                CAN1_SCE_IRQHandler
                0x080014f8                FLASH_IRQHandler
                0x080014f8                USART1_IRQHandler
                0x080014f8                SPI3_IRQHandler
                0x080014f8                I2C1_ER_IRQHandler
                0x080014f8                FMC_IRQHandler
                0x080014f8                SWPMI1_IRQHandler
                0x080014f8                LPTIM1_IRQHandler
                0x080014f8                SAI1_IRQHandler
                0x080014f8                DMA2_Channel3_IRQHandler
                0x080014f8                RTC_Alarm_IRQHandler
 .text.HAL_Init
                0x080014fa       0x30 ./Drivers/STM32L4xx_HAL_Driver/Src/stm32l4xx_hal.o
                0x080014fa                HAL_Init
 *fill*         0x0800152a        0x2 
 .text.HAL_IncTick
                0x0800152c       0x28 ./Drivers/STM32L4xx_HAL_Driver/Src/stm32l4xx_hal.o
                0x0800152c                HAL_IncTick
 .text.HAL_GetTick
                0x08001554       0x18 ./Drivers/STM32L4xx_HAL_Driver/Src/stm32l4xx_hal.o
                0x08001554                HAL_GetTick
 .text.HAL_Delay
                0x0800156c       0x48 ./Drivers/STM32L4xx_HAL_Driver/Src/stm32l4xx_hal.o
                0x0800156c                HAL_Delay
 .text.__NVIC_SetPriorityGrouping
                0x080015b4       0x48 ./Drivers/STM32L4xx_HAL_Driver/Src/stm32l4xx_hal_cortex.o
 .text.__NVIC_GetPriorityGrouping
                0x080015fc       0x1c ./Drivers/STM32L4xx_HAL_Driver/Src/stm32l4xx_hal_cortex.o
 .text.__NVIC_EnableIRQ
                0x08001618       0x3c ./Drivers/STM32L4xx_HAL_Driver/Src/stm32l4xx_hal_cortex.o
 .text.__NVIC_SetPriority
                0x08001654       0x54 ./Drivers/STM32L4xx_HAL_Driver/Src/stm32l4xx_hal_cortex.o
 .text.NVIC_EncodePriority
                0x080016a8       0x66 ./Drivers/STM32L4xx_HAL_Driver/Src/stm32l4xx_hal_cortex.o
 .text.HAL_NVIC_SetPriorityGrouping
                0x0800170e       0x16 ./Drivers/STM32L4xx_HAL_Driver/Src/stm32l4xx_hal_cortex.o
                0x0800170e                HAL_NVIC_SetPriorityGrouping
 .text.HAL_NVIC_SetPriority
                0x08001724       0x38 ./Drivers/STM32L4xx_HAL_Driver/Src/stm32l4xx_hal_cortex.o
                0x08001724                HAL_NVIC_SetPriority
 .text.HAL_NVIC_EnableIRQ
                0x0800175c       0x1c ./Drivers/STM32L4xx_HAL_Driver/Src/stm32l4xx_hal_cortex.o
                0x0800175c                HAL_NVIC_EnableIRQ
 .text.HAL_CRC_Init
                0x08001778       0xc8 ./Drivers/STM32L4xx_HAL_Driver/Src/stm32l4xx_hal_crc.o
                0x08001778                HAL_CRC_Init
 .text.HAL_CRC_Calculate
                0x08001840       0x98 ./Drivers/STM32L4xx_HAL_Driver/Src/stm32l4xx_hal_crc.o
                0x08001840                HAL_CRC_Calculate
 .text.CRC_Handle_8
                0x080018d8      0x11c ./Drivers/STM32L4xx_HAL_Driver/Src/stm32l4xx_hal_crc.o
 .text.CRC_Handle_16
                0x080019f4       0x74 ./Drivers/STM32L4xx_HAL_Driver/Src/stm32l4xx_hal_crc.o
 .text.HAL_CRCEx_Polynomial_Set
                0x08001a68      0x11c ./Drivers/STM32L4xx_HAL_Driver/Src/stm32l4xx_hal_crc_ex.o
                0x08001a68                HAL_CRCEx_Polynomial_Set
 .text.HAL_DMA_Abort_IT
                0x08001b84       0x82 ./Drivers/STM32L4xx_HAL_Driver/Src/stm32l4xx_hal_dma.o
                0x08001b84                HAL_DMA_Abort_IT
 *fill*         0x08001c06        0x2 
 .text.HAL_GPIO_Init
                0x08001c08      0x354 ./Drivers/STM32L4xx_HAL_Driver/Src/stm32l4xx_hal_gpio.o
                0x08001c08                HAL_GPIO_Init
 .text.HAL_GPIO_WritePin
                0x08001f5c       0x30 ./Drivers/STM32L4xx_HAL_Driver/Src/stm32l4xx_hal_gpio.o
                0x08001f5c                HAL_GPIO_WritePin
 .text.HAL_PCD_Init
                0x08001f8c      0x21e ./Drivers/STM32L4xx_HAL_Driver/Src/stm32l4xx_hal_pcd.o
                0x08001f8c                HAL_PCD_Init
 .text.HAL_PCD_Start
                0x080021aa       0x5e ./Drivers/STM32L4xx_HAL_Driver/Src/stm32l4xx_hal_pcd.o
                0x080021aa                HAL_PCD_Start
 .text.HAL_PCD_IRQHandler
                0x08002208      0x92c ./Drivers/STM32L4xx_HAL_Driver/Src/stm32l4xx_hal_pcd.o
                0x08002208                HAL_PCD_IRQHandler
 .text.HAL_PCD_SetAddress
                0x08002b34       0x48 ./Drivers/STM32L4xx_HAL_Driver/Src/stm32l4xx_hal_pcd.o
                0x08002b34                HAL_PCD_SetAddress
 .text.HAL_PCD_EP_Open
                0x08002b7c       0xd4 ./Drivers/STM32L4xx_HAL_Driver/Src/stm32l4xx_hal_pcd.o
                0x08002b7c                HAL_PCD_EP_Open
 .text.HAL_PCD_EP_Close
                0x08002c50       0x94 ./Drivers/STM32L4xx_HAL_Driver/Src/stm32l4xx_hal_pcd.o
                0x08002c50                HAL_PCD_EP_Close
 .text.HAL_PCD_EP_Receive
                0x08002ce4       0x64 ./Drivers/STM32L4xx_HAL_Driver/Src/stm32l4xx_hal_pcd.o
                0x08002ce4                HAL_PCD_EP_Receive
 .text.HAL_PCD_EP_GetRxCount
                0x08002d48       0x30 ./Drivers/STM32L4xx_HAL_Driver/Src/stm32l4xx_hal_pcd.o
                0x08002d48                HAL_PCD_EP_GetRxCount
 .text.HAL_PCD_EP_Transmit
                0x08002d78       0x62 ./Drivers/STM32L4xx_HAL_Driver/Src/stm32l4xx_hal_pcd.o
                0x08002d78                HAL_PCD_EP_Transmit
 .text.HAL_PCD_EP_SetStall
                0x08002dda       0xc4 ./Drivers/STM32L4xx_HAL_Driver/Src/stm32l4xx_hal_pcd.o
                0x08002dda                HAL_PCD_EP_SetStall
 .text.HAL_PCD_EP_ClrStall
                0x08002e9e       0xac ./Drivers/STM32L4xx_HAL_Driver/Src/stm32l4xx_hal_pcd.o
                0x08002e9e                HAL_PCD_EP_ClrStall
 .text.HAL_PCD_EP_Abort
                0x08002f4a       0x62 ./Drivers/STM32L4xx_HAL_Driver/Src/stm32l4xx_hal_pcd.o
                0x08002f4a                HAL_PCD_EP_Abort
 .text.PCD_WriteEmptyTxFifo
                0x08002fac      0x110 ./Drivers/STM32L4xx_HAL_Driver/Src/stm32l4xx_hal_pcd.o
 .text.PCD_EP_OutXfrComplete_int
                0x080030bc       0x9c ./Drivers/STM32L4xx_HAL_Driver/Src/stm32l4xx_hal_pcd.o
 .text.PCD_EP_OutSetupPacket_int
                0x08003158       0x68 ./Drivers/STM32L4xx_HAL_Driver/Src/stm32l4xx_hal_pcd.o
 .text.HAL_PCDEx_SetTxFiFo
                0x080031c0       0x8e ./Drivers/STM32L4xx_HAL_Driver/Src/stm32l4xx_hal_pcd_ex.o
                0x080031c0                HAL_PCDEx_SetTxFiFo
 .text.HAL_PCDEx_SetRxFiFo
                0x0800324e       0x22 ./Drivers/STM32L4xx_HAL_Driver/Src/stm32l4xx_hal_pcd_ex.o
                0x0800324e                HAL_PCDEx_SetRxFiFo
 .text.HAL_PCDEx_ActivateLPM
                0x08003270       0x48 ./Drivers/STM32L4xx_HAL_Driver/Src/stm32l4xx_hal_pcd_ex.o
                0x08003270                HAL_PCDEx_ActivateLPM
 .text.HAL_PWREx_GetVoltageRange
                0x080032b8       0x1c ./Drivers/STM32L4xx_HAL_Driver/Src/stm32l4xx_hal_pwr_ex.o
                0x080032b8                HAL_PWREx_GetVoltageRange
 .text.HAL_PWREx_ControlVoltageScaling
                0x080032d4       0xac ./Drivers/STM32L4xx_HAL_Driver/Src/stm32l4xx_hal_pwr_ex.o
                0x080032d4                HAL_PWREx_ControlVoltageScaling
 .text.HAL_PWREx_EnableVddUSB
                0x08003380       0x20 ./Drivers/STM32L4xx_HAL_Driver/Src/stm32l4xx_hal_pwr_ex.o
                0x08003380                HAL_PWREx_EnableVddUSB
 .text.HAL_RCC_OscConfig
                0x080033a0      0x7b8 ./Drivers/STM32L4xx_HAL_Driver/Src/stm32l4xx_hal_rcc.o
                0x080033a0                HAL_RCC_OscConfig
 .text.HAL_RCC_ClockConfig
                0x08003b58      0x200 ./Drivers/STM32L4xx_HAL_Driver/Src/stm32l4xx_hal_rcc.o
                0x08003b58                HAL_RCC_ClockConfig
 .text.HAL_RCC_GetSysClockFreq
                0x08003d58      0x114 ./Drivers/STM32L4xx_HAL_Driver/Src/stm32l4xx_hal_rcc.o
                0x08003d58                HAL_RCC_GetSysClockFreq
 .text.HAL_RCC_GetHCLKFreq
                0x08003e6c       0x18 ./Drivers/STM32L4xx_HAL_Driver/Src/stm32l4xx_hal_rcc.o
                0x08003e6c                HAL_RCC_GetHCLKFreq
 .text.HAL_RCC_GetPCLK1Freq
                0x08003e84       0x2c ./Drivers/STM32L4xx_HAL_Driver/Src/stm32l4xx_hal_rcc.o
                0x08003e84                HAL_RCC_GetPCLK1Freq
 .text.HAL_RCC_GetPCLK2Freq
                0x08003eb0       0x2c ./Drivers/STM32L4xx_HAL_Driver/Src/stm32l4xx_hal_rcc.o
                0x08003eb0                HAL_RCC_GetPCLK2Freq
 .text.HAL_RCC_GetClockConfig
                0x08003edc       0x64 ./Drivers/STM32L4xx_HAL_Driver/Src/stm32l4xx_hal_rcc.o
                0x08003edc                HAL_RCC_GetClockConfig
 .text.RCC_SetFlashLatencyFromMSIRange
                0x08003f40       0xc0 ./Drivers/STM32L4xx_HAL_Driver/Src/stm32l4xx_hal_rcc.o
 .text.HAL_RCCEx_PeriphCLKConfig
                0x08004000      0x5d4 ./Drivers/STM32L4xx_HAL_Driver/Src/stm32l4xx_hal_rcc_ex.o
                0x08004000                HAL_RCCEx_PeriphCLKConfig
 .text.RCCEx_PLLSAI1_Config
                0x080045d4      0x1e8 ./Drivers/STM32L4xx_HAL_Driver/Src/stm32l4xx_hal_rcc_ex.o
 .text.RCCEx_PLLSAI2_Config
                0x080047bc      0x1bc ./Drivers/STM32L4xx_HAL_Driver/Src/stm32l4xx_hal_rcc_ex.o
 .text.HAL_SPI_Init
                0x08004978      0x198 ./Drivers/STM32L4xx_HAL_Driver/Src/stm32l4xx_hal_spi.o
                0x08004978                HAL_SPI_Init
 .text.HAL_SPI_TransmitReceive
                0x08004b10      0x694 ./Drivers/STM32L4xx_HAL_Driver/Src/stm32l4xx_hal_spi.o
                0x08004b10                HAL_SPI_TransmitReceive
 .text.HAL_SPI_IRQHandler
                0x080051a4      0x1e8 ./Drivers/STM32L4xx_HAL_Driver/Src/stm32l4xx_hal_spi.o
                0x080051a4                HAL_SPI_IRQHandler
 .text.SPI_DMAAbortOnError
                0x0800538c       0x2a ./Drivers/STM32L4xx_HAL_Driver/Src/stm32l4xx_hal_spi.o
 *fill*         0x080053b6        0x2 
 .text.SPI_WaitFlagStateUntilTimeout
                0x080053b8      0x110 ./Drivers/STM32L4xx_HAL_Driver/Src/stm32l4xx_hal_spi.o
 .text.SPI_WaitFifoStateUntilTimeout
                0x080054c8      0x12c ./Drivers/STM32L4xx_HAL_Driver/Src/stm32l4xx_hal_spi.o
 .text.SPI_EndRxTxTransaction
                0x080055f4       0x8c ./Drivers/STM32L4xx_HAL_Driver/Src/stm32l4xx_hal_spi.o
 .text.HAL_TIM_Base_Init
                0x08005680       0xae ./Drivers/STM32L4xx_HAL_Driver/Src/stm32l4xx_hal_tim.o
                0x08005680                HAL_TIM_Base_Init
 .text.HAL_TIM_Base_MspInit
                0x0800572e       0x14 ./Drivers/STM32L4xx_HAL_Driver/Src/stm32l4xx_hal_tim.o
                0x0800572e                HAL_TIM_Base_MspInit
 *fill*         0x08005742        0x2 
 .text.HAL_TIM_Base_Start_IT
                0x08005744       0xe0 ./Drivers/STM32L4xx_HAL_Driver/Src/stm32l4xx_hal_tim.o
                0x08005744                HAL_TIM_Base_Start_IT
 .text.HAL_TIM_IRQHandler
                0x08005824      0x20e ./Drivers/STM32L4xx_HAL_Driver/Src/stm32l4xx_hal_tim.o
                0x08005824                HAL_TIM_IRQHandler
 .text.HAL_TIM_OC_DelayElapsedCallback
                0x08005a32       0x14 ./Drivers/STM32L4xx_HAL_Driver/Src/stm32l4xx_hal_tim.o
                0x08005a32                HAL_TIM_OC_DelayElapsedCallback
 .text.HAL_TIM_IC_CaptureCallback
                0x08005a46       0x14 ./Drivers/STM32L4xx_HAL_Driver/Src/stm32l4xx_hal_tim.o
                0x08005a46                HAL_TIM_IC_CaptureCallback
 .text.HAL_TIM_PWM_PulseFinishedCallback
                0x08005a5a       0x14 ./Drivers/STM32L4xx_HAL_Driver/Src/stm32l4xx_hal_tim.o
                0x08005a5a                HAL_TIM_PWM_PulseFinishedCallback
 .text.HAL_TIM_TriggerCallback
                0x08005a6e       0x14 ./Drivers/STM32L4xx_HAL_Driver/Src/stm32l4xx_hal_tim.o
                0x08005a6e                HAL_TIM_TriggerCallback
 *fill*         0x08005a82        0x2 
 .text.TIM_Base_SetConfig
                0x08005a84      0x14c ./Drivers/STM32L4xx_HAL_Driver/Src/stm32l4xx_hal_tim.o
                0x08005a84                TIM_Base_SetConfig
 .text.HAL_TIMEx_CommutCallback
                0x08005bd0       0x14 ./Drivers/STM32L4xx_HAL_Driver/Src/stm32l4xx_hal_tim_ex.o
                0x08005bd0                HAL_TIMEx_CommutCallback
 .text.HAL_TIMEx_BreakCallback
                0x08005be4       0x14 ./Drivers/STM32L4xx_HAL_Driver/Src/stm32l4xx_hal_tim_ex.o
                0x08005be4                HAL_TIMEx_BreakCallback
 .text.HAL_TIMEx_Break2Callback
                0x08005bf8       0x14 ./Drivers/STM32L4xx_HAL_Driver/Src/stm32l4xx_hal_tim_ex.o
                0x08005bf8                HAL_TIMEx_Break2Callback
 .text.HAL_UART_Init
                0x08005c0c       0x9c ./Drivers/STM32L4xx_HAL_Driver/Src/stm32l4xx_hal_uart.o
                0x08005c0c                HAL_UART_Init
 .text.UART_SetConfig
                0x08005ca8      0x570 ./Drivers/STM32L4xx_HAL_Driver/Src/stm32l4xx_hal_uart.o
                0x08005ca8                UART_SetConfig
 .text.UART_AdvFeatureConfig
                0x08006218      0x144 ./Drivers/STM32L4xx_HAL_Driver/Src/stm32l4xx_hal_uart.o
                0x08006218                UART_AdvFeatureConfig
 .text.UART_CheckIdleState
                0x0800635c      0x150 ./Drivers/STM32L4xx_HAL_Driver/Src/stm32l4xx_hal_uart.o
                0x0800635c                UART_CheckIdleState
 .text.UART_WaitOnFlagUntilTimeout
                0x080064ac       0xda ./Drivers/STM32L4xx_HAL_Driver/Src/stm32l4xx_hal_uart.o
                0x080064ac                UART_WaitOnFlagUntilTimeout
 .text.UART_EndRxTransfer
                0x08006586       0xc8 ./Drivers/STM32L4xx_HAL_Driver/Src/stm32l4xx_hal_uart.o
 .text.USB_CoreInit
                0x0800664e       0x5a ./Drivers/STM32L4xx_HAL_Driver/Src/stm32l4xx_ll_usb.o
                0x0800664e                USB_CoreInit
 .text.USB_SetTurnaroundTime
                0x080066a8      0x138 ./Drivers/STM32L4xx_HAL_Driver/Src/stm32l4xx_ll_usb.o
                0x080066a8                USB_SetTurnaroundTime
 .text.USB_EnableGlobalInt
                0x080067e0       0x22 ./Drivers/STM32L4xx_HAL_Driver/Src/stm32l4xx_ll_usb.o
                0x080067e0                USB_EnableGlobalInt
 .text.USB_DisableGlobalInt
                0x08006802       0x22 ./Drivers/STM32L4xx_HAL_Driver/Src/stm32l4xx_ll_usb.o
                0x08006802                USB_DisableGlobalInt
 .text.USB_SetCurrentMode
                0x08006824       0x98 ./Drivers/STM32L4xx_HAL_Driver/Src/stm32l4xx_ll_usb.o
                0x08006824                USB_SetCurrentMode
 .text.USB_DevInit
                0x080068bc      0x290 ./Drivers/STM32L4xx_HAL_Driver/Src/stm32l4xx_ll_usb.o
                0x080068bc                USB_DevInit
 .text.USB_FlushTxFifo
                0x08006b4c       0x64 ./Drivers/STM32L4xx_HAL_Driver/Src/stm32l4xx_ll_usb.o
                0x08006b4c                USB_FlushTxFifo
 .text.USB_FlushRxFifo
                0x08006bb0       0x5c ./Drivers/STM32L4xx_HAL_Driver/Src/stm32l4xx_ll_usb.o
                0x08006bb0                USB_FlushRxFifo
 .text.USB_SetDevSpeed
                0x08006c0c       0x32 ./Drivers/STM32L4xx_HAL_Driver/Src/stm32l4xx_ll_usb.o
                0x08006c0c                USB_SetDevSpeed
 .text.USB_GetDevSpeed
                0x08006c3e       0x3e ./Drivers/STM32L4xx_HAL_Driver/Src/stm32l4xx_ll_usb.o
                0x08006c3e                USB_GetDevSpeed
 .text.USB_ActivateEndpoint
                0x08006c7c      0x10e ./Drivers/STM32L4xx_HAL_Driver/Src/stm32l4xx_ll_usb.o
                0x08006c7c                USB_ActivateEndpoint
 *fill*         0x08006d8a        0x2 
 .text.USB_DeactivateEndpoint
                0x08006d8c      0x1b8 ./Drivers/STM32L4xx_HAL_Driver/Src/stm32l4xx_ll_usb.o
                0x08006d8c                USB_DeactivateEndpoint
 .text.USB_EPStartXfer
                0x08006f44      0x470 ./Drivers/STM32L4xx_HAL_Driver/Src/stm32l4xx_ll_usb.o
                0x08006f44                USB_EPStartXfer
 .text.USB_EPStopXfer
                0x080073b4      0x154 ./Drivers/STM32L4xx_HAL_Driver/Src/stm32l4xx_ll_usb.o
                0x080073b4                USB_EPStopXfer
 .text.USB_WritePacket
                0x08007508       0x74 ./Drivers/STM32L4xx_HAL_Driver/Src/stm32l4xx_ll_usb.o
                0x08007508                USB_WritePacket
 .text.USB_ReadPacket
                0x0800757c       0xb0 ./Drivers/STM32L4xx_HAL_Driver/Src/stm32l4xx_ll_usb.o
                0x0800757c                USB_ReadPacket
 .text.USB_EPSetStall
                0x0800762c       0xdc ./Drivers/STM32L4xx_HAL_Driver/Src/stm32l4xx_ll_usb.o
                0x0800762c                USB_EPSetStall
 .text.USB_EPClearStall
                0x08007708       0xcc ./Drivers/STM32L4xx_HAL_Driver/Src/stm32l4xx_ll_usb.o
                0x08007708                USB_EPClearStall
 .text.USB_SetDevAddress
                0x080077d4       0x4c ./Drivers/STM32L4xx_HAL_Driver/Src/stm32l4xx_ll_usb.o
                0x080077d4                USB_SetDevAddress
 .text.USB_DevConnect
                0x08007820       0x42 ./Drivers/STM32L4xx_HAL_Driver/Src/stm32l4xx_ll_usb.o
                0x08007820                USB_DevConnect
 .text.USB_DevDisconnect
                0x08007862       0x42 ./Drivers/STM32L4xx_HAL_Driver/Src/stm32l4xx_ll_usb.o
                0x08007862                USB_DevDisconnect
 .text.USB_ReadInterrupts
                0x080078a4       0x26 ./Drivers/STM32L4xx_HAL_Driver/Src/stm32l4xx_ll_usb.o
                0x080078a4                USB_ReadInterrupts
 .text.USB_ReadDevAllOutEpInterrupt
                0x080078ca       0x34 ./Drivers/STM32L4xx_HAL_Driver/Src/stm32l4xx_ll_usb.o
                0x080078ca                USB_ReadDevAllOutEpInterrupt
 .text.USB_ReadDevAllInEpInterrupt
                0x080078fe       0x34 ./Drivers/STM32L4xx_HAL_Driver/Src/stm32l4xx_ll_usb.o
                0x080078fe                USB_ReadDevAllInEpInterrupt
 .text.USB_ReadDevOutEPInterrupt
                0x08007932       0x3c ./Drivers/STM32L4xx_HAL_Driver/Src/stm32l4xx_ll_usb.o
                0x08007932                USB_ReadDevOutEPInterrupt
 .text.USB_ReadDevInEPInterrupt
                0x0800796e       0x5c ./Drivers/STM32L4xx_HAL_Driver/Src/stm32l4xx_ll_usb.o
                0x0800796e                USB_ReadDevInEPInterrupt
 .text.USB_GetMode
                0x080079ca       0x1c ./Drivers/STM32L4xx_HAL_Driver/Src/stm32l4xx_ll_usb.o
                0x080079ca                USB_GetMode
 .text.USB_ActivateSetup
                0x080079e6       0x46 ./Drivers/STM32L4xx_HAL_Driver/Src/stm32l4xx_ll_usb.o
                0x080079e6                USB_ActivateSetup
 .text.USB_EP0_OutStart
                0x08007a2c       0x90 ./Drivers/STM32L4xx_HAL_Driver/Src/stm32l4xx_ll_usb.o
                0x08007a2c                USB_EP0_OutStart
 .text.USB_CoreReset
                0x08007abc       0x62 ./Drivers/STM32L4xx_HAL_Driver/Src/stm32l4xx_ll_usb.o
 *fill*         0x08007b1e        0x2 
 .text.USBD_CDC_Init
                0x08007b20      0x1f0 ./Middlewares/ST/STM32_USB_Device_Library/Class/CDC/Src/usbd_cdc.o
 .text.USBD_CDC_DeInit
                0x08007d10      0x104 ./Middlewares/ST/STM32_USB_Device_Library/Class/CDC/Src/usbd_cdc.o
 .text.USBD_CDC_Setup
                0x08007e14      0x1b8 ./Middlewares/ST/STM32_USB_Device_Library/Class/CDC/Src/usbd_cdc.o
 .text.USBD_CDC_DataIn
                0x08007fcc       0xfe ./Middlewares/ST/STM32_USB_Device_Library/Class/CDC/Src/usbd_cdc.o
 .text.USBD_CDC_DataOut
                0x080080ca       0x70 ./Middlewares/ST/STM32_USB_Device_Library/Class/CDC/Src/usbd_cdc.o
 .text.USBD_CDC_EP0_RxReady
                0x0800813a       0x74 ./Middlewares/ST/STM32_USB_Device_Library/Class/CDC/Src/usbd_cdc.o
 *fill*         0x080081ae        0x2 
 .text.USBD_CDC_GetFSCfgDesc
                0x080081b0       0x70 ./Middlewares/ST/STM32_USB_Device_Library/Class/CDC/Src/usbd_cdc.o
 .text.USBD_CDC_GetHSCfgDesc
                0x08008220       0x70 ./Middlewares/ST/STM32_USB_Device_Library/Class/CDC/Src/usbd_cdc.o
 .text.USBD_CDC_GetOtherSpeedCfgDesc
                0x08008290       0x70 ./Middlewares/ST/STM32_USB_Device_Library/Class/CDC/Src/usbd_cdc.o
 .text.USBD_CDC_GetDeviceQualifierDescriptor
                0x08008300       0x20 ./Middlewares/ST/STM32_USB_Device_Library/Class/CDC/Src/usbd_cdc.o
                0x08008300                USBD_CDC_GetDeviceQualifierDescriptor
 .text.USBD_CDC_RegisterInterface
                0x08008320       0x34 ./Middlewares/ST/STM32_USB_Device_Library/Class/CDC/Src/usbd_cdc.o
                0x08008320                USBD_CDC_RegisterInterface
 .text.USBD_CDC_SetTxBuffer
                0x08008354       0x44 ./Middlewares/ST/STM32_USB_Device_Library/Class/CDC/Src/usbd_cdc.o
                0x08008354                USBD_CDC_SetTxBuffer
 .text.USBD_CDC_SetRxBuffer
                0x08008398       0x3a ./Middlewares/ST/STM32_USB_Device_Library/Class/CDC/Src/usbd_cdc.o
                0x08008398                USBD_CDC_SetRxBuffer
 *fill*         0x080083d2        0x2 
 .text.USBD_CDC_TransmitPacket
                0x080083d4       0x80 ./Middlewares/ST/STM32_USB_Device_Library/Class/CDC/Src/usbd_cdc.o
                0x080083d4                USBD_CDC_TransmitPacket
 .text.USBD_CDC_ReceivePacket
                0x08008454       0x6c ./Middlewares/ST/STM32_USB_Device_Library/Class/CDC/Src/usbd_cdc.o
                0x08008454                USBD_CDC_ReceivePacket
 .text.USBD_Init
                0x080084c0       0x60 ./Middlewares/ST/STM32_USB_Device_Library/Core/Src/usbd_core.o
                0x080084c0                USBD_Init
 .text.USBD_RegisterClass
                0x08008520       0x6c ./Middlewares/ST/STM32_USB_Device_Library/Core/Src/usbd_core.o
                0x08008520                USBD_RegisterClass
 .text.USBD_Start
                0x0800858c       0x18 ./Middlewares/ST/STM32_USB_Device_Library/Core/Src/usbd_core.o
                0x0800858c                USBD_Start
 .text.USBD_RunTestMode
                0x080085a4       0x16 ./Middlewares/ST/STM32_USB_Device_Library/Core/Src/usbd_core.o
                0x080085a4                USBD_RunTestMode
 .text.USBD_SetClassConfig
                0x080085ba       0x38 ./Middlewares/ST/STM32_USB_Device_Library/Core/Src/usbd_core.o
                0x080085ba                USBD_SetClassConfig
 .text.USBD_ClrClassConfig
                0x080085f2       0x34 ./Middlewares/ST/STM32_USB_Device_Library/Core/Src/usbd_core.o
                0x080085f2                USBD_ClrClassConfig
 .text.USBD_LL_SetupStage
                0x08008626       0xaa ./Middlewares/ST/STM32_USB_Device_Library/Core/Src/usbd_core.o
                0x08008626                USBD_LL_SetupStage
 .text.USBD_LL_DataOutStage
                0x080086d0      0x166 ./Middlewares/ST/STM32_USB_Device_Library/Core/Src/usbd_core.o
                0x080086d0                USBD_LL_DataOutStage
 .text.USBD_LL_DataInStage
                0x08008836      0x164 ./Middlewares/ST/STM32_USB_Device_Library/Core/Src/usbd_core.o
                0x08008836                USBD_LL_DataInStage
 .text.USBD_LL_Reset
                0x0800899a       0xa4 ./Middlewares/ST/STM32_USB_Device_Library/Core/Src/usbd_core.o
                0x0800899a                USBD_LL_Reset
 .text.USBD_LL_SetSpeed
                0x08008a3e       0x20 ./Middlewares/ST/STM32_USB_Device_Library/Core/Src/usbd_core.o
                0x08008a3e                USBD_LL_SetSpeed
 .text.USBD_LL_Suspend
                0x08008a5e       0x38 ./Middlewares/ST/STM32_USB_Device_Library/Core/Src/usbd_core.o
                0x08008a5e                USBD_LL_Suspend
 .text.USBD_LL_Resume
                0x08008a96       0x30 ./Middlewares/ST/STM32_USB_Device_Library/Core/Src/usbd_core.o
                0x08008a96                USBD_LL_Resume
 .text.USBD_LL_SOF
                0x08008ac6       0x40 ./Middlewares/ST/STM32_USB_Device_Library/Core/Src/usbd_core.o
                0x08008ac6                USBD_LL_SOF
 .text.USBD_LL_IsoINIncomplete
                0x08008b06       0x64 ./Middlewares/ST/STM32_USB_Device_Library/Core/Src/usbd_core.o
                0x08008b06                USBD_LL_IsoINIncomplete
 .text.USBD_LL_IsoOUTIncomplete
                0x08008b6a       0x64 ./Middlewares/ST/STM32_USB_Device_Library/Core/Src/usbd_core.o
                0x08008b6a                USBD_LL_IsoOUTIncomplete
 .text.USBD_LL_DevConnected
                0x08008bce       0x16 ./Middlewares/ST/STM32_USB_Device_Library/Core/Src/usbd_core.o
                0x08008bce                USBD_LL_DevConnected
 .text.USBD_LL_DevDisconnected
                0x08008be4       0x46 ./Middlewares/ST/STM32_USB_Device_Library/Core/Src/usbd_core.o
                0x08008be4                USBD_LL_DevDisconnected
 .text.USBD_CoreFindIF
                0x08008c2a       0x1a ./Middlewares/ST/STM32_USB_Device_Library/Core/Src/usbd_core.o
                0x08008c2a                USBD_CoreFindIF
 .text.USBD_CoreFindEP
                0x08008c44       0x1a ./Middlewares/ST/STM32_USB_Device_Library/Core/Src/usbd_core.o
                0x08008c44                USBD_CoreFindEP
 .text.USBD_GetEpDesc
                0x08008c5e       0x70 ./Middlewares/ST/STM32_USB_Device_Library/Core/Src/usbd_core.o
                0x08008c5e                USBD_GetEpDesc
 .text.USBD_GetNextDesc
                0x08008cce       0x38 ./Middlewares/ST/STM32_USB_Device_Library/Core/Src/usbd_core.o
                0x08008cce                USBD_GetNextDesc
 .text.SWAPBYTE
                0x08008d06       0x3c ./Middlewares/ST/STM32_USB_Device_Library/Core/Src/usbd_ctlreq.o
 *fill*         0x08008d42        0x2 
 .text.USBD_StdDevReq
                0x08008d44       0xe4 ./Middlewares/ST/STM32_USB_Device_Library/Core/Src/usbd_ctlreq.o
                0x08008d44                USBD_StdDevReq
 .text.USBD_StdItfReq
                0x08008e28       0xd8 ./Middlewares/ST/STM32_USB_Device_Library/Core/Src/usbd_ctlreq.o
                0x08008e28                USBD_StdItfReq
 .text.USBD_StdEPReq
                0x08008f00      0x33a ./Middlewares/ST/STM32_USB_Device_Library/Core/Src/usbd_ctlreq.o
                0x08008f00                USBD_StdEPReq
 *fill*         0x0800923a        0x2 
 .text.USBD_GetDescriptor
                0x0800923c      0x328 ./Middlewares/ST/STM32_USB_Device_Library/Core/Src/usbd_ctlreq.o
 .text.USBD_SetAddress
                0x08009564       0x88 ./Middlewares/ST/STM32_USB_Device_Library/Core/Src/usbd_ctlreq.o
 .text.USBD_SetConfig
                0x080095ec      0x154 ./Middlewares/ST/STM32_USB_Device_Library/Core/Src/usbd_ctlreq.o
 .text.USBD_GetConfig
                0x08009740       0x6c ./Middlewares/ST/STM32_USB_Device_Library/Core/Src/usbd_ctlreq.o
 .text.USBD_GetStatus
                0x080097ac       0x68 ./Middlewares/ST/STM32_USB_Device_Library/Core/Src/usbd_ctlreq.o
 .text.USBD_SetFeature
                0x08009814       0x52 ./Middlewares/ST/STM32_USB_Device_Library/Core/Src/usbd_ctlreq.o
 .text.USBD_ClrFeature
                0x08009866       0x44 ./Middlewares/ST/STM32_USB_Device_Library/Core/Src/usbd_ctlreq.o
 .text.USBD_ParseSetupRequest
                0x080098aa       0x74 ./Middlewares/ST/STM32_USB_Device_Library/Core/Src/usbd_ctlreq.o
                0x080098aa                USBD_ParseSetupRequest
 .text.USBD_CtlError
                0x0800991e       0x22 ./Middlewares/ST/STM32_USB_Device_Library/Core/Src/usbd_ctlreq.o
                0x0800991e                USBD_CtlError
 .text.USBD_GetString
                0x08009940       0xa4 ./Middlewares/ST/STM32_USB_Device_Library/Core/Src/usbd_ctlreq.o
                0x08009940                USBD_GetString
 .text.USBD_GetLen
                0x080099e4       0x34 ./Middlewares/ST/STM32_USB_Device_Library/Core/Src/usbd_ctlreq.o
 .text.USBD_CtlSendData
                0x08009a18       0x36 ./Middlewares/ST/STM32_USB_Device_Library/Core/Src/usbd_ioreq.o
                0x08009a18                USBD_CtlSendData
 .text.USBD_CtlContinueSendData
                0x08009a4e       0x22 ./Middlewares/ST/STM32_USB_Device_Library/Core/Src/usbd_ioreq.o
                0x08009a4e                USBD_CtlContinueSendData
 .text.USBD_CtlPrepareRx
                0x08009a70       0x3a ./Middlewares/ST/STM32_USB_Device_Library/Core/Src/usbd_ioreq.o
                0x08009a70                USBD_CtlPrepareRx
 .text.USBD_CtlContinueRx
                0x08009aaa       0x22 ./Middlewares/ST/STM32_USB_Device_Library/Core/Src/usbd_ioreq.o
                0x08009aaa                USBD_CtlContinueRx
 .text.USBD_CtlSendStatus
                0x08009acc       0x26 ./Middlewares/ST/STM32_USB_Device_Library/Core/Src/usbd_ioreq.o
                0x08009acc                USBD_CtlSendStatus
 .text.USBD_CtlReceiveStatus
                0x08009af2       0x26 ./Middlewares/ST/STM32_USB_Device_Library/Core/Src/usbd_ioreq.o
                0x08009af2                USBD_CtlReceiveStatus
 .text.MX_USB_DEVICE_Init
                0x08009b18       0x60 ./USB_DEVICE/App/usb_device.o
                0x08009b18                MX_USB_DEVICE_Init
 .text.CDC_Init_FS
                0x08009b78       0x28 ./USB_DEVICE/App/usbd_cdc_if.o
 .text.CDC_DeInit_FS
                0x08009ba0       0x10 ./USB_DEVICE/App/usbd_cdc_if.o
 .text.CDC_Control_FS
                0x08009bb0       0xbc ./USB_DEVICE/App/usbd_cdc_if.o
 .text.CDC_Receive_FS
                0x08009c6c       0x34 ./USB_DEVICE/App/usbd_cdc_if.o
 .text.CDC_Transmit_FS
                0x08009ca0       0x4c ./USB_DEVICE/App/usbd_cdc_if.o
                0x08009ca0                CDC_Transmit_FS
 .text.CDC_TransmitCplt_FS
                0x08009cec       0x22 ./USB_DEVICE/App/usbd_cdc_if.o
 *fill*         0x08009d0e        0x2 
 .text.USBD_FS_DeviceDescriptor
                0x08009d10       0x24 ./USB_DEVICE/App/usbd_desc.o
                0x08009d10                USBD_FS_DeviceDescriptor
 .text.USBD_FS_LangIDStrDescriptor
                0x08009d34       0x24 ./USB_DEVICE/App/usbd_desc.o
                0x08009d34                USBD_FS_LangIDStrDescriptor
 .text.USBD_FS_ProductStrDescriptor
                0x08009d58       0x3c ./USB_DEVICE/App/usbd_desc.o
                0x08009d58                USBD_FS_ProductStrDescriptor
 .text.USBD_FS_ManufacturerStrDescriptor
                0x08009d94       0x28 ./USB_DEVICE/App/usbd_desc.o
                0x08009d94                USBD_FS_ManufacturerStrDescriptor
 .text.USBD_FS_SerialStrDescriptor
                0x08009dbc       0x24 ./USB_DEVICE/App/usbd_desc.o
                0x08009dbc                USBD_FS_SerialStrDescriptor
 .text.USBD_FS_ConfigStrDescriptor
                0x08009de0       0x3c ./USB_DEVICE/App/usbd_desc.o
                0x08009de0                USBD_FS_ConfigStrDescriptor
 .text.USBD_FS_InterfaceStrDescriptor
                0x08009e1c       0x3c ./USB_DEVICE/App/usbd_desc.o
                0x08009e1c                USBD_FS_InterfaceStrDescriptor
 .text.USBD_FS_USR_BOSDescriptor
                0x08009e58       0x24 ./USB_DEVICE/App/usbd_desc.o
                0x08009e58                USBD_FS_USR_BOSDescriptor
 .text.Get_SerialNum
                0x08009e7c       0x58 ./USB_DEVICE/App/usbd_desc.o
 .text.IntToUnicode
                0x08009ed4       0x7e ./USB_DEVICE/App/usbd_desc.o
 *fill*         0x08009f52        0x2 
 .text.HAL_PCD_MspInit
                0x08009f54      0x124 ./USB_DEVICE/Target/usbd_conf.o
                0x08009f54                HAL_PCD_MspInit
 .text.HAL_PCD_SetupStageCallback
                0x0800a078       0x24 ./USB_DEVICE/Target/usbd_conf.o
                0x0800a078                HAL_PCD_SetupStageCallback
 .text.HAL_PCD_DataOutStageCallback
                0x0800a09c       0x36 ./USB_DEVICE/Target/usbd_conf.o
                0x0800a09c                HAL_PCD_DataOutStageCallback
 .text.HAL_PCD_DataInStageCallback
                0x0800a0d2       0x34 ./USB_DEVICE/Target/usbd_conf.o
                0x0800a0d2                HAL_PCD_DataInStageCallback
 .text.HAL_PCD_SOFCallback
                0x0800a106       0x1c ./USB_DEVICE/Target/usbd_conf.o
                0x0800a106                HAL_PCD_SOFCallback
 .text.HAL_PCD_ResetCallback
                0x0800a122       0x3c ./USB_DEVICE/Target/usbd_conf.o
                0x0800a122                HAL_PCD_ResetCallback
 *fill*         0x0800a15e        0x2 
 .text.HAL_PCD_SuspendCallback
                0x0800a160       0x4c ./USB_DEVICE/Target/usbd_conf.o
                0x0800a160                HAL_PCD_SuspendCallback
 .text.HAL_PCD_ResumeCallback
                0x0800a1ac       0x50 ./USB_DEVICE/Target/usbd_conf.o
                0x0800a1ac                HAL_PCD_ResumeCallback
 .text.HAL_PCD_ISOOUTIncompleteCallback
                0x0800a1fc       0x24 ./USB_DEVICE/Target/usbd_conf.o
                0x0800a1fc                HAL_PCD_ISOOUTIncompleteCallback
 .text.HAL_PCD_ISOINIncompleteCallback
                0x0800a220       0x24 ./USB_DEVICE/Target/usbd_conf.o
                0x0800a220                HAL_PCD_ISOINIncompleteCallback
 .text.HAL_PCD_ConnectCallback
                0x0800a244       0x1c ./USB_DEVICE/Target/usbd_conf.o
                0x0800a244                HAL_PCD_ConnectCallback
 .text.HAL_PCD_DisconnectCallback
                0x0800a260       0x1c ./USB_DEVICE/Target/usbd_conf.o
                0x0800a260                HAL_PCD_DisconnectCallback
 .text.USBD_LL_Init
                0x0800a27c       0x98 ./USB_DEVICE/Target/usbd_conf.o
                0x0800a27c                USBD_LL_Init
 .text.USBD_LL_Start
                0x0800a314       0x64 ./USB_DEVICE/Target/usbd_conf.o
                0x0800a314                USBD_LL_Start
 .text.USBD_LL_OpenEP
                0x0800a378       0x7c ./USB_DEVICE/Target/usbd_conf.o
                0x0800a378                USBD_LL_OpenEP
 .text.USBD_LL_CloseEP
                0x0800a3f4       0x6c ./USB_DEVICE/Target/usbd_conf.o
                0x0800a3f4                USBD_LL_CloseEP
 .text.USBD_LL_StallEP
                0x0800a460       0x6c ./USB_DEVICE/Target/usbd_conf.o
                0x0800a460                USBD_LL_StallEP
 .text.USBD_LL_ClearStallEP
                0x0800a4cc       0x6c ./USB_DEVICE/Target/usbd_conf.o
                0x0800a4cc                USBD_LL_ClearStallEP
 .text.USBD_LL_IsStallEP
                0x0800a538       0x58 ./USB_DEVICE/Target/usbd_conf.o
                0x0800a538                USBD_LL_IsStallEP
 .text.USBD_LL_SetUSBAddress
                0x0800a590       0x6c ./USB_DEVICE/Target/usbd_conf.o
                0x0800a590                USBD_LL_SetUSBAddress
 .text.USBD_LL_Transmit
                0x0800a5fc       0x70 ./USB_DEVICE/Target/usbd_conf.o
                0x0800a5fc                USBD_LL_Transmit
 .text.USBD_LL_PrepareReceive
                0x0800a66c       0x70 ./USB_DEVICE/Target/usbd_conf.o
                0x0800a66c                USBD_LL_PrepareReceive
 .text.USBD_LL_GetRxDataSize
                0x0800a6dc       0x26 ./USB_DEVICE/Target/usbd_conf.o
                0x0800a6dc                USBD_LL_GetRxDataSize
 *fill*         0x0800a702        0x2 
 .text.HAL_PCDEx_LPM_Callback
                0x0800a704       0x9c ./USB_DEVICE/Target/usbd_conf.o
                0x0800a704                HAL_PCDEx_LPM_Callback
 .text.USBD_static_malloc
                0x0800a7a0       0x1c ./USB_DEVICE/Target/usbd_conf.o
                0x0800a7a0                USBD_static_malloc
 .text.USBD_static_free
                0x0800a7bc       0x14 ./USB_DEVICE/Target/usbd_conf.o
                0x0800a7bc                USBD_static_free
 .text.SystemClockConfig_Resume
                0x0800a7d0        0xc ./USB_DEVICE/Target/usbd_conf.o
 .text.memset   0x0800a7dc       0x10 /Applications/STM32CubeIDE.app/Contents/Eclipse/plugins/com.st.stm32cube.ide.mcu.externaltools.gnu-tools-for-stm32.12.3.rel1.macos64_1.0.200.202406191456/tools/bin/../lib/gcc/arm-none-eabi/12.3.1/../../../../arm-none-eabi/lib/thumb/v7e-m+fp/hard/libc_nano.a(libc_a-memset.o)
                0x0800a7dc                memset
 .text.__libc_init_array
                0x0800a7ec       0x48 /Applications/STM32CubeIDE.app/Contents/Eclipse/plugins/com.st.stm32cube.ide.mcu.externaltools.gnu-tools-for-stm32.12.3.rel1.macos64_1.0.200.202406191456/tools/bin/../lib/gcc/arm-none-eabi/12.3.1/../../../../arm-none-eabi/lib/thumb/v7e-m+fp/hard/libc_nano.a(libc_a-init.o)
                0x0800a7ec                __libc_init_array
 *(.glue_7)
 .glue_7        0x0800a834        0x0 linker stubs
 *(.glue_7t)
 .glue_7t       0x0800a834        0x0 linker stubs
 *(.eh_frame)
 .eh_frame      0x0800a834        0x0 /Applications/STM32CubeIDE.app/Contents/Eclipse/plugins/com.st.stm32cube.ide.mcu.externaltools.gnu-tools-for-stm32.12.3.rel1.macos64_1.0.200.202406191456/tools/bin/../lib/gcc/arm-none-eabi/12.3.1/thumb/v7e-m+fp/hard/crtbegin.o
 *(.init)
 .init          0x0800a834        0x4 /Applications/STM32CubeIDE.app/Contents/Eclipse/plugins/com.st.stm32cube.ide.mcu.externaltools.gnu-tools-for-stm32.12.3.rel1.macos64_1.0.200.202406191456/tools/bin/../lib/gcc/arm-none-eabi/12.3.1/thumb/v7e-m+fp/hard/crti.o
                0x0800a834                _init
 .init          0x0800a838        0x8 /Applications/STM32CubeIDE.app/Contents/Eclipse/plugins/com.st.stm32cube.ide.mcu.externaltools.gnu-tools-for-stm32.12.3.rel1.macos64_1.0.200.202406191456/tools/bin/../lib/gcc/arm-none-eabi/12.3.1/thumb/v7e-m+fp/hard/crtn.o
 *(.fini)
 .fini          0x0800a840        0x4 /Applications/STM32CubeIDE.app/Contents/Eclipse/plugins/com.st.stm32cube.ide.mcu.externaltools.gnu-tools-for-stm32.12.3.rel1.macos64_1.0.200.202406191456/tools/bin/../lib/gcc/arm-none-eabi/12.3.1/thumb/v7e-m+fp/hard/crti.o
                0x0800a840                _fini
 .fini          0x0800a844        0x8 /Applications/STM32CubeIDE.app/Contents/Eclipse/plugins/com.st.stm32cube.ide.mcu.externaltools.gnu-tools-for-stm32.12.3.rel1.macos64_1.0.200.202406191456/tools/bin/../lib/gcc/arm-none-eabi/12.3.1/thumb/v7e-m+fp/hard/crtn.o
                0x0800a84c                        . = ALIGN (0x4)
                0x0800a84c                        _etext = .

.vfp11_veneer   0x0800a84c        0x0
 .vfp11_veneer  0x0800a84c        0x0 linker stubs

.v4_bx          0x0800a84c        0x0
 .v4_bx         0x0800a84c        0x0 linker stubs

.iplt           0x0800a84c        0x0
 .iplt          0x0800a84c        0x0 /Applications/STM32CubeIDE.app/Contents/Eclipse/plugins/com.st.stm32cube.ide.mcu.externaltools.gnu-tools-for-stm32.12.3.rel1.macos64_1.0.200.202406191456/tools/bin/../lib/gcc/arm-none-eabi/12.3.1/thumb/v7e-m+fp/hard/crtbegin.o

.rodata         0x0800a84c       0x90
                0x0800a84c                        . = ALIGN (0x4)
 *(.rodata)
 .rodata        0x0800a84c       0x46 ./USB_DEVICE/App/usbd_desc.o
 *(.rodata*)
 *fill*         0x0800a892        0x2 
 .rodata.AHBPrescTable
                0x0800a894       0x10 ./Core/Src/system_stm32l4xx.o
                0x0800a894                AHBPrescTable
 .rodata.APBPrescTable
                0x0800a8a4        0x8 ./Core/Src/system_stm32l4xx.o
                0x0800a8a4                APBPrescTable
 .rodata.MSIRangeTable
                0x0800a8ac       0x30 ./Core/Src/system_stm32l4xx.o
                0x0800a8ac                MSIRangeTable
                0x0800a8dc                        . = ALIGN (0x4)

.ARM.extab      0x0800a8dc        0x0
                0x0800a8dc                        . = ALIGN (0x4)
 *(.ARM.extab* .gnu.linkonce.armextab.*)
                0x0800a8dc                        . = ALIGN (0x4)

.ARM            0x0800a8dc        0x8
                0x0800a8dc                        . = ALIGN (0x4)
                0x0800a8dc                        __exidx_start = .
 *(.ARM.exidx*)
 .ARM.exidx     0x0800a8dc        0x8 /Applications/STM32CubeIDE.app/Contents/Eclipse/plugins/com.st.stm32cube.ide.mcu.externaltools.gnu-tools-for-stm32.12.3.rel1.macos64_1.0.200.202406191456/tools/bin/../lib/gcc/arm-none-eabi/12.3.1/thumb/v7e-m+fp/hard/libgcc.a(_udivmoddi4.o)
                0x0800a8e4                        __exidx_end = .
                0x0800a8e4                        . = ALIGN (0x4)

.preinit_array  0x0800a8e4        0x0
                0x0800a8e4                        . = ALIGN (0x4)
                0x0800a8e4                        PROVIDE (__preinit_array_start = .)
 *(.preinit_array*)
                0x0800a8e4                        PROVIDE (__preinit_array_end = .)
                0x0800a8e4                        . = ALIGN (0x4)

.init_array     0x0800a8e4        0x4
                0x0800a8e4                        . = ALIGN (0x4)
                0x0800a8e4                        PROVIDE (__init_array_start = .)
 *(SORT_BY_NAME(.init_array.*))
 *(.init_array*)
 .init_array    0x0800a8e4        0x4 /Applications/STM32CubeIDE.app/Contents/Eclipse/plugins/com.st.stm32cube.ide.mcu.externaltools.gnu-tools-for-stm32.12.3.rel1.macos64_1.0.200.202406191456/tools/bin/../lib/gcc/arm-none-eabi/12.3.1/thumb/v7e-m+fp/hard/crtbegin.o
                0x0800a8e8                        PROVIDE (__init_array_end = .)
                0x0800a8e8                        . = ALIGN (0x4)

.fini_array     0x0800a8e8        0x4
                0x0800a8e8                        . = ALIGN (0x4)
                [!provide]                        PROVIDE (__fini_array_start = .)
 *(SORT_BY_NAME(.fini_array.*))
 *(.fini_array*)
 .fini_array    0x0800a8e8        0x4 /Applications/STM32CubeIDE.app/Contents/Eclipse/plugins/com.st.stm32cube.ide.mcu.externaltools.gnu-tools-for-stm32.12.3.rel1.macos64_1.0.200.202406191456/tools/bin/../lib/gcc/arm-none-eabi/12.3.1/thumb/v7e-m+fp/hard/crtbegin.o
                [!provide]                        PROVIDE (__fini_array_end = .)
                0x0800a8ec                        . = ALIGN (0x4)
                0x0800a8ec                        _sidata = LOADADDR (.data)

.rel.dyn        0x0800a8ec        0x0
 .rel.iplt      0x0800a8ec        0x0 /Applications/STM32CubeIDE.app/Contents/Eclipse/plugins/com.st.stm32cube.ide.mcu.externaltools.gnu-tools-for-stm32.12.3.rel1.macos64_1.0.200.202406191456/tools/bin/../lib/gcc/arm-none-eabi/12.3.1/thumb/v7e-m+fp/hard/crtbegin.o

.data           0x20000000      0x10c load address 0x0800a8ec
                0x20000000                        . = ALIGN (0x4)
                0x20000000                        _sdata = .
 *(.data)
 *(.data*)
 .data.SystemCoreClock
                0x20000000        0x4 ./Core/Src/system_stm32l4xx.o
                0x20000000                SystemCoreClock
 .data.uwTickPrio
                0x20000004        0x4 ./Drivers/STM32L4xx_HAL_Driver/Src/stm32l4xx_hal.o
                0x20000004                uwTickPrio
 .data.uwTickFreq
                0x20000008        0x1 ./Drivers/STM32L4xx_HAL_Driver/Src/stm32l4xx_hal.o
                0x20000008                uwTickFreq
 *fill*         0x20000009        0x3 
 .data.USBD_CDC_DeviceQualifierDesc
                0x2000000c        0xa ./Middlewares/ST/STM32_USB_Device_Library/Class/CDC/Src/usbd_cdc.o
 *fill*         0x20000016        0x2 
 .data.USBD_CDC
                0x20000018       0x38 ./Middlewares/ST/STM32_USB_Device_Library/Class/CDC/Src/usbd_cdc.o
                0x20000018                USBD_CDC
 .data.USBD_CDC_CfgDesc
                0x20000050       0x43 ./Middlewares/ST/STM32_USB_Device_Library/Class/CDC/Src/usbd_cdc.o
 .data.CDCInEpAdd
                0x20000093        0x1 ./Middlewares/ST/STM32_USB_Device_Library/Class/CDC/Src/usbd_cdc.o
 .data.CDCOutEpAdd
                0x20000094        0x1 ./Middlewares/ST/STM32_USB_Device_Library/Class/CDC/Src/usbd_cdc.o
 .data.CDCCmdEpAdd
                0x20000095        0x1 ./Middlewares/ST/STM32_USB_Device_Library/Class/CDC/Src/usbd_cdc.o
 *fill*         0x20000096        0x2 
 .data.USBD_Interface_fops_FS
                0x20000098       0x14 ./USB_DEVICE/App/usbd_cdc_if.o
                0x20000098                USBD_Interface_fops_FS
 .data.FS_Desc  0x200000ac       0x20 ./USB_DEVICE/App/usbd_desc.o
                0x200000ac                FS_Desc
 .data.USBD_FS_DeviceDesc
                0x200000cc       0x12 ./USB_DEVICE/App/usbd_desc.o
                0x200000cc                USBD_FS_DeviceDesc
 *fill*         0x200000de        0x2 
 .data.USBD_FS_BOSDesc
                0x200000e0        0xc ./USB_DEVICE/App/usbd_desc.o
                0x200000e0                USBD_FS_BOSDesc
 .data.USBD_LangIDDesc
                0x200000ec        0x4 ./USB_DEVICE/App/usbd_desc.o
                0x200000ec                USBD_LangIDDesc
 .data.USBD_StringSerial
                0x200000f0       0x1a ./USB_DEVICE/App/usbd_desc.o
                0x200000f0                USBD_StringSerial
 *(.RamFunc)
 *(.RamFunc*)
                0x2000010c                        . = ALIGN (0x4)
 *fill*         0x2000010a        0x2 
                0x2000010c                        _edata = .

.igot.plt       0x2000010c        0x0 load address 0x0800a9f8
 .igot.plt      0x2000010c        0x0 /Applications/STM32CubeIDE.app/Contents/Eclipse/plugins/com.st.stm32cube.ide.mcu.externaltools.gnu-tools-for-stm32.12.3.rel1.macos64_1.0.200.202406191456/tools/bin/../lib/gcc/arm-none-eabi/12.3.1/thumb/v7e-m+fp/hard/crtbegin.o
                0x2000010c                        . = ALIGN (0x4)

.bss            0x2000010c     0x1d88 load address 0x0800a9f8
                0x2000010c                        _sbss = .
                0x2000010c                        __bss_start__ = _sbss
 *(.bss)
 .bss           0x2000010c       0x1c /Applications/STM32CubeIDE.app/Contents/Eclipse/plugins/com.st.stm32cube.ide.mcu.externaltools.gnu-tools-for-stm32.12.3.rel1.macos64_1.0.200.202406191456/tools/bin/../lib/gcc/arm-none-eabi/12.3.1/thumb/v7e-m+fp/hard/crtbegin.o
 *(.bss*)
 .bss.hcrc      0x20000128       0x24 ./Core/Src/main.o
                0x20000128                hcrc
 .bss.hspi1     0x2000014c       0x64 ./Core/Src/main.o
                0x2000014c                hspi1
 .bss.huart1    0x200001b0       0x88 ./Core/Src/main.o
                0x200001b0                huart1
 .bss.dac       0x20000238       0x24 ./Core/Src/main.o
                0x20000238                dac
 .bss.dacUseCRC
                0x2000025c        0x1 ./Core/Src/main.o
                0x2000025c                dacUseCRC
 *fill*         0x2000025d        0x3 
 .bss.htim1     0x20000260       0x4c ./Core/Src/stm32l4xx_hal_timebase_tim.o
                0x20000260                htim1
 .bss.uwTick    0x200002ac        0x4 ./Drivers/STM32L4xx_HAL_Driver/Src/stm32l4xx_hal.o
                0x200002ac                uwTick
 .bss.cfgidx.0  0x200002b0        0x1 ./Middlewares/ST/STM32_USB_Device_Library/Core/Src/usbd_ctlreq.o
 *fill*         0x200002b1        0x3 
 .bss.hUsbDeviceFS
                0x200002b4      0x2dc ./USB_DEVICE/App/usb_device.o
                0x200002b4                hUsbDeviceFS
 .bss.UserRxBufferFS
                0x20000590      0x800 ./USB_DEVICE/App/usbd_cdc_if.o
                0x20000590                UserRxBufferFS
 .bss.UserTxBufferFS
                0x20000d90      0x800 ./USB_DEVICE/App/usbd_cdc_if.o
                0x20000d90                UserTxBufferFS
 .bss.USBD_StrDesc
                0x20001590      0x200 ./USB_DEVICE/App/usbd_desc.o
                0x20001590                USBD_StrDesc
 .bss.hpcd_USB_OTG_FS
                0x20001790      0x4e4 ./USB_DEVICE/Target/usbd_conf.o
                0x20001790                hpcd_USB_OTG_FS
 .bss.mem.0     0x20001c74      0x220 ./USB_DEVICE/Target/usbd_conf.o
 *(COMMON)
                0x20001e94                        . = ALIGN (0x4)
                0x20001e94                        _ebss = .
                0x20001e94                        __bss_end__ = _ebss

._user_heap_stack
                0x20001e94      0x604 load address 0x0800a9f8
                0x20001e98                        . = ALIGN (0x8)
 *fill*         0x20001e94        0x4 
                [!provide]                        PROVIDE (end = .)
                0x20001e98                        PROVIDE (_end = .)
                0x20002098                        . = (. + _Min_Heap_Size)
 *fill*         0x20001e98      0x200 
                0x20002498                        . = (. + _Min_Stack_Size)
 *fill*         0x20002098      0x400 
                0x20002498                        . = ALIGN (0x8)

/DISCARD/
 libc.a(*)
 libm.a(*)
 libgcc.a(*)

.ARM.attributes
                0x00000000       0x30
 *(.ARM.attributes)
 .ARM.attributes
                0x00000000       0x22 /Applications/STM32CubeIDE.app/Contents/Eclipse/plugins/com.st.stm32cube.ide.mcu.externaltools.gnu-tools-for-stm32.12.3.rel1.macos64_1.0.200.202406191456/tools/bin/../lib/gcc/arm-none-eabi/12.3.1/thumb/v7e-m+fp/hard/crti.o
 .ARM.attributes
                0x00000022       0x34 /Applications/STM32CubeIDE.app/Contents/Eclipse/plugins/com.st.stm32cube.ide.mcu.externaltools.gnu-tools-for-stm32.12.3.rel1.macos64_1.0.200.202406191456/tools/bin/../lib/gcc/arm-none-eabi/12.3.1/thumb/v7e-m+fp/hard/crtbegin.o
 .ARM.attributes
                0x00000056       0x34 ./Core/Src/DACx1416.o
 .ARM.attributes
                0x0000008a       0x34 ./Core/Src/cmdParser.o
 .ARM.attributes
                0x000000be       0x34 ./Core/Src/main.o
 .ARM.attributes
                0x000000f2       0x34 ./Core/Src/stm32l4xx_hal_msp.o
 .ARM.attributes
                0x00000126       0x34 ./Core/Src/stm32l4xx_hal_timebase_tim.o
 .ARM.attributes
                0x0000015a       0x34 ./Core/Src/stm32l4xx_it.o
 .ARM.attributes
                0x0000018e       0x34 ./Core/Src/system_stm32l4xx.o
 .ARM.attributes
                0x000001c2       0x21 ./Core/Startup/startup_stm32l476rgtx.o
 .ARM.attributes
                0x000001e3       0x34 ./Drivers/STM32L4xx_HAL_Driver/Src/stm32l4xx_hal.o
 .ARM.attributes
                0x00000217       0x34 ./Drivers/STM32L4xx_HAL_Driver/Src/stm32l4xx_hal_cortex.o
 .ARM.attributes
                0x0000024b       0x34 ./Drivers/STM32L4xx_HAL_Driver/Src/stm32l4xx_hal_crc.o
 .ARM.attributes
                0x0000027f       0x34 ./Drivers/STM32L4xx_HAL_Driver/Src/stm32l4xx_hal_crc_ex.o
 .ARM.attributes
                0x000002b3       0x34 ./Drivers/STM32L4xx_HAL_Driver/Src/stm32l4xx_hal_dma.o
 .ARM.attributes
                0x000002e7       0x34 ./Drivers/STM32L4xx_HAL_Driver/Src/stm32l4xx_hal_gpio.o
 .ARM.attributes
                0x0000031b       0x34 ./Drivers/STM32L4xx_HAL_Driver/Src/stm32l4xx_hal_pcd.o
 .ARM.attributes
                0x0000034f       0x34 ./Drivers/STM32L4xx_HAL_Driver/Src/stm32l4xx_hal_pcd_ex.o
 .ARM.attributes
                0x00000383       0x34 ./Drivers/STM32L4xx_HAL_Driver/Src/stm32l4xx_hal_pwr_ex.o
 .ARM.attributes
                0x000003b7       0x34 ./Drivers/STM32L4xx_HAL_Driver/Src/stm32l4xx_hal_rcc.o
 .ARM.attributes
                0x000003eb       0x34 ./Drivers/STM32L4xx_HAL_Driver/Src/stm32l4xx_hal_rcc_ex.o
 .ARM.attributes
                0x0000041f       0x34 ./Drivers/STM32L4xx_HAL_Driver/Src/stm32l4xx_hal_spi.o
 .ARM.attributes
                0x00000453       0x34 ./Drivers/STM32L4xx_HAL_Driver/Src/stm32l4xx_hal_tim.o
 .ARM.attributes
                0x00000487       0x34 ./Drivers/STM32L4xx_HAL_Driver/Src/stm32l4xx_hal_tim_ex.o
 .ARM.attributes
                0x000004bb       0x34 ./Drivers/STM32L4xx_HAL_Driver/Src/stm32l4xx_hal_uart.o
 .ARM.attributes
                0x000004ef       0x34 ./Drivers/STM32L4xx_HAL_Driver/Src/stm32l4xx_ll_usb.o
 .ARM.attributes
                0x00000523       0x34 ./Middlewares/ST/STM32_USB_Device_Library/Class/CDC/Src/usbd_cdc.o
 .ARM.attributes
                0x00000557       0x34 ./Middlewares/ST/STM32_USB_Device_Library/Core/Src/usbd_core.o
 .ARM.attributes
                0x0000058b       0x34 ./Middlewares/ST/STM32_USB_Device_Library/Core/Src/usbd_ctlreq.o
 .ARM.attributes
                0x000005bf       0x34 ./Middlewares/ST/STM32_USB_Device_Library/Core/Src/usbd_ioreq.o
 .ARM.attributes
                0x000005f3       0x34 ./USB_DEVICE/App/usb_device.o
 .ARM.attributes
                0x00000627       0x34 ./USB_DEVICE/App/usbd_cdc_if.o
 .ARM.attributes
                0x0000065b       0x34 ./USB_DEVICE/App/usbd_desc.o
 .ARM.attributes
                0x0000068f       0x34 ./USB_DEVICE/Target/usbd_conf.o
 .ARM.attributes
                0x000006c3       0x34 /Applications/STM32CubeIDE.app/Contents/Eclipse/plugins/com.st.stm32cube.ide.mcu.externaltools.gnu-tools-for-stm32.12.3.rel1.macos64_1.0.200.202406191456/tools/bin/../lib/gcc/arm-none-eabi/12.3.1/../../../../arm-none-eabi/lib/thumb/v7e-m+fp/hard/libc_nano.a(libc_a-memset.o)
 .ARM.attributes
                0x000006f7       0x34 /Applications/STM32CubeIDE.app/Contents/Eclipse/plugins/com.st.stm32cube.ide.mcu.externaltools.gnu-tools-for-stm32.12.3.rel1.macos64_1.0.200.202406191456/tools/bin/../lib/gcc/arm-none-eabi/12.3.1/../../../../arm-none-eabi/lib/thumb/v7e-m+fp/hard/libc_nano.a(libc_a-init.o)
 .ARM.attributes
                0x0000072b       0x22 /Applications/STM32CubeIDE.app/Contents/Eclipse/plugins/com.st.stm32cube.ide.mcu.externaltools.gnu-tools-for-stm32.12.3.rel1.macos64_1.0.200.202406191456/tools/bin/../lib/gcc/arm-none-eabi/12.3.1/thumb/v7e-m+fp/hard/libgcc.a(_aeabi_uldivmod.o)
 .ARM.attributes
                0x0000074d       0x34 /Applications/STM32CubeIDE.app/Contents/Eclipse/plugins/com.st.stm32cube.ide.mcu.externaltools.gnu-tools-for-stm32.12.3.rel1.macos64_1.0.200.202406191456/tools/bin/../lib/gcc/arm-none-eabi/12.3.1/thumb/v7e-m+fp/hard/libgcc.a(_udivmoddi4.o)
 .ARM.attributes
                0x00000781       0x22 /Applications/STM32CubeIDE.app/Contents/Eclipse/plugins/com.st.stm32cube.ide.mcu.externaltools.gnu-tools-for-stm32.12.3.rel1.macos64_1.0.200.202406191456/tools/bin/../lib/gcc/arm-none-eabi/12.3.1/thumb/v7e-m+fp/hard/libgcc.a(_dvmd_tls.o)
 .ARM.attributes
                0x000007a3       0x22 /Applications/STM32CubeIDE.app/Contents/Eclipse/plugins/com.st.stm32cube.ide.mcu.externaltools.gnu-tools-for-stm32.12.3.rel1.macos64_1.0.200.202406191456/tools/bin/../lib/gcc/arm-none-eabi/12.3.1/thumb/v7e-m+fp/hard/crtn.o
OUTPUT(kingfisher-DAC16.elf elf32-littlearm)
LOAD linker stubs
LOAD /Applications/STM32CubeIDE.app/Contents/Eclipse/plugins/com.st.stm32cube.ide.mcu.externaltools.gnu-tools-for-stm32.12.3.rel1.macos64_1.0.200.202406191456/tools/bin/../lib/gcc/arm-none-eabi/12.3.1/../../../../arm-none-eabi/lib/thumb/v7e-m+fp/hard/libc.a
LOAD /Applications/STM32CubeIDE.app/Contents/Eclipse/plugins/com.st.stm32cube.ide.mcu.externaltools.gnu-tools-for-stm32.12.3.rel1.macos64_1.0.200.202406191456/tools/bin/../lib/gcc/arm-none-eabi/12.3.1/../../../../arm-none-eabi/lib/thumb/v7e-m+fp/hard/libm.a
LOAD /Applications/STM32CubeIDE.app/Contents/Eclipse/plugins/com.st.stm32cube.ide.mcu.externaltools.gnu-tools-for-stm32.12.3.rel1.macos64_1.0.200.202406191456/tools/bin/../lib/gcc/arm-none-eabi/12.3.1/thumb/v7e-m+fp/hard/libgcc.a

.debug_info     0x00000000    0x1fa2b
 .debug_info    0x00000000     0x1765 ./Core/Src/DACx1416.o
 .debug_info    0x00001765      0x969 ./Core/Src/cmdParser.o
 .debug_info    0x000020ce     0x1cb3 ./Core/Src/main.o
 .debug_info    0x00003d81     0x1493 ./Core/Src/stm32l4xx_hal_msp.o
 .debug_info    0x00005214      0xc71 ./Core/Src/stm32l4xx_hal_timebase_tim.o
 .debug_info    0x00005e85      0xf22 ./Core/Src/stm32l4xx_it.o
 .debug_info    0x00006da7      0x5b1 ./Core/Src/system_stm32l4xx.o
 .debug_info    0x00007358       0x30 ./Core/Startup/startup_stm32l476rgtx.o
 .debug_info    0x00007388      0xaeb ./Drivers/STM32L4xx_HAL_Driver/Src/stm32l4xx_hal.o
 .debug_info    0x00007e73      0xd81 ./Drivers/STM32L4xx_HAL_Driver/Src/stm32l4xx_hal_cortex.o
 .debug_info    0x00008bf4      0x530 ./Drivers/STM32L4xx_HAL_Driver/Src/stm32l4xx_hal_crc.o
 .debug_info    0x00009124      0x35b ./Drivers/STM32L4xx_HAL_Driver/Src/stm32l4xx_hal_crc_ex.o
 .debug_info    0x0000947f      0x6f4 ./Drivers/STM32L4xx_HAL_Driver/Src/stm32l4xx_hal_dma.o
 .debug_info    0x00009b73      0x757 ./Drivers/STM32L4xx_HAL_Driver/Src/stm32l4xx_hal_gpio.o
 .debug_info    0x0000a2ca     0x14d6 ./Drivers/STM32L4xx_HAL_Driver/Src/stm32l4xx_hal_pcd.o
 .debug_info    0x0000b7a0      0x8a0 ./Drivers/STM32L4xx_HAL_Driver/Src/stm32l4xx_hal_pcd_ex.o
 .debug_info    0x0000c040      0x99e ./Drivers/STM32L4xx_HAL_Driver/Src/stm32l4xx_hal_pwr_ex.o
 .debug_info    0x0000c9de      0xc14 ./Drivers/STM32L4xx_HAL_Driver/Src/stm32l4xx_hal_rcc.o
 .debug_info    0x0000d5f2      0xe11 ./Drivers/STM32L4xx_HAL_Driver/Src/stm32l4xx_hal_rcc_ex.o
 .debug_info    0x0000e403     0x170e ./Drivers/STM32L4xx_HAL_Driver/Src/stm32l4xx_hal_spi.o
 .debug_info    0x0000fb11     0x2a9a ./Drivers/STM32L4xx_HAL_Driver/Src/stm32l4xx_hal_tim.o
 .debug_info    0x000125ab     0x169e ./Drivers/STM32L4xx_HAL_Driver/Src/stm32l4xx_hal_tim_ex.o
 .debug_info    0x00013c49     0x3b69 ./Drivers/STM32L4xx_HAL_Driver/Src/stm32l4xx_hal_uart.o
 .debug_info    0x000177b2     0x1994 ./Drivers/STM32L4xx_HAL_Driver/Src/stm32l4xx_ll_usb.o
 .debug_info    0x00019146     0x1338 ./Middlewares/ST/STM32_USB_Device_Library/Class/CDC/Src/usbd_cdc.o
 .debug_info    0x0001a47e      0xe12 ./Middlewares/ST/STM32_USB_Device_Library/Core/Src/usbd_core.o
 .debug_info    0x0001b290      0xaeb ./Middlewares/ST/STM32_USB_Device_Library/Core/Src/usbd_ctlreq.o
 .debug_info    0x0001bd7b      0x762 ./Middlewares/ST/STM32_USB_Device_Library/Core/Src/usbd_ioreq.o
 .debug_info    0x0001c4dd      0x70e ./USB_DEVICE/App/usb_device.o
 .debug_info    0x0001cbeb      0x91e ./USB_DEVICE/App/usbd_cdc_if.o
 .debug_info    0x0001d509      0x4ba ./USB_DEVICE/App/usbd_desc.o
 .debug_info    0x0001d9c3     0x2068 ./USB_DEVICE/Target/usbd_conf.o

.debug_abbrev   0x00000000     0x4806
 .debug_abbrev  0x00000000      0x2e1 ./Core/Src/DACx1416.o
 .debug_abbrev  0x000002e1      0x251 ./Core/Src/cmdParser.o
 .debug_abbrev  0x00000532      0x339 ./Core/Src/main.o
 .debug_abbrev  0x0000086b      0x1f6 ./Core/Src/stm32l4xx_hal_msp.o
 .debug_abbrev  0x00000a61      0x1f4 ./Core/Src/stm32l4xx_hal_timebase_tim.o
 .debug_abbrev  0x00000c55      0x1dd ./Core/Src/stm32l4xx_it.o
 .debug_abbrev  0x00000e32      0x11a ./Core/Src/system_stm32l4xx.o
 .debug_abbrev  0x00000f4c       0x24 ./Core/Startup/startup_stm32l476rgtx.o
 .debug_abbrev  0x00000f70      0x242 ./Drivers/STM32L4xx_HAL_Driver/Src/stm32l4xx_hal.o
 .debug_abbrev  0x000011b2      0x31c ./Drivers/STM32L4xx_HAL_Driver/Src/stm32l4xx_hal_cortex.o
 .debug_abbrev  0x000014ce      0x1ee ./Drivers/STM32L4xx_HAL_Driver/Src/stm32l4xx_hal_crc.o
 .debug_abbrev  0x000016bc      0x151 ./Drivers/STM32L4xx_HAL_Driver/Src/stm32l4xx_hal_crc_ex.o
 .debug_abbrev  0x0000180d      0x1e4 ./Drivers/STM32L4xx_HAL_Driver/Src/stm32l4xx_hal_dma.o
 .debug_abbrev  0x000019f1      0x1cb ./Drivers/STM32L4xx_HAL_Driver/Src/stm32l4xx_hal_gpio.o
 .debug_abbrev  0x00001bbc      0x2da ./Drivers/STM32L4xx_HAL_Driver/Src/stm32l4xx_hal_pcd.o
 .debug_abbrev  0x00001e96      0x256 ./Drivers/STM32L4xx_HAL_Driver/Src/stm32l4xx_hal_pcd_ex.o
 .debug_abbrev  0x000020ec      0x1f9 ./Drivers/STM32L4xx_HAL_Driver/Src/stm32l4xx_hal_pwr_ex.o
 .debug_abbrev  0x000022e5      0x2cb ./Drivers/STM32L4xx_HAL_Driver/Src/stm32l4xx_hal_rcc.o
 .debug_abbrev  0x000025b0      0x2a6 ./Drivers/STM32L4xx_HAL_Driver/Src/stm32l4xx_hal_rcc_ex.o
 .debug_abbrev  0x00002856      0x260 ./Drivers/STM32L4xx_HAL_Driver/Src/stm32l4xx_hal_spi.o
 .debug_abbrev  0x00002ab6      0x278 ./Drivers/STM32L4xx_HAL_Driver/Src/stm32l4xx_hal_tim.o
 .debug_abbrev  0x00002d2e      0x283 ./Drivers/STM32L4xx_HAL_Driver/Src/stm32l4xx_hal_tim_ex.o
 .debug_abbrev  0x00002fb1      0x2d0 ./Drivers/STM32L4xx_HAL_Driver/Src/stm32l4xx_hal_uart.o
 .debug_abbrev  0x00003281      0x2b1 ./Drivers/STM32L4xx_HAL_Driver/Src/stm32l4xx_ll_usb.o
 .debug_abbrev  0x00003532      0x2d1 ./Middlewares/ST/STM32_USB_Device_Library/Class/CDC/Src/usbd_cdc.o
 .debug_abbrev  0x00003803      0x27c ./Middlewares/ST/STM32_USB_Device_Library/Core/Src/usbd_core.o
 .debug_abbrev  0x00003a7f      0x26f ./Middlewares/ST/STM32_USB_Device_Library/Core/Src/usbd_ctlreq.o
 .debug_abbrev  0x00003cee      0x19a ./Middlewares/ST/STM32_USB_Device_Library/Core/Src/usbd_ioreq.o
 .debug_abbrev  0x00003e88      0x195 ./USB_DEVICE/App/usb_device.o
 .debug_abbrev  0x0000401d      0x2b2 ./USB_DEVICE/App/usbd_cdc_if.o
 .debug_abbrev  0x000042cf      0x1e3 ./USB_DEVICE/App/usbd_desc.o
 .debug_abbrev  0x000044b2      0x354 ./USB_DEVICE/Target/usbd_conf.o

.debug_aranges  0x00000000     0x1a60
 .debug_aranges
                0x00000000      0x118 ./Core/Src/DACx1416.o
 .debug_aranges
                0x00000118       0x28 ./Core/Src/cmdParser.o
 .debug_aranges
                0x00000140       0x80 ./Core/Src/main.o
 .debug_aranges
                0x000001c0       0x50 ./Core/Src/stm32l4xx_hal_msp.o
 .debug_aranges
                0x00000210       0x30 ./Core/Src/stm32l4xx_hal_timebase_tim.o
 .debug_aranges
                0x00000240       0x78 ./Core/Src/stm32l4xx_it.o
 .debug_aranges
                0x000002b8       0x28 ./Core/Src/system_stm32l4xx.o
 .debug_aranges
                0x000002e0       0x28 ./Core/Startup/startup_stm32l476rgtx.o
 .debug_aranges
                0x00000308      0x130 ./Drivers/STM32L4xx_HAL_Driver/Src/stm32l4xx_hal.o
 .debug_aranges
                0x00000438      0x128 ./Drivers/STM32L4xx_HAL_Driver/Src/stm32l4xx_hal_cortex.o
 .debug_aranges
                0x00000560       0x60 ./Drivers/STM32L4xx_HAL_Driver/Src/stm32l4xx_hal_crc.o
 .debug_aranges
                0x000005c0       0x30 ./Drivers/STM32L4xx_HAL_Driver/Src/stm32l4xx_hal_crc_ex.o
 .debug_aranges
                0x000005f0       0x80 ./Drivers/STM32L4xx_HAL_Driver/Src/stm32l4xx_hal_dma.o
 .debug_aranges
                0x00000670       0x58 ./Drivers/STM32L4xx_HAL_Driver/Src/stm32l4xx_hal_gpio.o
 .debug_aranges
                0x000006c8      0x138 ./Drivers/STM32L4xx_HAL_Driver/Src/stm32l4xx_hal_pcd.o
 .debug_aranges
                0x00000800       0x60 ./Drivers/STM32L4xx_HAL_Driver/Src/stm32l4xx_hal_pcd_ex.o
 .debug_aranges
                0x00000860      0x160 ./Drivers/STM32L4xx_HAL_Driver/Src/stm32l4xx_hal_pwr_ex.o
 .debug_aranges
                0x000009c0       0x90 ./Drivers/STM32L4xx_HAL_Driver/Src/stm32l4xx_hal_rcc.o
 .debug_aranges
                0x00000a50       0xc0 ./Drivers/STM32L4xx_HAL_Driver/Src/stm32l4xx_hal_rcc_ex.o
 .debug_aranges
                0x00000b10      0x1f8 ./Drivers/STM32L4xx_HAL_Driver/Src/stm32l4xx_hal_spi.o
 .debug_aranges
                0x00000d08      0x3e0 ./Drivers/STM32L4xx_HAL_Driver/Src/stm32l4xx_hal_tim.o
 .debug_aranges
                0x000010e8      0x180 ./Drivers/STM32L4xx_HAL_Driver/Src/stm32l4xx_hal_tim_ex.o
 .debug_aranges
                0x00001268      0x228 ./Drivers/STM32L4xx_HAL_Driver/Src/stm32l4xx_hal_uart.o
 .debug_aranges
                0x00001490      0x1a0 ./Drivers/STM32L4xx_HAL_Driver/Src/stm32l4xx_ll_usb.o
 .debug_aranges
                0x00001630       0x90 ./Middlewares/ST/STM32_USB_Device_Library/Class/CDC/Src/usbd_cdc.o
 .debug_aranges
                0x000016c0       0xd8 ./Middlewares/ST/STM32_USB_Device_Library/Core/Src/usbd_core.o
 .debug_aranges
                0x00001798       0x90 ./Middlewares/ST/STM32_USB_Device_Library/Core/Src/usbd_ctlreq.o
 .debug_aranges
                0x00001828       0x50 ./Middlewares/ST/STM32_USB_Device_Library/Core/Src/usbd_ioreq.o
 .debug_aranges
                0x00001878       0x20 ./USB_DEVICE/App/usb_device.o
 .debug_aranges
                0x00001898       0x48 ./USB_DEVICE/App/usbd_cdc_if.o
 .debug_aranges
                0x000018e0       0x68 ./USB_DEVICE/App/usbd_desc.o
 .debug_aranges
                0x00001948      0x118 ./USB_DEVICE/Target/usbd_conf.o

.debug_rnglists
                0x00000000     0x1467
 .debug_rnglists
                0x00000000       0xd9 ./Core/Src/DACx1416.o
 .debug_rnglists
                0x000000d9       0x28 ./Core/Src/cmdParser.o
 .debug_rnglists
                0x00000101       0x5f ./Core/Src/main.o
 .debug_rnglists
                0x00000160       0x39 ./Core/Src/stm32l4xx_hal_msp.o
 .debug_rnglists
                0x00000199       0x20 ./Core/Src/stm32l4xx_hal_timebase_tim.o
 .debug_rnglists
                0x000001b9       0x55 ./Core/Src/stm32l4xx_it.o
 .debug_rnglists
                0x0000020e       0x1a ./Core/Src/system_stm32l4xx.o
 .debug_rnglists
                0x00000228       0x19 ./Core/Startup/startup_stm32l476rgtx.o
 .debug_rnglists
                0x00000241       0xdf ./Drivers/STM32L4xx_HAL_Driver/Src/stm32l4xx_hal.o
 .debug_rnglists
                0x00000320       0xda ./Drivers/STM32L4xx_HAL_Driver/Src/stm32l4xx_hal_cortex.o
 .debug_rnglists
                0x000003fa       0x47 ./Drivers/STM32L4xx_HAL_Driver/Src/stm32l4xx_hal_crc.o
 .debug_rnglists
                0x00000441       0x20 ./Drivers/STM32L4xx_HAL_Driver/Src/stm32l4xx_hal_crc_ex.o
 .debug_rnglists
                0x00000461       0x64 ./Drivers/STM32L4xx_HAL_Driver/Src/stm32l4xx_hal_dma.o
 .debug_rnglists
                0x000004c5       0x3f ./Drivers/STM32L4xx_HAL_Driver/Src/stm32l4xx_hal_gpio.o
 .debug_rnglists
                0x00000504       0xed ./Drivers/STM32L4xx_HAL_Driver/Src/stm32l4xx_hal_pcd.o
 .debug_rnglists
                0x000005f1       0x45 ./Drivers/STM32L4xx_HAL_Driver/Src/stm32l4xx_hal_pcd_ex.o
 .debug_rnglists
                0x00000636      0x109 ./Drivers/STM32L4xx_HAL_Driver/Src/stm32l4xx_hal_pwr_ex.o
 .debug_rnglists
                0x0000073f       0x6d ./Drivers/STM32L4xx_HAL_Driver/Src/stm32l4xx_hal_rcc.o
 .debug_rnglists
                0x000007ac       0x95 ./Drivers/STM32L4xx_HAL_Driver/Src/stm32l4xx_hal_rcc_ex.o
 .debug_rnglists
                0x00000841      0x194 ./Drivers/STM32L4xx_HAL_Driver/Src/stm32l4xx_hal_spi.o
 .debug_rnglists
                0x000009d5      0x328 ./Drivers/STM32L4xx_HAL_Driver/Src/stm32l4xx_hal_tim.o
 .debug_rnglists
                0x00000cfd      0x139 ./Drivers/STM32L4xx_HAL_Driver/Src/stm32l4xx_hal_tim_ex.o
 .debug_rnglists
                0x00000e36      0x1db ./Drivers/STM32L4xx_HAL_Driver/Src/stm32l4xx_hal_uart.o
 .debug_rnglists
                0x00001011      0x146 ./Drivers/STM32L4xx_HAL_Driver/Src/stm32l4xx_ll_usb.o
 .debug_rnglists
                0x00001157       0x6c ./Middlewares/ST/STM32_USB_Device_Library/Class/CDC/Src/usbd_cdc.o
 .debug_rnglists
                0x000011c3       0xa1 ./Middlewares/ST/STM32_USB_Device_Library/Core/Src/usbd_core.o
 .debug_rnglists
                0x00001264       0x6e ./Middlewares/ST/STM32_USB_Device_Library/Core/Src/usbd_ctlreq.o
 .debug_rnglists
                0x000012d2       0x37 ./Middlewares/ST/STM32_USB_Device_Library/Core/Src/usbd_ioreq.o
 .debug_rnglists
                0x00001309       0x13 ./USB_DEVICE/App/usb_device.o
 .debug_rnglists
                0x0000131c       0x32 ./USB_DEVICE/App/usbd_cdc_if.o
 .debug_rnglists
                0x0000134e       0x49 ./USB_DEVICE/App/usbd_desc.o
 .debug_rnglists
                0x00001397       0xd0 ./USB_DEVICE/Target/usbd_conf.o

.debug_macro    0x00000000    0x2b053
 .debug_macro   0x00000000      0x301 ./Core/Src/DACx1416.o
 .debug_macro   0x00000301      0xab4 ./Core/Src/DACx1416.o
 .debug_macro   0x00000db5      0x1b9 ./Core/Src/DACx1416.o
 .debug_macro   0x00000f6e       0x2e ./Core/Src/DACx1416.o
 .debug_macro   0x00000f9c       0x28 ./Core/Src/DACx1416.o
 .debug_macro   0x00000fc4       0x22 ./Core/Src/DACx1416.o
 .debug_macro   0x00000fe6       0x8e ./Core/Src/DACx1416.o
 .debug_macro   0x00001074       0x51 ./Core/Src/DACx1416.o
 .debug_macro   0x000010c5      0x103 ./Core/Src/DACx1416.o
 .debug_macro   0x000011c8       0x6a ./Core/Src/DACx1416.o
 .debug_macro   0x00001232      0x1df ./Core/Src/DACx1416.o
 .debug_macro   0x00001411       0x1c ./Core/Src/DACx1416.o
 .debug_macro   0x0000142d       0x22 ./Core/Src/DACx1416.o
 .debug_macro   0x0000144f       0xfb ./Core/Src/DACx1416.o
 .debug_macro   0x0000154a     0x1011 ./Core/Src/DACx1416.o
 .debug_macro   0x0000255b      0x11f ./Core/Src/DACx1416.o
 .debug_macro   0x0000267a    0x1a17a ./Core/Src/DACx1416.o
 .debug_macro   0x0001c7f4       0x6d ./Core/Src/DACx1416.o
 .debug_macro   0x0001c861     0x38fb ./Core/Src/DACx1416.o
 .debug_macro   0x0002015c      0x189 ./Core/Src/DACx1416.o
 .debug_macro   0x000202e5       0x5c ./Core/Src/DACx1416.o
 .debug_macro   0x00020341     0x159e ./Core/Src/DACx1416.o
 .debug_macro   0x000218df      0x5a5 ./Core/Src/DACx1416.o
 .debug_macro   0x00021e84      0x1b9 ./Core/Src/DACx1416.o
 .debug_macro   0x0002203d      0x18b ./Core/Src/DACx1416.o
 .debug_macro   0x000221c8      0x26b ./Core/Src/DACx1416.o
 .debug_macro   0x00022433      0x23d ./Core/Src/DACx1416.o
 .debug_macro   0x00022670       0xc7 ./Core/Src/DACx1416.o
 .debug_macro   0x00022737       0x4c ./Core/Src/DACx1416.o
 .debug_macro   0x00022783      0x241 ./Core/Src/DACx1416.o
 .debug_macro   0x000229c4      0x37c ./Core/Src/DACx1416.o
 .debug_macro   0x00022d40       0xd6 ./Core/Src/DACx1416.o
 .debug_macro   0x00022e16      0x215 ./Core/Src/DACx1416.o
 .debug_macro   0x0002302b       0x97 ./Core/Src/DACx1416.o
 .debug_macro   0x000230c2      0x122 ./Core/Src/DACx1416.o
 .debug_macro   0x000231e4      0x3ef ./Core/Src/DACx1416.o
 .debug_macro   0x000235d3      0x2fe ./Core/Src/DACx1416.o
 .debug_macro   0x000238d1      0xa98 ./Core/Src/DACx1416.o
 .debug_macro   0x00024369      0x1e6 ./Core/Src/DACx1416.o
 .debug_macro   0x0002454f      0x5cf ./Core/Src/DACx1416.o
 .debug_macro   0x00024b1e       0x44 ./Core/Src/DACx1416.o
 .debug_macro   0x00024b62      0x330 ./Core/Src/DACx1416.o
 .debug_macro   0x00024e92       0x64 ./Core/Src/DACx1416.o
 .debug_macro   0x00024ef6       0x61 ./Core/Src/DACx1416.o
 .debug_macro   0x00024f57       0x2a ./Core/Src/DACx1416.o
 .debug_macro   0x00024f81       0x43 ./Core/Src/DACx1416.o
 .debug_macro   0x00024fc4       0x34 ./Core/Src/DACx1416.o
 .debug_macro   0x00024ff8       0x16 ./Core/Src/DACx1416.o
 .debug_macro   0x0002500e       0x43 ./Core/Src/DACx1416.o
 .debug_macro   0x00025051       0x34 ./Core/Src/DACx1416.o
 .debug_macro   0x00025085       0x10 ./Core/Src/DACx1416.o
 .debug_macro   0x00025095       0x58 ./Core/Src/DACx1416.o
 .debug_macro   0x000250ed       0x8e ./Core/Src/DACx1416.o
 .debug_macro   0x0002517b       0x1c ./Core/Src/DACx1416.o
 .debug_macro   0x00025197      0x177 ./Core/Src/DACx1416.o
 .debug_macro   0x0002530e      0x369 ./Core/Src/DACx1416.o
 .debug_macro   0x00025677       0x10 ./Core/Src/DACx1416.o
 .debug_macro   0x00025687       0x35 ./Core/Src/DACx1416.o
 .debug_macro   0x000256bc       0x20 ./Core/Src/DACx1416.o
 .debug_macro   0x000256dc       0x22 ./Core/Src/DACx1416.o
 .debug_macro   0x000256fe      0x3eb ./Core/Src/cmdParser.o
 .debug_macro   0x00025ae9       0x16 ./Core/Src/cmdParser.o
 .debug_macro   0x00025aff       0x10 ./Core/Src/cmdParser.o
 .debug_macro   0x00025b0f       0x16 ./Core/Src/cmdParser.o
 .debug_macro   0x00025b25       0x16 ./Core/Src/cmdParser.o
 .debug_macro   0x00025b3b      0x146 ./Core/Src/cmdParser.o
 .debug_macro   0x00025c81       0x16 ./Core/Src/cmdParser.o
 .debug_macro   0x00025c97       0x16 ./Core/Src/cmdParser.o
 .debug_macro   0x00025cad       0x29 ./Core/Src/cmdParser.o
 .debug_macro   0x00025cd6       0x16 ./Core/Src/cmdParser.o
 .debug_macro   0x00025cec       0x5f ./Core/Src/cmdParser.o
 .debug_macro   0x00025d4b      0x20f ./Core/Src/cmdParser.o
 .debug_macro   0x00025f5a       0x95 ./Core/Src/cmdParser.o
 .debug_macro   0x00025fef       0x10 ./Core/Src/cmdParser.o
 .debug_macro   0x00025fff      0x3a1 ./Core/Src/main.o
 .debug_macro   0x000263a0      0x21c ./Core/Src/stm32l4xx_hal_msp.o
 .debug_macro   0x000265bc      0x20d ./Core/Src/stm32l4xx_hal_timebase_tim.o
 .debug_macro   0x000267c9      0x226 ./Core/Src/stm32l4xx_it.o
 .debug_macro   0x000269ef      0x20d ./Core/Src/system_stm32l4xx.o
 .debug_macro   0x00026bfc      0x25b ./Drivers/STM32L4xx_HAL_Driver/Src/stm32l4xx_hal.o
 .debug_macro   0x00026e57      0x20d ./Drivers/STM32L4xx_HAL_Driver/Src/stm32l4xx_hal_cortex.o
 .debug_macro   0x00027064      0x20d ./Drivers/STM32L4xx_HAL_Driver/Src/stm32l4xx_hal_crc.o
 .debug_macro   0x00027271      0x20d ./Drivers/STM32L4xx_HAL_Driver/Src/stm32l4xx_hal_crc_ex.o
 .debug_macro   0x0002747e      0x20d ./Drivers/STM32L4xx_HAL_Driver/Src/stm32l4xx_hal_dma.o
 .debug_macro   0x0002768b      0x214 ./Drivers/STM32L4xx_HAL_Driver/Src/stm32l4xx_hal_gpio.o
 .debug_macro   0x0002789f      0x219 ./Drivers/STM32L4xx_HAL_Driver/Src/stm32l4xx_hal_pcd.o
 .debug_macro   0x00027ab8      0x20d ./Drivers/STM32L4xx_HAL_Driver/Src/stm32l4xx_hal_pcd_ex.o
 .debug_macro   0x00027cc5      0x231 ./Drivers/STM32L4xx_HAL_Driver/Src/stm32l4xx_hal_pwr_ex.o
 .debug_macro   0x00027ef6      0x24f ./Drivers/STM32L4xx_HAL_Driver/Src/stm32l4xx_hal_rcc.o
 .debug_macro   0x00028145      0x243 ./Drivers/STM32L4xx_HAL_Driver/Src/stm32l4xx_hal_rcc_ex.o
 .debug_macro   0x00028388      0x215 ./Drivers/STM32L4xx_HAL_Driver/Src/stm32l4xx_hal_spi.o
 .debug_macro   0x0002859d      0x20e ./Drivers/STM32L4xx_HAL_Driver/Src/stm32l4xx_hal_tim.o
 .debug_macro   0x000287ab      0x20d ./Drivers/STM32L4xx_HAL_Driver/Src/stm32l4xx_hal_tim_ex.o
 .debug_macro   0x000289b8      0x238 ./Drivers/STM32L4xx_HAL_Driver/Src/stm32l4xx_hal_uart.o
 .debug_macro   0x00028bf0      0x20d ./Drivers/STM32L4xx_HAL_Driver/Src/stm32l4xx_ll_usb.o
 .debug_macro   0x00028dfd      0x3ab ./Middlewares/ST/STM32_USB_Device_Library/Class/CDC/Src/usbd_cdc.o
 .debug_macro   0x000291a8       0x9e ./Middlewares/ST/STM32_USB_Device_Library/Class/CDC/Src/usbd_cdc.o
 .debug_macro   0x00029246      0x10b ./Middlewares/ST/STM32_USB_Device_Library/Class/CDC/Src/usbd_cdc.o
 .debug_macro   0x00029351       0x56 ./Middlewares/ST/STM32_USB_Device_Library/Class/CDC/Src/usbd_cdc.o
 .debug_macro   0x000293a7      0x392 ./Middlewares/ST/STM32_USB_Device_Library/Core/Src/usbd_core.o
 .debug_macro   0x00029739      0x215 ./Middlewares/ST/STM32_USB_Device_Library/Core/Src/usbd_core.o
 .debug_macro   0x0002994e      0x39c ./Middlewares/ST/STM32_USB_Device_Library/Core/Src/usbd_ctlreq.o
 .debug_macro   0x00029cea      0x398 ./Middlewares/ST/STM32_USB_Device_Library/Core/Src/usbd_ioreq.o
 .debug_macro   0x0002a082      0x3cb ./USB_DEVICE/App/usb_device.o
 .debug_macro   0x0002a44d       0x6a ./USB_DEVICE/App/usb_device.o
 .debug_macro   0x0002a4b7       0x22 ./USB_DEVICE/App/usb_device.o
 .debug_macro   0x0002a4d9       0x16 ./USB_DEVICE/App/usb_device.o
 .debug_macro   0x0002a4ef      0x3c4 ./USB_DEVICE/App/usbd_cdc_if.o
 .debug_macro   0x0002a8b3      0x3d5 ./USB_DEVICE/App/usbd_desc.o
 .debug_macro   0x0002ac88       0x1c ./USB_DEVICE/App/usbd_desc.o
 .debug_macro   0x0002aca4      0x3af ./USB_DEVICE/Target/usbd_conf.o

.debug_line     0x00000000    0x21aa2
 .debug_line    0x00000000     0x11b6 ./Core/Src/DACx1416.o
 .debug_line    0x000011b6      0xb45 ./Core/Src/cmdParser.o
 .debug_line    0x00001cfb      0xc9f ./Core/Src/main.o
 .debug_line    0x0000299a      0x875 ./Core/Src/stm32l4xx_hal_msp.o
 .debug_line    0x0000320f      0x7fa ./Core/Src/stm32l4xx_hal_timebase_tim.o
 .debug_line    0x00003a09      0x893 ./Core/Src/stm32l4xx_it.o
 .debug_line    0x0000429c      0x828 ./Core/Src/system_stm32l4xx.o
 .debug_line    0x00004ac4       0x7a ./Core/Startup/startup_stm32l476rgtx.o
 .debug_line    0x00004b3e      0xb83 ./Drivers/STM32L4xx_HAL_Driver/Src/stm32l4xx_hal.o
 .debug_line    0x000056c1      0xd4c ./Drivers/STM32L4xx_HAL_Driver/Src/stm32l4xx_hal_cortex.o
 .debug_line    0x0000640d      0xace ./Drivers/STM32L4xx_HAL_Driver/Src/stm32l4xx_hal_crc.o
 .debug_line    0x00006edb      0x84a ./Drivers/STM32L4xx_HAL_Driver/Src/stm32l4xx_hal_crc_ex.o