Archive member included to satisfy reference by file (symbol)

/Applications/STM32CubeIDE.app/Contents/Eclipse/plugins/com.st.stm32cube.ide.mcu.externaltools.gnu-tools-for-stm32.12.3.rel1.macos64_1.0.200.202406191456/tools/bin/../lib/gcc/arm-none-eabi/12.3.1/../../../../arm-none-eabi/lib/thumb/v7e-m+fp/hard/libc_nano.a(libc_a-exit.o)
                              /Applications/STM32CubeIDE.app/Contents/Eclipse/plugins/com.st.stm32cube.ide.mcu.externaltools.gnu-tools-for-stm32.12.3.rel1.macos64_1.0.200.202406191456/tools/bin/../lib/gcc/arm-none-eabi/12.3.1/../../../../arm-none-eabi/lib/thumb/v7e-m+fp/hard/crt0.o (exit)
/Applications/STM32CubeIDE.app/Contents/Eclipse/plugins/com.st.stm32cube.ide.mcu.externaltools.gnu-tools-for-stm32.12.3.rel1.macos64_1.0.200.202406191456/tools/bin/../lib/gcc/arm-none-eabi/12.3.1/../../../../arm-none-eabi/lib/thumb/v7e-m+fp/hard/libc_nano.a(libc_a-findfp.o)
                              /Applications/STM32CubeIDE.app/Contents/Eclipse/plugins/com.st.stm32cube.ide.mcu.externaltools.gnu-tools-for-stm32.12.3.rel1.macos64_1.0.200.202406191456/tools/bin/../lib/gcc/arm-none-eabi/12.3.1/../../../../arm-none-eabi/lib/thumb/v7e-m+fp/hard/libc_nano.a(libc_a-exit.o) (__stdio_exit_handler)
/Applications/STM32CubeIDE.app/Contents/Eclipse/plugins/com.st.stm32cube.ide.mcu.externaltools.gnu-tools-for-stm32.12.3.rel1.macos64_1.0.200.202406191456/tools/bin/../lib/gcc/arm-none-eabi/12.3.1/../../../../arm-none-eabi/lib/thumb/v7e-m+fp/hard/libc_nano.a(libc_a-fwalk.o)
                              /Applications/STM32CubeIDE.app/Contents/Eclipse/plugins/com.st.stm32cube.ide.mcu.externaltools.gnu-tools-for-stm32.12.3.rel1.macos64_1.0.200.202406191456/tools/bin/../lib/gcc/arm-none-eabi/12.3.1/../../../../arm-none-eabi/lib/thumb/v7e-m+fp/hard/libc_nano.a(libc_a-findfp.o) (_fwalk_sglue)
/Applications/STM32CubeIDE.app/Contents/Eclipse/plugins/com.st.stm32cube.ide.mcu.externaltools.gnu-tools-for-stm32.12.3.rel1.macos64_1.0.200.202406191456/tools/bin/../lib/gcc/arm-none-eabi/12.3.1/../../../../arm-none-eabi/lib/thumb/v7e-m+fp/hard/libc_nano.a(libc_a-memset.o)
                              /Applications/STM32CubeIDE.app/Contents/Eclipse/plugins/com.st.stm32cube.ide.mcu.externaltools.gnu-tools-for-stm32.12.3.rel1.macos64_1.0.200.202406191456/tools/bin/../lib/gcc/arm-none-eabi/12.3.1/../../../../arm-none-eabi/lib/thumb/v7e-m+fp/hard/crt0.o (memset)
/Applications/STM32CubeIDE.app/Contents/Eclipse/plugins/com.st.stm32cube.ide.mcu.externaltools.gnu-tools-for-stm32.12.3.rel1.macos64_1.0.200.202406191456/tools/bin/../lib/gcc/arm-none-eabi/12.3.1/../../../../arm-none-eabi/lib/thumb/v7e-m+fp/hard/libc_nano.a(libc_a-impure.o)
                              /Applications/STM32CubeIDE.app/Contents/Eclipse/plugins/com.st.stm32cube.ide.mcu.externaltools.gnu-tools-for-stm32.12.3.rel1.macos64_1.0.200.202406191456/tools/bin/../lib/gcc/arm-none-eabi/12.3.1/../../../../arm-none-eabi/lib/thumb/v7e-m+fp/hard/libc_nano.a(libc_a-findfp.o) (_impure_data)
/Applications/STM32CubeIDE.app/Contents/Eclipse/plugins/com.st.stm32cube.ide.mcu.externaltools.gnu-tools-for-stm32.12.3.rel1.macos64_1.0.200.202406191456/tools/bin/../lib/gcc/arm-none-eabi/12.3.1/../../../../arm-none-eabi/lib/thumb/v7e-m+fp/hard/libc_nano.a(libc_a-errno.o)
                              ./Core/Src/syscalls.o (__errno)
/Applications/STM32CubeIDE.app/Contents/Eclipse/plugins/com.st.stm32cube.ide.mcu.externaltools.gnu-tools-for-stm32.12.3.rel1.macos64_1.0.200.202406191456/tools/bin/../lib/gcc/arm-none-eabi/12.3.1/../../../../arm-none-eabi/lib/thumb/v7e-m+fp/hard/libc_nano.a(libc_a-init.o)
                              /Applications/STM32CubeIDE.app/Contents/Eclipse/plugins/com.st.stm32cube.ide.mcu.externaltools.gnu-tools-for-stm32.12.3.rel1.macos64_1.0.200.202406191456/tools/bin/../lib/gcc/arm-none-eabi/12.3.1/../../../../arm-none-eabi/lib/thumb/v7e-m+fp/hard/crt0.o (__libc_init_array)
/Applications/STM32CubeIDE.app/Contents/Eclipse/plugins/com.st.stm32cube.ide.mcu.externaltools.gnu-tools-for-stm32.12.3.rel1.macos64_1.0.200.202406191456/tools/bin/../lib/gcc/arm-none-eabi/12.3.1/../../../../arm-none-eabi/lib/thumb/v7e-m+fp/hard/libc_nano.a(libc_a-lock.o)
                              /Applications/STM32CubeIDE.app/Contents/Eclipse/plugins/com.st.stm32cube.ide.mcu.externaltools.gnu-tools-for-stm32.12.3.rel1.macos64_1.0.200.202406191456/tools/bin/../lib/gcc/arm-none-eabi/12.3.1/../../../../arm-none-eabi/lib/thumb/v7e-m+fp/hard/libc_nano.a(libc_a-findfp.o) (__retarget_lock_init_recursive)
/Applications/STM32CubeIDE.app/Contents/Eclipse/plugins/com.st.stm32cube.ide.mcu.externaltools.gnu-tools-for-stm32.12.3.rel1.macos64_1.0.200.202406191456/tools/bin/../lib/gcc/arm-none-eabi/12.3.1/../../../../arm-none-eabi/lib/thumb/v7e-m+fp/hard/libc_nano.a(libc_a-mallocr.o)
[...]
Memory Configuration

Name             Origin             Length             Attributes
RAM              0x20000000         0x00018000         xrw
RAM2             0x10000000         0x00008000         xrw
FLASH            0x08000000         0x00100000         xr
*default*        0x00000000         0xffffffff

Linker script and memory map

LOAD /Applications/STM32CubeIDE.app/Contents/Eclipse/plugins/com.st.stm32cube.ide.mcu.externaltools.gnu-tools-for-stm32.12.3.rel1.macos64_1.0.200.202406191456/tools/bin/../lib/gcc/arm-none-eabi/12.3.1/thumb/v7e-m+fp/hard/crti.o
LOAD /Applications/STM32CubeIDE.app/Contents/Eclipse/plugins/com.st.stm32cube.ide.mcu.externaltools.gnu-tools-for-stm32.12.3.rel1.macos64_1.0.200.202406191456/tools/bin/../lib/gcc/arm-none-eabi/12.3.1/thumb/v7e-m+fp/hard/crtbegin.o
LOAD /Applications/STM32CubeIDE.app/Contents/Eclipse/plugins/com.st.stm32cube.ide.mcu.externaltools.gnu-tools-for-stm32.12.3.rel1.macos64_1.0.200.202406191456/tools/bin/../lib/gcc/arm-none-eabi/12.3.1/../../../../arm-none-eabi/lib/thumb/v7e-m+fp/hard/crt0.o
LOAD ./Core/Src/DACx1416.o
LOAD ./Core/Src/main.o
LOAD ./Core/Src/stm32l4xx_hal_msp.o
LOAD ./Core/Src/stm32l4xx_it.o
LOAD ./Core/Src/syscalls.o
LOAD ./Core/Src/sysmem.o
LOAD ./Core/Src/system_stm32l4xx.o
LOAD ./Core/Startup/startup_stm32l476rgtx.o
LOAD ./Drivers/STM32L4xx_HAL_Driver/Src/stm32l4xx_hal.o
LOAD ./Drivers/STM32L4xx_HAL_Driver/Src/stm32l4xx_hal_cortex.o
LOAD ./Drivers/STM32L4xx_HAL_Driver/Src/stm32l4xx_hal_dma.o
LOAD ./Drivers/STM32L4xx_HAL_Driver/Src/stm32l4xx_hal_dma_ex.o
LOAD ./Drivers/STM32L4xx_HAL_Driver/Src/stm32l4xx_hal_exti.o
LOAD ./Drivers/STM32L4xx_HAL_Driver/Src/stm32l4xx_hal_flash.o
LOAD ./Drivers/STM32L4xx_HAL_Driver/Src/stm32l4xx_hal_flash_ex.o
LOAD ./Drivers/STM32L4xx_HAL_Driver/Src/stm32l4xx_hal_flash_ramfunc.o
LOAD ./Drivers/STM32L4xx_HAL_Driver/Src/stm32l4xx_hal_gpio.o
LOAD ./Drivers/STM32L4xx_HAL_Driver/Src/stm32l4xx_hal_i2c.o
LOAD ./Drivers/STM32L4xx_HAL_Driver/Src/stm32l4xx_hal_i2c_ex.o
LOAD ./Drivers/STM32L4xx_HAL_Driver/Src/stm32l4xx_hal_pcd.o
LOAD ./Drivers/STM32L4xx_HAL_Driver/Src/stm32l4xx_hal_pcd_ex.o
LOAD ./Drivers/STM32L4xx_HAL_Driver/Src/stm32l4xx_hal_pwr.o
LOAD ./Drivers/STM32L4xx_HAL_Driver/Src/stm32l4xx_hal_pwr_ex.o
LOAD ./Drivers/STM32L4xx_HAL_Driver/Src/stm32l4xx_hal_rcc.o
LOAD ./Drivers/STM32L4xx_HAL_Driver/Src/stm32l4xx_hal_rcc_ex.o
LOAD ./Drivers/STM32L4xx_HAL_Driver/Src/stm32l4xx_hal_spi.o
LOAD ./Drivers/STM32L4xx_HAL_Driver/Src/stm32l4xx_hal_spi_ex.o
LOAD ./Drivers/STM32L4xx_HAL_Driver/Src/stm32l4xx_hal_tim.o
LOAD ./Drivers/STM32L4xx_HAL_Driver/Src/stm32l4xx_hal_tim_ex.o
LOAD ./Drivers/STM32L4xx_HAL_Driver/Src/stm32l4xx_hal_uart.o
LOAD ./Drivers/STM32L4xx_HAL_Driver/Src/stm32l4xx_hal_uart_ex.o
LOAD ./Drivers/STM32L4xx_HAL_Driver/Src/stm32l4xx_ll_usb.o
LOAD ./Middlewares/ST/STM32_USB_Device_Library/Class/CDC/Src/usbd_cdc.o
LOAD ./Middlewares/ST/STM32_USB_Device_Library/Core/Src/usbd_core.o
LOAD ./Middlewares/ST/STM32_USB_Device_Library/Core/Src/usbd_ctlreq.o
LOAD ./Middlewares/ST/STM32_USB_Device_Library/Core/Src/usbd_ioreq.o
LOAD ./USB_DEVICE/App/usb_device.o
LOAD ./USB_DEVICE/App/usbd_cdc_if.o
LOAD ./USB_DEVICE/App/usbd_desc.o
LOAD ./USB_DEVICE/Target/usbd_conf.o
START GROUP
LOAD /Applications/STM32CubeIDE.app/Contents/Eclipse/plugins/com.st.stm32cube.ide.mcu.externaltools.gnu-tools-for-stm32.12.3.rel1.macos64_1.0.200.202406191456/tools/bin/../lib/gcc/arm-none-eabi/12.3.1/../../../../arm-none-eabi/lib/thumb/v7e-m+fp/hard/libc_nano.a
LOAD /Applications/STM32CubeIDE.app/Contents/Eclipse/plugins/com.st.stm32cube.ide.mcu.externaltools.gnu-tools-for-stm32.12.3.rel1.macos64_1.0.200.202406191456/tools/bin/../lib/gcc/arm-none-eabi/12.3.1/../../../../arm-none-eabi/lib/thumb/v7e-m+fp/hard/libm.a
END GROUP
START GROUP
LOAD /Applications/STM32CubeIDE.app/Contents/Eclipse/plugins/com.st.stm32cube.ide.mcu.externaltools.gnu-tools-for-stm32.12.3.rel1.macos64_1.0.200.202406191456/tools/bin/../lib/gcc/arm-none-eabi/12.3.1/thumb/v7e-m+fp/hard/libgcc.a
LOAD /Applications/STM32CubeIDE.app/Contents/Eclipse/plugins/com.st.stm32cube.ide.mcu.externaltools.gnu-tools-for-stm32.12.3.rel1.macos64_1.0.200.202406191456/tools/bin/../lib/gcc/arm-none-eabi/12.3.1/../../../../arm-none-eabi/lib/thumb/v7e-m+fp/hard/libc_nano.a
END GROUP
START GROUP
LOAD /Applications/STM32CubeIDE.app/Contents/Eclipse/plugins/com.st.stm32cube.ide.mcu.externaltools.gnu-tools-for-stm32.12.3.rel1.macos64_1.0.200.202406191456/tools/bin/../lib/gcc/arm-none-eabi/12.3.1/thumb/v7e-m+fp/hard/libgcc.a
LOAD /Applications/STM32CubeIDE.app/Contents/Eclipse/plugins/com.st.stm32cube.ide.mcu.externaltools.gnu-tools-for-stm32.12.3.rel1.macos64_1.0.200.202406191456/tools/bin/../lib/gcc/arm-none-eabi/12.3.1/../../../../arm-none-eabi/lib/thumb/v7e-m+fp/hard/libc_nano.a
LOAD /Applications/STM32CubeIDE.app/Contents/Eclipse/plugins/com.st.stm32cube.ide.mcu.externaltools.gnu-tools-for-stm32.12.3.rel1.macos64_1.0.200.202406191456/tools/bin/../lib/gcc/arm-none-eabi/12.3.1/../../../../arm-none-eabi/lib/thumb/v7e-m+fp/hard/libnosys.a
END GROUP
START GROUP
LOAD /Applications/STM32CubeIDE.app/Contents/Eclipse/plugins/com.st.stm32cube.ide.mcu.externaltools.gnu-tools-for-stm32.12.3.rel1.macos64_1.0.200.202406191456/tools/bin/../lib/gcc/arm-none-eabi/12.3.1/thumb/v7e-m+fp/hard/libgcc.a
LOAD /Applications/STM32CubeIDE.app/Contents/Eclipse/plugins/com.st.stm32cube.ide.mcu.externaltools.gnu-tools-for-stm32.12.3.rel1.macos64_1.0.200.202406191456/tools/bin/../lib/gcc/arm-none-eabi/12.3.1/../../../../arm-none-eabi/lib/thumb/v7e-m+fp/hard/libc_nano.a
LOAD /Applications/STM32CubeIDE.app/Contents/Eclipse/plugins/com.st.stm32cube.ide.mcu.externaltools.gnu-tools-for-stm32.12.3.rel1.macos64_1.0.200.202406191456/tools/bin/../lib/gcc/arm-none-eabi/12.3.1/../../../../arm-none-eabi/lib/thumb/v7e-m+fp/hard/libnosys.a
END GROUP
LOAD /Applications/STM32CubeIDE.app/Contents/Eclipse/plugins/com.st.stm32cube.ide.mcu.externaltools.gnu-tools-for-stm32.12.3.rel1.macos64_1.0.200.202406191456/tools/bin/../lib/gcc/arm-none-eabi/12.3.1/thumb/v7e-m+fp/hard/crtend.o
LOAD /Applications/STM32CubeIDE.app/Contents/Eclipse/plugins/com.st.stm32cube.ide.mcu.externaltools.gnu-tools-for-stm32.12.3.rel1.macos64_1.0.200.202406191456/tools/bin/../lib/gcc/arm-none-eabi/12.3.1/thumb/v7e-m+fp/hard/crtn.o
                0x20018000                        _estack = (ORIGIN (RAM) + LENGTH (RAM))
                0x00000200                        _Min_Heap_Size = 0x200
                0x00000400                        _Min_Stack_Size = 0x400

.isr_vector     0x08000000      0x188
                0x08000000                        . = ALIGN (0x4)
 *(.isr_vector)
 .isr_vector    0x08000000      0x188 ./Core/Startup/startup_stm32l476rgtx.o
                0x08000000                g_pfnVectors
                0x08000188                        . = ALIGN (0x4)

.text           0x08000188     0x9528
                0x08000188                        . = ALIGN (0x4)
 *(.text)
 .text          0x08000188       0x40 /Applications/STM32CubeIDE.app/Contents/Eclipse/plugins/com.st.stm32cube.ide.mcu.externaltools.gnu-tools-for-stm32.12.3.rel1.macos64_1.0.200.202406191456/tools/bin/../lib/gcc/arm-none-eabi/12.3.1/thumb/v7e-m+fp/hard/crtbegin.o
 .text          0x080001c8       0x30 /Applications/STM32CubeIDE.app/Contents/Eclipse/plugins/com.st.stm32cube.ide.mcu.externaltools.gnu-tools-for-stm32.12.3.rel1.macos64_1.0.200.202406191456/tools/bin/../lib/gcc/arm-none-eabi/12.3.1/thumb/v7e-m+fp/hard/libgcc.a(_aeabi_uldivmod.o)
                0x080001c8                __aeabi_uldivmod
 .text          0x080001f8      0x2bc /Applications/STM32CubeIDE.app/Contents/Eclipse/plugins/com.st.stm32cube.ide.mcu.externaltools.gnu-tools-for-stm32.12.3.rel1.macos64_1.0.200.202406191456/tools/bin/../lib/gcc/arm-none-eabi/12.3.1/thumb/v7e-m+fp/hard/libgcc.a(_udivmoddi4.o)
                0x080001f8                __udivmoddi4
 .text          0x080004b4        0x4 /Applications/STM32CubeIDE.app/Contents/Eclipse/plugins/com.st.stm32cube.ide.mcu.externaltools.gnu-tools-for-stm32.12.3.rel1.macos64_1.0.200.202406191456/tools/bin/../lib/gcc/arm-none-eabi/12.3.1/thumb/v7e-m+fp/hard/libgcc.a(_dvmd_tls.o)
                0x080004b4                __aeabi_ldiv0
                0x080004b4                __aeabi_idiv0
 *(.text*)
 .text.DACx1416_SPI_transmit
                0x080004b8       0x30 ./Core/Src/DACx1416.o
                0x080004b8                DACx1416_SPI_transmit
 .text.DACx1416_SPI_receive
                0x080004e8       0x30 ./Core/Src/DACx1416.o
                0x080004e8                DACx1416_SPI_receive
 .text.DACx1416_write_register
                0x08000518       0x5a ./Core/Src/DACx1416.o
                0x08000518                DACx1416_write_register
 .text.DACx1416_read_register
                0x08000572       0x7c ./Core/Src/DACx1416.o
                0x08000572                DACx1416_read_register
 *fill*         0x080005ee        0x2 
 .text.SPI1_TransmitReceive
                0x080005f0       0x50 ./Core/Src/main.o
                0x080005f0                SPI1_TransmitReceive
 .text.main     0x08000640      0x178 ./Core/Src/main.o
                0x08000640                main
 .text.SystemClock_Config
                0x080007b8       0xa4 ./Core/Src/main.o
                0x080007b8                SystemClock_Config
 .text.MX_SPI1_Init
                0x0800085c       0x7c ./Core/Src/main.o
 .text.MX_USART1_UART_Init
                0x080008d8       0x60 ./Core/Src/main.o
 .text.MX_GPIO_Init
                0x08000938       0xd8 ./Core/Src/main.o
 .text.Error_Handler
                0x08000a10        0xc ./Core/Src/main.o
                0x08000a10                Error_Handler
 .text.HAL_MspInit
                0x08000a1c       0x48 ./Core/Src/stm32l4xx_hal_msp.o
                0x08000a1c                HAL_MspInit
 .text.HAL_SPI_MspInit
                0x08000a64       0x84 ./Core/Src/stm32l4xx_hal_msp.o
                0x08000a64                HAL_SPI_MspInit
 .text.HAL_UART_MspInit
                0x08000ae8       0xbc ./Core/Src/stm32l4xx_hal_msp.o
                0x08000ae8                HAL_UART_MspInit
 .text.NMI_Handler
                0x08000ba4        0x8 ./Core/Src/stm32l4xx_it.o
                0x08000ba4                NMI_Handler
 .text.HardFault_Handler
                0x08000bac        0x8 ./Core/Src/stm32l4xx_it.o
                0x08000bac                HardFault_Handler
 .text.MemManage_Handler
                0x08000bb4        0x8 ./Core/Src/stm32l4xx_it.o
                0x08000bb4                MemManage_Handler
 .text.BusFault_Handler
                0x08000bbc        0x8 ./Core/Src/stm32l4xx_it.o
                0x08000bbc                BusFault_Handler
 .text.UsageFault_Handler
                0x08000bc4        0x8 ./Core/Src/stm32l4xx_it.o
                0x08000bc4                UsageFault_Handler
 .text.SVC_Handler
                0x08000bcc        0xe ./Core/Src/stm32l4xx_it.o
                0x08000bcc                SVC_Handler
 .text.DebugMon_Handler
                0x08000bda        0xe ./Core/Src/stm32l4xx_it.o
                0x08000bda                DebugMon_Handler
 .text.PendSV_Handler
                0x08000be8        0xe ./Core/Src/stm32l4xx_it.o
                0x08000be8                PendSV_Handler
 .text.SysTick_Handler
                0x08000bf6        0xc ./Core/Src/stm32l4xx_it.o
                0x08000bf6                SysTick_Handler
 *fill*         0x08000c02        0x2 
 .text.OTG_FS_IRQHandler
                0x08000c04       0x14 ./Core/Src/stm32l4xx_it.o
                0x08000c04                OTG_FS_IRQHandler
 .text.SystemInit
                0x08000c18       0x24 ./Core/Src/system_stm32l4xx.o
                0x08000c18                SystemInit
 .text.Reset_Handler
                0x08000c3c       0x50 ./Core/Startup/startup_stm32l476rgtx.o
                0x08000c3c                Reset_Handler
 .text.Default_Handler
                0x08000c8c        0x2 ./Core/Startup/startup_stm32l476rgtx.o
                0x08000c8c                TIM1_BRK_TIM15_IRQHandler
                0x08000c8c                EXTI2_IRQHandler
                0x08000c8c                TIM8_TRG_COM_IRQHandler
                0x08000c8c                TIM8_CC_IRQHandler
                0x08000c8c                TIM1_CC_IRQHandler
                0x08000c8c                TSC_IRQHandler
                0x08000c8c                TAMP_STAMP_IRQHandler
                0x08000c8c                EXTI3_IRQHandler
                0x08000c8c                LPTIM2_IRQHandler
                0x08000c8c                DFSDM1_FLT1_IRQHandler
                0x08000c8c                I2C3_ER_IRQHandler
                0x08000c8c                DFSDM1_FLT2_IRQHandler
                0x08000c8c                EXTI0_IRQHandler
                0x08000c8c                I2C2_EV_IRQHandler
                0x08000c8c                CAN1_RX0_IRQHandler
                0x08000c8c                FPU_IRQHandler
                0x08000c8c                TIM1_UP_TIM16_IRQHandler
                0x08000c8c                ADC1_2_IRQHandler
                0x08000c8c                SPI1_IRQHandler
                0x08000c8c                TIM6_DAC_IRQHandler
                0x08000c8c                TIM8_UP_IRQHandler
                0x08000c8c                DMA2_Channel2_IRQHandler
                0x08000c8c                DMA1_Channel4_IRQHandler
                0x08000c8c                SAI2_IRQHandler
                0x08000c8c                DFSDM1_FLT3_IRQHandler
                0x08000c8c                USART3_IRQHandler
                0x08000c8c                DMA1_Channel7_IRQHandler
                0x08000c8c                CAN1_RX1_IRQHandler
                0x08000c8c                LCD_IRQHandler
                0x08000c8c                UART5_IRQHandler
                0x08000c8c                ADC3_IRQHandler
                0x08000c8c                TIM4_IRQHandler
                0x08000c8c                DMA2_Channel1_IRQHandler
                0x08000c8c                QUADSPI_IRQHandler
                0x08000c8c                I2C1_EV_IRQHandler
                0x08000c8c                DMA1_Channel6_IRQHandler
                0x08000c8c                UART4_IRQHandler
                0x08000c8c                DMA2_Channel4_IRQHandler
                0x08000c8c                TIM3_IRQHandler
                0x08000c8c                RCC_IRQHandler
                0x08000c8c                DMA1_Channel1_IRQHandler
                0x08000c8c                Default_Handler
                0x08000c8c                DMA2_Channel7_IRQHandler
                0x08000c8c                EXTI15_10_IRQHandler
                0x08000c8c                TIM7_IRQHandler
                0x08000c8c                SDMMC1_IRQHandler
                0x08000c8c                TIM5_IRQHandler
                0x08000c8c                I2C3_EV_IRQHandler
                0x08000c8c                EXTI9_5_IRQHandler
                0x08000c8c                RTC_WKUP_IRQHandler
                0x08000c8c                PVD_PVM_IRQHandler
                0x08000c8c                SPI2_IRQHandler
                0x08000c8c                CAN1_TX_IRQHandler
                0x08000c8c                DMA2_Channel5_IRQHandler
                0x08000c8c                DMA1_Channel5_IRQHandler
                0x08000c8c                EXTI4_IRQHandler
                0x08000c8c                RNG_IRQHandler
                0x08000c8c                TIM1_TRG_COM_TIM17_IRQHandler
                0x08000c8c                DMA1_Channel3_IRQHandler
                0x08000c8c                COMP_IRQHandler
                0x08000c8c                WWDG_IRQHandler
                0x08000c8c                LPUART1_IRQHandler
                0x08000c8c                DMA2_Channel6_IRQHandler
                0x08000c8c                TIM2_IRQHandler
                0x08000c8c                EXTI1_IRQHandler
                0x08000c8c                USART2_IRQHandler
                0x08000c8c                DFSDM1_FLT0_IRQHandler
                0x08000c8c                I2C2_ER_IRQHandler
                0x08000c8c                DMA1_Channel2_IRQHandler
                0x08000c8c                TIM8_BRK_IRQHandler
                0x08000c8c                CAN1_SCE_IRQHandler
                0x08000c8c                FLASH_IRQHandler
                0x08000c8c                USART1_IRQHandler
                0x08000c8c                SPI3_IRQHandler
                0x08000c8c                I2C1_ER_IRQHandler
                0x08000c8c                FMC_IRQHandler
                0x08000c8c                SWPMI1_IRQHandler
                0x08000c8c                LPTIM1_IRQHandler
                0x08000c8c                SAI1_IRQHandler
                0x08000c8c                DMA2_Channel3_IRQHandler
                0x08000c8c                RTC_Alarm_IRQHandler
 .text.HAL_Init
                0x08000c8e       0x30 ./Drivers/STM32L4xx_HAL_Driver/Src/stm32l4xx_hal.o
                0x08000c8e                HAL_Init
 *fill*         0x08000cbe        0x2 
 .text.HAL_InitTick
                0x08000cc0       0x78 ./Drivers/STM32L4xx_HAL_Driver/Src/stm32l4xx_hal.o
                0x08000cc0                HAL_InitTick
 .text.HAL_IncTick
                0x08000d38       0x28 ./Drivers/STM32L4xx_HAL_Driver/Src/stm32l4xx_hal.o
                0x08000d38                HAL_IncTick
 .text.HAL_GetTick
                0x08000d60       0x18 ./Drivers/STM32L4xx_HAL_Driver/Src/stm32l4xx_hal.o
                0x08000d60                HAL_GetTick
 .text.HAL_Delay
                0x08000d78       0x48 ./Drivers/STM32L4xx_HAL_Driver/Src/stm32l4xx_hal.o
                0x08000d78                HAL_Delay
 .text.__NVIC_SetPriorityGrouping
                0x08000dc0       0x48 ./Drivers/STM32L4xx_HAL_Driver/Src/stm32l4xx_hal_cortex.o
 .text.__NVIC_GetPriorityGrouping
                0x08000e08       0x1c ./Drivers/STM32L4xx_HAL_Driver/Src/stm32l4xx_hal_cortex.o
 .text.__NVIC_EnableIRQ
                0x08000e24       0x3c ./Drivers/STM32L4xx_HAL_Driver/Src/stm32l4xx_hal_cortex.o
 .text.__NVIC_SetPriority
                0x08000e60       0x54 ./Drivers/STM32L4xx_HAL_Driver/Src/stm32l4xx_hal_cortex.o
 .text.NVIC_EncodePriority
                0x08000eb4       0x66 ./Drivers/STM32L4xx_HAL_Driver/Src/stm32l4xx_hal_cortex.o
 *fill*         0x08000f1a        0x2 
 .text.SysTick_Config
                0x08000f1c       0x44 ./Drivers/STM32L4xx_HAL_Driver/Src/stm32l4xx_hal_cortex.o
 .text.HAL_NVIC_SetPriorityGrouping
                0x08000f60       0x16 ./Drivers/STM32L4xx_HAL_Driver/Src/stm32l4xx_hal_cortex.o
                0x08000f60                HAL_NVIC_SetPriorityGrouping
 .text.HAL_NVIC_SetPriority
                0x08000f76       0x38 ./Drivers/STM32L4xx_HAL_Driver/Src/stm32l4xx_hal_cortex.o
                0x08000f76                HAL_NVIC_SetPriority
 .text.HAL_NVIC_EnableIRQ
                0x08000fae       0x1c ./Drivers/STM32L4xx_HAL_Driver/Src/stm32l4xx_hal_cortex.o
                0x08000fae                HAL_NVIC_EnableIRQ
 .text.HAL_SYSTICK_Config
                0x08000fca       0x18 ./Drivers/STM32L4xx_HAL_Driver/Src/stm32l4xx_hal_cortex.o
                0x08000fca                HAL_SYSTICK_Config
 *fill*         0x08000fe2        0x2 
 .text.HAL_GPIO_Init
                0x08000fe4      0x354 ./Drivers/STM32L4xx_HAL_Driver/Src/stm32l4xx_hal_gpio.o
                0x08000fe4                HAL_GPIO_Init
 .text.HAL_GPIO_WritePin
                0x08001338       0x30 ./Drivers/STM32L4xx_HAL_Driver/Src/stm32l4xx_hal_gpio.o
                0x08001338                HAL_GPIO_WritePin
 .text.HAL_PCD_Init
                0x08001368      0x21e ./Drivers/STM32L4xx_HAL_Driver/Src/stm32l4xx_hal_pcd.o
                0x08001368                HAL_PCD_Init
 .text.HAL_PCD_Start
                0x08001586       0x5e ./Drivers/STM32L4xx_HAL_Driver/Src/stm32l4xx_hal_pcd.o
                0x08001586                HAL_PCD_Start
 .text.HAL_PCD_IRQHandler
                0x080015e4      0x92c ./Drivers/STM32L4xx_HAL_Driver/Src/stm32l4xx_hal_pcd.o
                0x080015e4                HAL_PCD_IRQHandler
 .text.HAL_PCD_SetAddress
                0x08001f10       0x48 ./Drivers/STM32L4xx_HAL_Driver/Src/stm32l4xx_hal_pcd.o
                0x08001f10                HAL_PCD_SetAddress
 .text.HAL_PCD_EP_Open
                0x08001f58       0xd4 ./Drivers/STM32L4xx_HAL_Driver/Src/stm32l4xx_hal_pcd.o
                0x08001f58                HAL_PCD_EP_Open
 .text.HAL_PCD_EP_Close
                0x0800202c       0x94 ./Drivers/STM32L4xx_HAL_Driver/Src/stm32l4xx_hal_pcd.o
                0x0800202c                HAL_PCD_EP_Close
 .text.HAL_PCD_EP_Receive
                0x080020c0       0x64 ./Drivers/STM32L4xx_HAL_Driver/Src/stm32l4xx_hal_pcd.o
                0x080020c0                HAL_PCD_EP_Receive
 .text.HAL_PCD_EP_GetRxCount
                0x08002124       0x30 ./Drivers/STM32L4xx_HAL_Driver/Src/stm32l4xx_hal_pcd.o
                0x08002124                HAL_PCD_EP_GetRxCount
 .text.HAL_PCD_EP_Transmit
                0x08002154       0x62 ./Drivers/STM32L4xx_HAL_Driver/Src/stm32l4xx_hal_pcd.o
                0x08002154                HAL_PCD_EP_Transmit
 .text.HAL_PCD_EP_SetStall
                0x080021b6       0xc4 ./Drivers/STM32L4xx_HAL_Driver/Src/stm32l4xx_hal_pcd.o
                0x080021b6                HAL_PCD_EP_SetStall
 .text.HAL_PCD_EP_ClrStall
                0x0800227a       0xac ./Drivers/STM32L4xx_HAL_Driver/Src/stm32l4xx_hal_pcd.o
                0x0800227a                HAL_PCD_EP_ClrStall
 .text.HAL_PCD_EP_Abort
                0x08002326       0x62 ./Drivers/STM32L4xx_HAL_Driver/Src/stm32l4xx_hal_pcd.o
                0x08002326                HAL_PCD_EP_Abort
 .text.PCD_WriteEmptyTxFifo
                0x08002388      0x110 ./Drivers/STM32L4xx_HAL_Driver/Src/stm32l4xx_hal_pcd.o
 .text.PCD_EP_OutXfrComplete_int
                0x08002498       0x9c ./Drivers/STM32L4xx_HAL_Driver/Src/stm32l4xx_hal_pcd.o
 .text.PCD_EP_OutSetupPacket_int
                0x08002534       0x68 ./Drivers/STM32L4xx_HAL_Driver/Src/stm32l4xx_hal_pcd.o
 .text.HAL_PCDEx_SetTxFiFo
                0x0800259c       0x8e ./Drivers/STM32L4xx_HAL_Driver/Src/stm32l4xx_hal_pcd_ex.o
                0x0800259c                HAL_PCDEx_SetTxFiFo
 .text.HAL_PCDEx_SetRxFiFo
                0x0800262a       0x22 ./Drivers/STM32L4xx_HAL_Driver/Src/stm32l4xx_hal_pcd_ex.o
                0x0800262a                HAL_PCDEx_SetRxFiFo
 .text.HAL_PCDEx_ActivateLPM
                0x0800264c       0x48 ./Drivers/STM32L4xx_HAL_Driver/Src/stm32l4xx_hal_pcd_ex.o
                0x0800264c                HAL_PCDEx_ActivateLPM
 .text.HAL_PWREx_GetVoltageRange
                0x08002694       0x1c ./Drivers/STM32L4xx_HAL_Driver/Src/stm32l4xx_hal_pwr_ex.o
                0x08002694                HAL_PWREx_GetVoltageRange
 .text.HAL_PWREx_ControlVoltageScaling
                0x080026b0       0xac ./Drivers/STM32L4xx_HAL_Driver/Src/stm32l4xx_hal_pwr_ex.o
                0x080026b0                HAL_PWREx_ControlVoltageScaling
 .text.HAL_PWREx_EnableVddUSB
                0x0800275c       0x20 ./Drivers/STM32L4xx_HAL_Driver/Src/stm32l4xx_hal_pwr_ex.o
                0x0800275c                HAL_PWREx_EnableVddUSB
 .text.HAL_RCC_OscConfig
                0x0800277c      0x7b8 ./Drivers/STM32L4xx_HAL_Driver/Src/stm32l4xx_hal_rcc.o
                0x0800277c                HAL_RCC_OscConfig
 .text.HAL_RCC_ClockConfig
                0x08002f34      0x200 ./Drivers/STM32L4xx_HAL_Driver/Src/stm32l4xx_hal_rcc.o
                0x08002f34                HAL_RCC_ClockConfig
 .text.HAL_RCC_GetSysClockFreq
                0x08003134      0x114 ./Drivers/STM32L4xx_HAL_Driver/Src/stm32l4xx_hal_rcc.o
                0x08003134                HAL_RCC_GetSysClockFreq
 .text.HAL_RCC_GetHCLKFreq
                0x08003248       0x18 ./Drivers/STM32L4xx_HAL_Driver/Src/stm32l4xx_hal_rcc.o
                0x08003248                HAL_RCC_GetHCLKFreq
 .text.HAL_RCC_GetPCLK1Freq
                0x08003260       0x2c ./Drivers/STM32L4xx_HAL_Driver/Src/stm32l4xx_hal_rcc.o
                0x08003260                HAL_RCC_GetPCLK1Freq
 .text.HAL_RCC_GetPCLK2Freq
                0x0800328c       0x2c ./Drivers/STM32L4xx_HAL_Driver/Src/stm32l4xx_hal_rcc.o
                0x0800328c                HAL_RCC_GetPCLK2Freq
 .text.RCC_SetFlashLatencyFromMSIRange
                0x080032b8       0xc0 ./Drivers/STM32L4xx_HAL_Driver/Src/stm32l4xx_hal_rcc.o
 .text.HAL_RCCEx_PeriphCLKConfig
                0x08003378      0x5d4 ./Drivers/STM32L4xx_HAL_Driver/Src/stm32l4xx_hal_rcc_ex.o
                0x08003378                HAL_RCCEx_PeriphCLKConfig
 .text.RCCEx_PLLSAI1_Config
                0x0800394c      0x1e8 ./Drivers/STM32L4xx_HAL_Driver/Src/stm32l4xx_hal_rcc_ex.o
 .text.RCCEx_PLLSAI2_Config
                0x08003b34      0x1bc ./Drivers/STM32L4xx_HAL_Driver/Src/stm32l4xx_hal_rcc_ex.o
 .text.HAL_SPI_Init
                0x08003cf0      0x146 ./Drivers/STM32L4xx_HAL_Driver/Src/stm32l4xx_hal_spi.o
                0x08003cf0                HAL_SPI_Init
 .text.HAL_SPI_Transmit
                0x08003e36      0x2ec ./Drivers/STM32L4xx_HAL_Driver/Src/stm32l4xx_hal_spi.o
                0x08003e36                HAL_SPI_Transmit
 .text.HAL_SPI_Receive
                0x08004122      0x270 ./Drivers/STM32L4xx_HAL_Driver/Src/stm32l4xx_hal_spi.o
                0x08004122                HAL_SPI_Receive
 .text.HAL_SPI_TransmitReceive
                0x08004392      0x43e ./Drivers/STM32L4xx_HAL_Driver/Src/stm32l4xx_hal_spi.o
                0x08004392                HAL_SPI_TransmitReceive
 .text.SPI_WaitFlagStateUntilTimeout
                0x080047d0      0x110 ./Drivers/STM32L4xx_HAL_Driver/Src/stm32l4xx_hal_spi.o
 .text.SPI_WaitFifoStateUntilTimeout
                0x080048e0      0x12c ./Drivers/STM32L4xx_HAL_Driver/Src/stm32l4xx_hal_spi.o
 .text.SPI_EndRxTransaction
                0x08004a0c       0xb0 ./Drivers/STM32L4xx_HAL_Driver/Src/stm32l4xx_hal_spi.o
 .text.SPI_EndRxTxTransaction
                0x08004abc       0x8c ./Drivers/STM32L4xx_HAL_Driver/Src/stm32l4xx_hal_spi.o
 .text.HAL_UART_Init
                0x08004b48       0x9c ./Drivers/STM32L4xx_HAL_Driver/Src/stm32l4xx_hal_uart.o
                0x08004b48                HAL_UART_Init
 .text.UART_SetConfig
                0x08004be4      0x570 ./Drivers/STM32L4xx_HAL_Driver/Src/stm32l4xx_hal_uart.o
                0x08004be4                UART_SetConfig
 .text.UART_AdvFeatureConfig
                0x08005154      0x144 ./Drivers/STM32L4xx_HAL_Driver/Src/stm32l4xx_hal_uart.o
                0x08005154                UART_AdvFeatureConfig
 .text.UART_CheckIdleState
                0x08005298      0x150 ./Drivers/STM32L4xx_HAL_Driver/Src/stm32l4xx_hal_uart.o
                0x08005298                UART_CheckIdleState
 .text.UART_WaitOnFlagUntilTimeout
                0x080053e8       0xda ./Drivers/STM32L4xx_HAL_Driver/Src/stm32l4xx_hal_uart.o
                0x080053e8                UART_WaitOnFlagUntilTimeout
 .text.UART_EndRxTransfer
                0x080054c2       0xc8 ./Drivers/STM32L4xx_HAL_Driver/Src/stm32l4xx_hal_uart.o
 .text.USB_CoreInit
                0x0800558a       0x5a ./Drivers/STM32L4xx_HAL_Driver/Src/stm32l4xx_ll_usb.o
                0x0800558a                USB_CoreInit
 .text.USB_SetTurnaroundTime
                0x080055e4      0x138 ./Drivers/STM32L4xx_HAL_Driver/Src/stm32l4xx_ll_usb.o
                0x080055e4                USB_SetTurnaroundTime
 .text.USB_EnableGlobalInt
                0x0800571c       0x22 ./Drivers/STM32L4xx_HAL_Driver/Src/stm32l4xx_ll_usb.o
                0x0800571c                USB_EnableGlobalInt
 .text.USB_DisableGlobalInt
                0x0800573e       0x22 ./Drivers/STM32L4xx_HAL_Driver/Src/stm32l4xx_ll_usb.o
                0x0800573e                USB_DisableGlobalInt
 .text.USB_SetCurrentMode
                0x08005760       0x98 ./Drivers/STM32L4xx_HAL_Driver/Src/stm32l4xx_ll_usb.o
                0x08005760                USB_SetCurrentMode
 .text.USB_DevInit
                0x080057f8      0x290 ./Drivers/STM32L4xx_HAL_Driver/Src/stm32l4xx_ll_usb.o
                0x080057f8                USB_DevInit
 .text.USB_FlushTxFifo
                0x08005a88       0x64 ./Drivers/STM32L4xx_HAL_Driver/Src/stm32l4xx_ll_usb.o
                0x08005a88                USB_FlushTxFifo
 .text.USB_FlushRxFifo
                0x08005aec       0x5c ./Drivers/STM32L4xx_HAL_Driver/Src/stm32l4xx_ll_usb.o
                0x08005aec                USB_FlushRxFifo
 .text.USB_SetDevSpeed
                0x08005b48       0x32 ./Drivers/STM32L4xx_HAL_Driver/Src/stm32l4xx_ll_usb.o
                0x08005b48                USB_SetDevSpeed
 .text.USB_GetDevSpeed
                0x08005b7a       0x3e ./Drivers/STM32L4xx_HAL_Driver/Src/stm32l4xx_ll_usb.o
                0x08005b7a                USB_GetDevSpeed
 .text.USB_ActivateEndpoint
                0x08005bb8      0x10e ./Drivers/STM32L4xx_HAL_Driver/Src/stm32l4xx_ll_usb.o
                0x08005bb8                USB_ActivateEndpoint
 *fill*         0x08005cc6        0x2 
 .text.USB_DeactivateEndpoint
                0x08005cc8      0x1b8 ./Drivers/STM32L4xx_HAL_Driver/Src/stm32l4xx_ll_usb.o
                0x08005cc8                USB_DeactivateEndpoint
 .text.USB_EPStartXfer
                0x08005e80      0x470 ./Drivers/STM32L4xx_HAL_Driver/Src/stm32l4xx_ll_usb.o
                0x08005e80                USB_EPStartXfer
 .text.USB_EPStopXfer
                0x080062f0      0x154 ./Drivers/STM32L4xx_HAL_Driver/Src/stm32l4xx_ll_usb.o
                0x080062f0                USB_EPStopXfer
 .text.USB_WritePacket
                0x08006444       0x74 ./Drivers/STM32L4xx_HAL_Driver/Src/stm32l4xx_ll_usb.o
                0x08006444                USB_WritePacket
 .text.USB_ReadPacket
                0x080064b8       0xb0 ./Drivers/STM32L4xx_HAL_Driver/Src/stm32l4xx_ll_usb.o
                0x080064b8                USB_ReadPacket
 .text.USB_EPSetStall
                0x08006568       0xdc ./Drivers/STM32L4xx_HAL_Driver/Src/stm32l4xx_ll_usb.o
                0x08006568                USB_EPSetStall
 .text.USB_EPClearStall
                0x08006644       0xcc ./Drivers/STM32L4xx_HAL_Driver/Src/stm32l4xx_ll_usb.o
                0x08006644                USB_EPClearStall
 .text.USB_SetDevAddress
                0x08006710       0x4c ./Drivers/STM32L4xx_HAL_Driver/Src/stm32l4xx_ll_usb.o
                0x08006710                USB_SetDevAddress
 .text.USB_DevConnect
                0x0800675c       0x42 ./Drivers/STM32L4xx_HAL_Driver/Src/stm32l4xx_ll_usb.o
                0x0800675c                USB_DevConnect
 .text.USB_DevDisconnect
                0x0800679e       0x42 ./Drivers/STM32L4xx_HAL_Driver/Src/stm32l4xx_ll_usb.o
                0x0800679e                USB_DevDisconnect
 .text.USB_ReadInterrupts
                0x080067e0       0x26 ./Drivers/STM32L4xx_HAL_Driver/Src/stm32l4xx_ll_usb.o
                0x080067e0                USB_ReadInterrupts
 .text.USB_ReadDevAllOutEpInterrupt
                0x08006806       0x34 ./Drivers/STM32L4xx_HAL_Driver/Src/stm32l4xx_ll_usb.o
                0x08006806                USB_ReadDevAllOutEpInterrupt
 .text.USB_ReadDevAllInEpInterrupt
                0x0800683a       0x34 ./Drivers/STM32L4xx_HAL_Driver/Src/stm32l4xx_ll_usb.o
                0x0800683a                USB_ReadDevAllInEpInterrupt
 .text.USB_ReadDevOutEPInterrupt
                0x0800686e       0x3c ./Drivers/STM32L4xx_HAL_Driver/Src/stm32l4xx_ll_usb.o
                0x0800686e                USB_ReadDevOutEPInterrupt
 .text.USB_ReadDevInEPInterrupt
                0x080068aa       0x5c ./Drivers/STM32L4xx_HAL_Driver/Src/stm32l4xx_ll_usb.o
                0x080068aa                USB_ReadDevInEPInterrupt
 .text.USB_GetMode
                0x08006906       0x1c ./Drivers/STM32L4xx_HAL_Driver/Src/stm32l4xx_ll_usb.o
                0x08006906                USB_GetMode
 .text.USB_ActivateSetup
                0x08006922       0x46 ./Drivers/STM32L4xx_HAL_Driver/Src/stm32l4xx_ll_usb.o
                0x08006922                USB_ActivateSetup
 .text.USB_EP0_OutStart
                0x08006968       0x90 ./Drivers/STM32L4xx_HAL_Driver/Src/stm32l4xx_ll_usb.o
                0x08006968                USB_EP0_OutStart
 .text.USB_CoreReset
                0x080069f8       0x62 ./Drivers/STM32L4xx_HAL_Driver/Src/stm32l4xx_ll_usb.o
 *fill*         0x08006a5a        0x2 
 .text.USBD_CDC_Init
                0x08006a5c      0x1f0 ./Middlewares/ST/STM32_USB_Device_Library/Class/CDC/Src/usbd_cdc.o
 .text.USBD_CDC_DeInit
                0x08006c4c      0x104 ./Middlewares/ST/STM32_USB_Device_Library/Class/CDC/Src/usbd_cdc.o
 .text.USBD_CDC_Setup
                0x08006d50      0x1b8 ./Middlewares/ST/STM32_USB_Device_Library/Class/CDC/Src/usbd_cdc.o
 .text.USBD_CDC_DataIn
                0x08006f08       0xfe ./Middlewares/ST/STM32_USB_Device_Library/Class/CDC/Src/usbd_cdc.o
 .text.USBD_CDC_DataOut
                0x08007006       0x70 ./Middlewares/ST/STM32_USB_Device_Library/Class/CDC/Src/usbd_cdc.o
 .text.USBD_CDC_EP0_RxReady
                0x08007076       0x74 ./Middlewares/ST/STM32_USB_Device_Library/Class/CDC/Src/usbd_cdc.o
 *fill*         0x080070ea        0x2 
 .text.USBD_CDC_GetFSCfgDesc
                0x080070ec       0x70 ./Middlewares/ST/STM32_USB_Device_Library/Class/CDC/Src/usbd_cdc.o
 .text.USBD_CDC_GetHSCfgDesc
                0x0800715c       0x70 ./Middlewares/ST/STM32_USB_Device_Library/Class/CDC/Src/usbd_cdc.o
 .text.USBD_CDC_GetOtherSpeedCfgDesc
                0x080071cc       0x70 ./Middlewares/ST/STM32_USB_Device_Library/Class/CDC/Src/usbd_cdc.o
 .text.USBD_CDC_GetDeviceQualifierDescriptor
                0x0800723c       0x20 ./Middlewares/ST/STM32_USB_Device_Library/Class/CDC/Src/usbd_cdc.o
                0x0800723c                USBD_CDC_GetDeviceQualifierDescriptor
 .text.USBD_CDC_RegisterInterface
                0x0800725c       0x34 ./Middlewares/ST/STM32_USB_Device_Library/Class/CDC/Src/usbd_cdc.o
                0x0800725c                USBD_CDC_RegisterInterface
 .text.USBD_CDC_SetTxBuffer
                0x08007290       0x44 ./Middlewares/ST/STM32_USB_Device_Library/Class/CDC/Src/usbd_cdc.o
                0x08007290                USBD_CDC_SetTxBuffer
 .text.USBD_CDC_SetRxBuffer
                0x080072d4       0x3a ./Middlewares/ST/STM32_USB_Device_Library/Class/CDC/Src/usbd_cdc.o
                0x080072d4                USBD_CDC_SetRxBuffer
 *fill*         0x0800730e        0x2 
 .text.USBD_CDC_ReceivePacket
                0x08007310       0x6c ./Middlewares/ST/STM32_USB_Device_Library/Class/CDC/Src/usbd_cdc.o
                0x08007310                USBD_CDC_ReceivePacket
 .text.USBD_Init
                0x0800737c       0x60 ./Middlewares/ST/STM32_USB_Device_Library/Core/Src/usbd_core.o
                0x0800737c                USBD_Init
 .text.USBD_RegisterClass
                0x080073dc       0x6c ./Middlewares/ST/STM32_USB_Device_Library/Core/Src/usbd_core.o
                0x080073dc                USBD_RegisterClass
 .text.USBD_Start
                0x08007448       0x18 ./Middlewares/ST/STM32_USB_Device_Library/Core/Src/usbd_core.o
                0x08007448                USBD_Start
 .text.USBD_RunTestMode
                0x08007460       0x16 ./Middlewares/ST/STM32_USB_Device_Library/Core/Src/usbd_core.o
                0x08007460                USBD_RunTestMode
 .text.USBD_SetClassConfig
                0x08007476       0x38 ./Middlewares/ST/STM32_USB_Device_Library/Core/Src/usbd_core.o
                0x08007476                USBD_SetClassConfig
 .text.USBD_ClrClassConfig
                0x080074ae       0x34 ./Middlewares/ST/STM32_USB_Device_Library/Core/Src/usbd_core.o
                0x080074ae                USBD_ClrClassConfig
 .text.USBD_LL_SetupStage
                0x080074e2       0xaa ./Middlewares/ST/STM32_USB_Device_Library/Core/Src/usbd_core.o
                0x080074e2                USBD_LL_SetupStage
 .text.USBD_LL_DataOutStage
                0x0800758c      0x166 ./Middlewares/ST/STM32_USB_Device_Library/Core/Src/usbd_core.o
                0x0800758c                USBD_LL_DataOutStage
 .text.USBD_LL_DataInStage
                0x080076f2      0x164 ./Middlewares/ST/STM32_USB_Device_Library/Core/Src/usbd_core.o
                0x080076f2                USBD_LL_DataInStage
 .text.USBD_LL_Reset
                0x08007856       0xa4 ./Middlewares/ST/STM32_USB_Device_Library/Core/Src/usbd_core.o
                0x08007856                USBD_LL_Reset
 .text.USBD_LL_SetSpeed
                0x080078fa       0x20 ./Middlewares/ST/STM32_USB_Device_Library/Core/Src/usbd_core.o
                0x080078fa                USBD_LL_SetSpeed
 .text.USBD_LL_Suspend
                0x0800791a       0x38 ./Middlewares/ST/STM32_USB_Device_Library/Core/Src/usbd_core.o
                0x0800791a                USBD_LL_Suspend
 .text.USBD_LL_Resume
                0x08007952       0x30 ./Middlewares/ST/STM32_USB_Device_Library/Core/Src/usbd_core.o
                0x08007952                USBD_LL_Resume
 .text.USBD_LL_SOF
                0x08007982       0x40 ./Middlewares/ST/STM32_USB_Device_Library/Core/Src/usbd_core.o
                0x08007982                USBD_LL_SOF
 .text.USBD_LL_IsoINIncomplete
                0x080079c2       0x64 ./Middlewares/ST/STM32_USB_Device_Library/Core/Src/usbd_core.o
                0x080079c2                USBD_LL_IsoINIncomplete
 .text.USBD_LL_IsoOUTIncomplete
                0x08007a26       0x64 ./Middlewares/ST/STM32_USB_Device_Library/Core/Src/usbd_core.o
                0x08007a26                USBD_LL_IsoOUTIncomplete
 .text.USBD_LL_DevConnected
                0x08007a8a       0x16 ./Middlewares/ST/STM32_USB_Device_Library/Core/Src/usbd_core.o
                0x08007a8a                USBD_LL_DevConnected
 .text.USBD_LL_DevDisconnected
                0x08007aa0       0x46 ./Middlewares/ST/STM32_USB_Device_Library/Core/Src/usbd_core.o
                0x08007aa0                USBD_LL_DevDisconnected
 .text.USBD_CoreFindIF
                0x08007ae6       0x1a ./Middlewares/ST/STM32_USB_Device_Library/Core/Src/usbd_core.o
                0x08007ae6                USBD_CoreFindIF
 .text.USBD_CoreFindEP
                0x08007b00       0x1a ./Middlewares/ST/STM32_USB_Device_Library/Core/Src/usbd_core.o
                0x08007b00                USBD_CoreFindEP
 .text.USBD_GetEpDesc
                0x08007b1a       0x70 ./Middlewares/ST/STM32_USB_Device_Library/Core/Src/usbd_core.o
                0x08007b1a                USBD_GetEpDesc
 .text.USBD_GetNextDesc
                0x08007b8a       0x38 ./Middlewares/ST/STM32_USB_Device_Library/Core/Src/usbd_core.o
                0x08007b8a                USBD_GetNextDesc
 .text.SWAPBYTE
                0x08007bc2       0x3c ./Middlewares/ST/STM32_USB_Device_Library/Core/Src/usbd_ctlreq.o
 *fill*         0x08007bfe        0x2 
 .text.USBD_StdDevReq
                0x08007c00       0xe4 ./Middlewares/ST/STM32_USB_Device_Library/Core/Src/usbd_ctlreq.o
                0x08007c00                USBD_StdDevReq
 .text.USBD_StdItfReq
                0x08007ce4       0xd8 ./Middlewares/ST/STM32_USB_Device_Library/Core/Src/usbd_ctlreq.o
                0x08007ce4                USBD_StdItfReq
 .text.USBD_StdEPReq
                0x08007dbc      0x33a ./Middlewares/ST/STM32_USB_Device_Library/Core/Src/usbd_ctlreq.o
                0x08007dbc                USBD_StdEPReq
 *fill*         0x080080f6        0x2 
 .text.USBD_GetDescriptor
                0x080080f8      0x328 ./Middlewares/ST/STM32_USB_Device_Library/Core/Src/usbd_ctlreq.o
 .text.USBD_SetAddress
                0x08008420       0x88 ./Middlewares/ST/STM32_USB_Device_Library/Core/Src/usbd_ctlreq.o
 .text.USBD_SetConfig
                0x080084a8      0x154 ./Middlewares/ST/STM32_USB_Device_Library/Core/Src/usbd_ctlreq.o
 .text.USBD_GetConfig
                0x080085fc       0x6c ./Middlewares/ST/STM32_USB_Device_Library/Core/Src/usbd_ctlreq.o
 .text.USBD_GetStatus
                0x08008668       0x68 ./Middlewares/ST/STM32_USB_Device_Library/Core/Src/usbd_ctlreq.o
 .text.USBD_SetFeature
                0x080086d0       0x52 ./Middlewares/ST/STM32_USB_Device_Library/Core/Src/usbd_ctlreq.o
 .text.USBD_ClrFeature
                0x08008722       0x44 ./Middlewares/ST/STM32_USB_Device_Library/Core/Src/usbd_ctlreq.o
 .text.USBD_ParseSetupRequest
                0x08008766       0x74 ./Middlewares/ST/STM32_USB_Device_Library/Core/Src/usbd_ctlreq.o
                0x08008766                USBD_ParseSetupRequest
 .text.USBD_CtlError
                0x080087da       0x22 ./Middlewares/ST/STM32_USB_Device_Library/Core/Src/usbd_ctlreq.o
                0x080087da                USBD_CtlError
 .text.USBD_GetString
                0x080087fc       0xa4 ./Middlewares/ST/STM32_USB_Device_Library/Core/Src/usbd_ctlreq.o
                0x080087fc                USBD_GetString
 .text.USBD_GetLen
                0x080088a0       0x34 ./Middlewares/ST/STM32_USB_Device_Library/Core/Src/usbd_ctlreq.o
 .text.USBD_CtlSendData
                0x080088d4       0x36 ./Middlewares/ST/STM32_USB_Device_Library/Core/Src/usbd_ioreq.o
                0x080088d4                USBD_CtlSendData
 .text.USBD_CtlContinueSendData
                0x0800890a       0x22 ./Middlewares/ST/STM32_USB_Device_Library/Core/Src/usbd_ioreq.o
                0x0800890a                USBD_CtlContinueSendData
 .text.USBD_CtlPrepareRx
                0x0800892c       0x3a ./Middlewares/ST/STM32_USB_Device_Library/Core/Src/usbd_ioreq.o
                0x0800892c                USBD_CtlPrepareRx
 .text.USBD_CtlContinueRx
                0x08008966       0x22 ./Middlewares/ST/STM32_USB_Device_Library/Core/Src/usbd_ioreq.o
                0x08008966                USBD_CtlContinueRx
 .text.USBD_CtlSendStatus
                0x08008988       0x26 ./Middlewares/ST/STM32_USB_Device_Library/Core/Src/usbd_ioreq.o
                0x08008988                USBD_CtlSendStatus
 .text.USBD_CtlReceiveStatus
                0x080089ae       0x26 ./Middlewares/ST/STM32_USB_Device_Library/Core/Src/usbd_ioreq.o
                0x080089ae                USBD_CtlReceiveStatus
 .text.MX_USB_DEVICE_Init
                0x080089d4       0x60 ./USB_DEVICE/App/usb_device.o
                0x080089d4                MX_USB_DEVICE_Init
 .text.CDC_Init_FS
                0x08008a34       0x28 ./USB_DEVICE/App/usbd_cdc_if.o
 .text.CDC_DeInit_FS
                0x08008a5c       0x10 ./USB_DEVICE/App/usbd_cdc_if.o
 .text.CDC_Control_FS
                0x08008a6c       0xbc ./USB_DEVICE/App/usbd_cdc_if.o
 .text.CDC_Receive_FS
                0x08008b28       0x28 ./USB_DEVICE/App/usbd_cdc_if.o
 .text.CDC_TransmitCplt_FS
                0x08008b50       0x22 ./USB_DEVICE/App/usbd_cdc_if.o
 *fill*         0x08008b72        0x2 
 .text.USBD_FS_DeviceDescriptor
                0x08008b74       0x24 ./USB_DEVICE/App/usbd_desc.o
                0x08008b74                USBD_FS_DeviceDescriptor
 .text.USBD_FS_LangIDStrDescriptor
                0x08008b98       0x24 ./USB_DEVICE/App/usbd_desc.o
                0x08008b98                USBD_FS_LangIDStrDescriptor
 .text.USBD_FS_ProductStrDescriptor
                0x08008bbc       0x3c ./USB_DEVICE/App/usbd_desc.o
                0x08008bbc                USBD_FS_ProductStrDescriptor
 .text.USBD_FS_ManufacturerStrDescriptor
                0x08008bf8       0x28 ./USB_DEVICE/App/usbd_desc.o
                0x08008bf8                USBD_FS_ManufacturerStrDescriptor
 .text.USBD_FS_SerialStrDescriptor
                0x08008c20       0x24 ./USB_DEVICE/App/usbd_desc.o
                0x08008c20                USBD_FS_SerialStrDescriptor
 .text.USBD_FS_ConfigStrDescriptor
                0x08008c44       0x3c ./USB_DEVICE/App/usbd_desc.o
                0x08008c44                USBD_FS_ConfigStrDescriptor
 .text.USBD_FS_InterfaceStrDescriptor
                0x08008c80       0x3c ./USB_DEVICE/App/usbd_desc.o
                0x08008c80                USBD_FS_InterfaceStrDescriptor
 .text.USBD_FS_USR_BOSDescriptor
                0x08008cbc       0x24 ./USB_DEVICE/App/usbd_desc.o
                0x08008cbc                USBD_FS_USR_BOSDescriptor
 .text.Get_SerialNum
                0x08008ce0       0x58 ./USB_DEVICE/App/usbd_desc.o
 .text.IntToUnicode
                0x08008d38       0x7e ./USB_DEVICE/App/usbd_desc.o
 *fill*         0x08008db6        0x2 
 .text.HAL_PCD_MspInit
                0x08008db8      0x124 ./USB_DEVICE/Target/usbd_conf.o
                0x08008db8                HAL_PCD_MspInit
 .text.HAL_PCD_SetupStageCallback
                0x08008edc       0x24 ./USB_DEVICE/Target/usbd_conf.o
                0x08008edc                HAL_PCD_SetupStageCallback
 .text.HAL_PCD_DataOutStageCallback
                0x08008f00       0x36 ./USB_DEVICE/Target/usbd_conf.o
                0x08008f00                HAL_PCD_DataOutStageCallback
 .text.HAL_PCD_DataInStageCallback
                0x08008f36       0x34 ./USB_DEVICE/Target/usbd_conf.o
                0x08008f36                HAL_PCD_DataInStageCallback
 .text.HAL_PCD_SOFCallback
                0x08008f6a       0x1c ./USB_DEVICE/Target/usbd_conf.o
                0x08008f6a                HAL_PCD_SOFCallback
 .text.HAL_PCD_ResetCallback
                0x08008f86       0x3c ./USB_DEVICE/Target/usbd_conf.o
                0x08008f86                HAL_PCD_ResetCallback
 *fill*         0x08008fc2        0x2 
 .text.HAL_PCD_SuspendCallback
                0x08008fc4       0x4c ./USB_DEVICE/Target/usbd_conf.o
                0x08008fc4                HAL_PCD_SuspendCallback
 .text.HAL_PCD_ResumeCallback
                0x08009010       0x50 ./USB_DEVICE/Target/usbd_conf.o
                0x08009010                HAL_PCD_ResumeCallback
 .text.HAL_PCD_ISOOUTIncompleteCallback
                0x08009060       0x24 ./USB_DEVICE/Target/usbd_conf.o
                0x08009060                HAL_PCD_ISOOUTIncompleteCallback
 .text.HAL_PCD_ISOINIncompleteCallback
                0x08009084       0x24 ./USB_DEVICE/Target/usbd_conf.o
                0x08009084                HAL_PCD_ISOINIncompleteCallback
 .text.HAL_PCD_ConnectCallback
                0x080090a8       0x1c ./USB_DEVICE/Target/usbd_conf.o
                0x080090a8                HAL_PCD_ConnectCallback
 .text.HAL_PCD_DisconnectCallback
                0x080090c4       0x1c ./USB_DEVICE/Target/usbd_conf.o
                0x080090c4                HAL_PCD_DisconnectCallback
 .text.USBD_LL_Init
                0x080090e0       0x98 ./USB_DEVICE/Target/usbd_conf.o
                0x080090e0                USBD_LL_Init
 .text.USBD_LL_Start
                0x08009178       0x64 ./USB_DEVICE/Target/usbd_conf.o
                0x08009178                USBD_LL_Start
 .text.USBD_LL_OpenEP
                0x080091dc       0x7c ./USB_DEVICE/Target/usbd_conf.o
                0x080091dc                USBD_LL_OpenEP
 .text.USBD_LL_CloseEP
                0x08009258       0x6c ./USB_DEVICE/Target/usbd_conf.o
                0x08009258                USBD_LL_CloseEP
 .text.USBD_LL_StallEP
                0x080092c4       0x6c ./USB_DEVICE/Target/usbd_conf.o
                0x080092c4                USBD_LL_StallEP
 .text.USBD_LL_ClearStallEP
                0x08009330       0x6c ./USB_DEVICE/Target/usbd_conf.o
                0x08009330                USBD_LL_ClearStallEP
 .text.USBD_LL_IsStallEP
                0x0800939c       0x58 ./USB_DEVICE/Target/usbd_conf.o
                0x0800939c                USBD_LL_IsStallEP
 .text.USBD_LL_SetUSBAddress
                0x080093f4       0x6c ./USB_DEVICE/Target/usbd_conf.o
                0x080093f4                USBD_LL_SetUSBAddress
 .text.USBD_LL_Transmit
                0x08009460       0x70 ./USB_DEVICE/Target/usbd_conf.o
                0x08009460                USBD_LL_Transmit
 .text.USBD_LL_PrepareReceive
                0x080094d0       0x70 ./USB_DEVICE/Target/usbd_conf.o
                0x080094d0                USBD_LL_PrepareReceive
 .text.USBD_LL_GetRxDataSize
                0x08009540       0x26 ./USB_DEVICE/Target/usbd_conf.o
                0x08009540                USBD_LL_GetRxDataSize
 *fill*         0x08009566        0x2 
 .text.HAL_PCDEx_LPM_Callback
                0x08009568       0x9c ./USB_DEVICE/Target/usbd_conf.o
                0x08009568                HAL_PCDEx_LPM_Callback
 .text.USBD_static_malloc
                0x08009604       0x1c ./USB_DEVICE/Target/usbd_conf.o
                0x08009604                USBD_static_malloc
 .text.USBD_static_free
                0x08009620       0x14 ./USB_DEVICE/Target/usbd_conf.o
                0x08009620                USBD_static_free
 .text.SystemClockConfig_Resume
                0x08009634        0xc ./USB_DEVICE/Target/usbd_conf.o
 .text.memset   0x08009640       0x10 /Applications/STM32CubeIDE.app/Contents/Eclipse/plugins/com.st.stm32cube.ide.mcu.externaltools.gnu-tools-for-stm32.12.3.rel1.macos64_1.0.200.202406191456/tools/bin/../lib/gcc/arm-none-eabi/12.3.1/../../../../arm-none-eabi/lib/thumb/v7e-m+fp/hard/libc_nano.a(libc_a-memset.o)
                0x08009640                memset
 .text.__libc_init_array
                0x08009650       0x48 /Applications/STM32CubeIDE.app/Contents/Eclipse/plugins/com.st.stm32cube.ide.mcu.externaltools.gnu-tools-for-stm32.12.3.rel1.macos64_1.0.200.202406191456/tools/bin/../lib/gcc/arm-none-eabi/12.3.1/../../../../arm-none-eabi/lib/thumb/v7e-m+fp/hard/libc_nano.a(libc_a-init.o)
                0x08009650                __libc_init_array
 *(.glue_7)
 .glue_7        0x08009698        0x0 linker stubs
 *(.glue_7t)
 .glue_7t       0x08009698        0x0 linker stubs
 *(.eh_frame)
 .eh_frame      0x08009698        0x0 /Applications/STM32CubeIDE.app/Contents/Eclipse/plugins/com.st.stm32cube.ide.mcu.externaltools.gnu-tools-for-stm32.12.3.rel1.macos64_1.0.200.202406191456/tools/bin/../lib/gcc/arm-none-eabi/12.3.1/thumb/v7e-m+fp/hard/crtbegin.o
 *(.init)
 .init          0x08009698        0x4 /Applications/STM32CubeIDE.app/Contents/Eclipse/plugins/com.st.stm32cube.ide.mcu.externaltools.gnu-tools-for-stm32.12.3.rel1.macos64_1.0.200.202406191456/tools/bin/../lib/gcc/arm-none-eabi/12.3.1/thumb/v7e-m+fp/hard/crti.o
                0x08009698                _init
 .init          0x0800969c        0x8 /Applications/STM32CubeIDE.app/Contents/Eclipse/plugins/com.st.stm32cube.ide.mcu.externaltools.gnu-tools-for-stm32.12.3.rel1.macos64_1.0.200.202406191456/tools/bin/../lib/gcc/arm-none-eabi/12.3.1/thumb/v7e-m+fp/hard/crtn.o
 *(.fini)
 .fini          0x080096a4        0x4 /Applications/STM32CubeIDE.app/Contents/Eclipse/plugins/com.st.stm32cube.ide.mcu.externaltools.gnu-tools-for-stm32.12.3.rel1.macos64_1.0.200.202406191456/tools/bin/../lib/gcc/arm-none-eabi/12.3.1/thumb/v7e-m+fp/hard/crti.o
                0x080096a4                _fini
 .fini          0x080096a8        0x8 /Applications/STM32CubeIDE.app/Contents/Eclipse/plugins/com.st.stm32cube.ide.mcu.externaltools.gnu-tools-for-stm32.12.3.rel1.macos64_1.0.200.202406191456/tools/bin/../lib/gcc/arm-none-eabi/12.3.1/thumb/v7e-m+fp/hard/crtn.o
                0x080096b0                        . = ALIGN (0x4)
                0x080096b0                        _etext = .

.vfp11_veneer   0x080096b0        0x0
 .vfp11_veneer  0x080096b0        0x0 linker stubs

.v4_bx          0x080096b0        0x0
 .v4_bx         0x080096b0        0x0 linker stubs

.iplt           0x080096b0        0x0
 .iplt          0x080096b0        0x0 /Applications/STM32CubeIDE.app/Contents/Eclipse/plugins/com.st.stm32cube.ide.mcu.externaltools.gnu-tools-for-stm32.12.3.rel1.macos64_1.0.200.202406191456/tools/bin/../lib/gcc/arm-none-eabi/12.3.1/thumb/v7e-m+fp/hard/crtbegin.o

.rodata         0x080096b0       0x8c
                0x080096b0                        . = ALIGN (0x4)
 *(.rodata)
 .rodata        0x080096b0       0x42 ./USB_DEVICE/App/usbd_desc.o
 *(.rodata*)
 *fill*         0x080096f2        0x2 
 .rodata.AHBPrescTable
                0x080096f4       0x10 ./Core/Src/system_stm32l4xx.o
                0x080096f4                AHBPrescTable
 .rodata.APBPrescTable
                0x08009704        0x8 ./Core/Src/system_stm32l4xx.o
                0x08009704                APBPrescTable
 .rodata.MSIRangeTable
                0x0800970c       0x30 ./Core/Src/system_stm32l4xx.o
                0x0800970c                MSIRangeTable
                0x0800973c                        . = ALIGN (0x4)

.ARM.extab      0x0800973c        0x0
                0x0800973c                        . = ALIGN (0x4)
 *(.ARM.extab* .gnu.linkonce.armextab.*)
                0x0800973c                        . = ALIGN (0x4)

.ARM            0x0800973c        0x8
                0x0800973c                        . = ALIGN (0x4)
                0x0800973c                        __exidx_start = .
 *(.ARM.exidx*)
 .ARM.exidx     0x0800973c        0x8 /Applications/STM32CubeIDE.app/Contents/Eclipse/plugins/com.st.stm32cube.ide.mcu.externaltools.gnu-tools-for-stm32.12.3.rel1.macos64_1.0.200.202406191456/tools/bin/../lib/gcc/arm-none-eabi/12.3.1/thumb/v7e-m+fp/hard/libgcc.a(_udivmoddi4.o)
                0x08009744                        __exidx_end = .
                0x08009744                        . = ALIGN (0x4)

.preinit_array  0x08009744        0x0
                0x08009744                        . = ALIGN (0x4)
                0x08009744                        PROVIDE (__preinit_array_start = .)
 *(.preinit_array*)
                0x08009744                        PROVIDE (__preinit_array_end = .)
                0x08009744                        . = ALIGN (0x4)

.init_array     0x08009744        0x4
                0x08009744                        . = ALIGN (0x4)
                0x08009744                        PROVIDE (__init_array_start = .)
 *(SORT_BY_NAME(.init_array.*))
 *(.init_array*)
 .init_array    0x08009744        0x4 /Applications/STM32CubeIDE.app/Contents/Eclipse/plugins/com.st.stm32cube.ide.mcu.externaltools.gnu-tools-for-stm32.12.3.rel1.macos64_1.0.200.202406191456/tools/bin/../lib/gcc/arm-none-eabi/12.3.1/thumb/v7e-m+fp/hard/crtbegin.o
                0x08009748                        PROVIDE (__init_array_end = .)
                0x08009748                        . = ALIGN (0x4)

.fini_array     0x08009748        0x4
                0x08009748                        . = ALIGN (0x4)
                [!provide]                        PROVIDE (__fini_array_start = .)
 *(SORT_BY_NAME(.fini_array.*))
 *(.fini_array*)
 .fini_array    0x08009748        0x4 /Applications/STM32CubeIDE.app/Contents/Eclipse/plugins/com.st.stm32cube.ide.mcu.externaltools.gnu-tools-for-stm32.12.3.rel1.macos64_1.0.200.202406191456/tools/bin/../lib/gcc/arm-none-eabi/12.3.1/thumb/v7e-m+fp/hard/crtbegin.o
                [!provide]                        PROVIDE (__fini_array_end = .)
                0x0800974c                        . = ALIGN (0x4)
                0x0800974c                        _sidata = LOADADDR (.data)

.rel.dyn        0x0800974c        0x0
 .rel.iplt      0x0800974c        0x0 /Applications/STM32CubeIDE.app/Contents/Eclipse/plugins/com.st.stm32cube.ide.mcu.externaltools.gnu-tools-for-stm32.12.3.rel1.macos64_1.0.200.202406191456/tools/bin/../lib/gcc/arm-none-eabi/12.3.1/thumb/v7e-m+fp/hard/crtbegin.o

.data           0x20000000      0x10c load address 0x0800974c
                0x20000000                        . = ALIGN (0x4)
                0x20000000                        _sdata = .
 *(.data)
 *(.data*)
 .data.SystemCoreClock
                0x20000000        0x4 ./Core/Src/system_stm32l4xx.o
                0x20000000                SystemCoreClock
 .data.uwTickPrio
                0x20000004        0x4 ./Drivers/STM32L4xx_HAL_Driver/Src/stm32l4xx_hal.o
                0x20000004                uwTickPrio
 .data.uwTickFreq
                0x20000008        0x1 ./Drivers/STM32L4xx_HAL_Driver/Src/stm32l4xx_hal.o
                0x20000008                uwTickFreq
 *fill*         0x20000009        0x3 
 .data.USBD_CDC_DeviceQualifierDesc
                0x2000000c        0xa ./Middlewares/ST/STM32_USB_Device_Library/Class/CDC/Src/usbd_cdc.o
 *fill*         0x20000016        0x2 
 .data.USBD_CDC
                0x20000018       0x38 ./Middlewares/ST/STM32_USB_Device_Library/Class/CDC/Src/usbd_cdc.o
                0x20000018                USBD_CDC
 .data.USBD_CDC_CfgDesc
                0x20000050       0x43 ./Middlewares/ST/STM32_USB_Device_Library/Class/CDC/Src/usbd_cdc.o
 .data.CDCInEpAdd
                0x20000093        0x1 ./Middlewares/ST/STM32_USB_Device_Library/Class/CDC/Src/usbd_cdc.o
 .data.CDCOutEpAdd
                0x20000094        0x1 ./Middlewares/ST/STM32_USB_Device_Library/Class/CDC/Src/usbd_cdc.o
 .data.CDCCmdEpAdd
                0x20000095        0x1 ./Middlewares/ST/STM32_USB_Device_Library/Class/CDC/Src/usbd_cdc.o
 *fill*         0x20000096        0x2 
 .data.USBD_Interface_fops_FS
                0x20000098       0x14 ./USB_DEVICE/App/usbd_cdc_if.o
                0x20000098                USBD_Interface_fops_FS
 .data.FS_Desc  0x200000ac       0x20 ./USB_DEVICE/App/usbd_desc.o
                0x200000ac                FS_Desc
 .data.USBD_FS_DeviceDesc
                0x200000cc       0x12 ./USB_DEVICE/App/usbd_desc.o
                0x200000cc                USBD_FS_DeviceDesc
 *fill*         0x200000de        0x2 
 .data.USBD_FS_BOSDesc
                0x200000e0        0xc ./USB_DEVICE/App/usbd_desc.o
                0x200000e0                USBD_FS_BOSDesc
 .data.USBD_LangIDDesc
                0x200000ec        0x4 ./USB_DEVICE/App/usbd_desc.o
                0x200000ec                USBD_LangIDDesc
 .data.USBD_StringSerial
                0x200000f0       0x1a ./USB_DEVICE/App/usbd_desc.o
                0x200000f0                USBD_StringSerial
 *(.RamFunc)
 *(.RamFunc*)
                0x2000010c                        . = ALIGN (0x4)
 *fill*         0x2000010a        0x2 
                0x2000010c                        _edata = .

.igot.plt       0x2000010c        0x0 load address 0x08009858
 .igot.plt      0x2000010c        0x0 /Applications/STM32CubeIDE.app/Contents/Eclipse/plugins/com.st.stm32cube.ide.mcu.externaltools.gnu-tools-for-stm32.12.3.rel1.macos64_1.0.200.202406191456/tools/bin/../lib/gcc/arm-none-eabi/12.3.1/thumb/v7e-m+fp/hard/crtbegin.o
                0x2000010c                        . = ALIGN (0x4)

.bss            0x2000010c     0x1cf0 load address 0x08009858
                0x2000010c                        _sbss = .
                0x2000010c                        __bss_start__ = _sbss
 *(.bss)
 .bss           0x2000010c       0x1c /Applications/STM32CubeIDE.app/Contents/Eclipse/plugins/com.st.stm32cube.ide.mcu.externaltools.gnu-tools-for-stm32.12.3.rel1.macos64_1.0.200.202406191456/tools/bin/../lib/gcc/arm-none-eabi/12.3.1/thumb/v7e-m+fp/hard/crtbegin.o
 *(.bss*)
 .bss.hspi1     0x20000128       0x64 ./Core/Src/main.o
                0x20000128                hspi1
 .bss.huart1    0x2000018c       0x88 ./Core/Src/main.o
                0x2000018c                huart1
 .bss.uwTick    0x20000214        0x4 ./Drivers/STM32L4xx_HAL_Driver/Src/stm32l4xx_hal.o
                0x20000214                uwTick
 .bss.cfgidx.0  0x20000218        0x1 ./Middlewares/ST/STM32_USB_Device_Library/Core/Src/usbd_ctlreq.o
 *fill*         0x20000219        0x3 
 .bss.hUsbDeviceFS
                0x2000021c      0x2dc ./USB_DEVICE/App/usb_device.o
                0x2000021c                hUsbDeviceFS
 .bss.UserRxBufferFS
                0x200004f8      0x800 ./USB_DEVICE/App/usbd_cdc_if.o
                0x200004f8                UserRxBufferFS
 .bss.UserTxBufferFS
                0x20000cf8      0x800 ./USB_DEVICE/App/usbd_cdc_if.o
                0x20000cf8                UserTxBufferFS
 .bss.USBD_StrDesc
                0x200014f8      0x200 ./USB_DEVICE/App/usbd_desc.o
                0x200014f8                USBD_StrDesc
 .bss.hpcd_USB_OTG_FS
                0x200016f8      0x4e4 ./USB_DEVICE/Target/usbd_conf.o
                0x200016f8                hpcd_USB_OTG_FS
 .bss.mem.0     0x20001bdc      0x220 ./USB_DEVICE/Target/usbd_conf.o
 *(COMMON)
                0x20001dfc                        . = ALIGN (0x4)
                0x20001dfc                        _ebss = .
                0x20001dfc                        __bss_end__ = _ebss

._user_heap_stack
                0x20001dfc      0x604 load address 0x08009858
                0x20001e00                        . = ALIGN (0x8)
 *fill*         0x20001dfc        0x4 
                [!provide]                        PROVIDE (end = .)
                0x20001e00                        PROVIDE (_end = .)
                0x20002000                        . = (. + _Min_Heap_Size)
 *fill*         0x20001e00      0x200 
                0x20002400                        . = (. + _Min_Stack_Size)
 *fill*         0x20002000      0x400 
                0x20002400                        . = ALIGN (0x8)

/DISCARD/
 libc.a(*)
 libm.a(*)
 libgcc.a(*)

.ARM.attributes
                0x00000000       0x30
 *(.ARM.attributes)
 .ARM.attributes
                0x00000000       0x22 /Applications/STM32CubeIDE.app/Contents/Eclipse/plugins/com.st.stm32cube.ide.mcu.externaltools.gnu-tools-for-stm32.12.3.rel1.macos64_1.0.200.202406191456/tools/bin/../lib/gcc/arm-none-eabi/12.3.1/thumb/v7e-m+fp/hard/crti.o
 .ARM.attributes
                0x00000022       0x34 /Applications/STM32CubeIDE.app/Contents/Eclipse/plugins/com.st.stm32cube.ide.mcu.externaltools.gnu-tools-for-stm32.12.3.rel1.macos64_1.0.200.202406191456/tools/bin/../lib/gcc/arm-none-eabi/12.3.1/thumb/v7e-m+fp/hard/crtbegin.o
 .ARM.attributes
                0x00000056       0x34 ./Core/Src/DACx1416.o
 .ARM.attributes
                0x0000008a       0x34 ./Core/Src/main.o
 .ARM.attributes
                0x000000be       0x34 ./Core/Src/stm32l4xx_hal_msp.o
 .ARM.attributes
                0x000000f2       0x34 ./Core/Src/stm32l4xx_it.o
 .ARM.attributes
                0x00000126       0x34 ./Core/Src/system_stm32l4xx.o
 .ARM.attributes
                0x0000015a       0x21 ./Core/Startup/startup_stm32l476rgtx.o
 .ARM.attributes
                0x0000017b       0x34 ./Drivers/STM32L4xx_HAL_Driver/Src/stm32l4xx_hal.o
 .ARM.attributes
                0x000001af       0x34 ./Drivers/STM32L4xx_HAL_Driver/Src/stm32l4xx_hal_cortex.o
 .ARM.attributes
                0x000001e3       0x34 ./Drivers/STM32L4xx_HAL_Driver/Src/stm32l4xx_hal_gpio.o
 .ARM.attributes
                0x00000217       0x34 ./Drivers/STM32L4xx_HAL_Driver/Src/stm32l4xx_hal_pcd.o
 .ARM.attributes
                0x0000024b       0x34 ./Drivers/STM32L4xx_HAL_Driver/Src/stm32l4xx_hal_pcd_ex.o
 .ARM.attributes
                0x0000027f       0x34 ./Drivers/STM32L4xx_HAL_Driver/Src/stm32l4xx_hal_pwr_ex.o
 .ARM.attributes
                0x000002b3       0x34 ./Drivers/STM32L4xx_HAL_Driver/Src/stm32l4xx_hal_rcc.o
 .ARM.attributes
                0x000002e7       0x34 ./Drivers/STM32L4xx_HAL_Driver/Src/stm32l4xx_hal_rcc_ex.o
 .ARM.attributes
                0x0000031b       0x34 ./Drivers/STM32L4xx_HAL_Driver/Src/stm32l4xx_hal_spi.o
 .ARM.attributes
                0x0000034f       0x34 ./Drivers/STM32L4xx_HAL_Driver/Src/stm32l4xx_hal_uart.o
 .ARM.attributes
                0x00000383       0x34 ./Drivers/STM32L4xx_HAL_Driver/Src/stm32l4xx_ll_usb.o
 .ARM.attributes
                0x000003b7       0x34 ./Middlewares/ST/STM32_USB_Device_Library/Class/CDC/Src/usbd_cdc.o
 .ARM.attributes
                0x000003eb       0x34 ./Middlewares/ST/STM32_USB_Device_Library/Core/Src/usbd_core.o
 .ARM.attributes
                0x0000041f       0x34 ./Middlewares/ST/STM32_USB_Device_Library/Core/Src/usbd_ctlreq.o
 .ARM.attributes
                0x00000453       0x34 ./Middlewares/ST/STM32_USB_Device_Library/Core/Src/usbd_ioreq.o
 .ARM.attributes
                0x00000487       0x34 ./USB_DEVICE/App/usb_device.o
 .ARM.attributes
                0x000004bb       0x34 ./USB_DEVICE/App/usbd_cdc_if.o
 .ARM.attributes
                0x000004ef       0x34 ./USB_DEVICE/App/usbd_desc.o
 .ARM.attributes
                0x00000523       0x34 ./USB_DEVICE/Target/usbd_conf.o
 .ARM.attributes
                0x00000557       0x34 /Applications/STM32CubeIDE.app/Contents/Eclipse/plugins/com.st.stm32cube.ide.mcu.externaltools.gnu-tools-for-stm32.12.3.rel1.macos64_1.0.200.202406191456/tools/bin/../lib/gcc/arm-none-eabi/12.3.1/../../../../arm-none-eabi/lib/thumb/v7e-m+fp/hard/libc_nano.a(libc_a-memset.o)
 .ARM.attributes
                0x0000058b       0x34 /Applications/STM32CubeIDE.app/Contents/Eclipse/plugins/com.st.stm32cube.ide.mcu.externaltools.gnu-tools-for-stm32.12.3.rel1.macos64_1.0.200.202406191456/tools/bin/../lib/gcc/arm-none-eabi/12.3.1/../../../../arm-none-eabi/lib/thumb/v7e-m+fp/hard/libc_nano.a(libc_a-init.o)
 .ARM.attributes
                0x000005bf       0x22 /Applications/STM32CubeIDE.app/Contents/Eclipse/plugins/com.st.stm32cube.ide.mcu.externaltools.gnu-tools-for-stm32.12.3.rel1.macos64_1.0.200.202406191456/tools/bin/../lib/gcc/arm-none-eabi/12.3.1/thumb/v7e-m+fp/hard/libgcc.a(_aeabi_uldivmod.o)
 .ARM.attributes
                0x000005e1       0x34 /Applications/STM32CubeIDE.app/Contents/Eclipse/plugins/com.st.stm32cube.ide.mcu.externaltools.gnu-tools-for-stm32.12.3.rel1.macos64_1.0.200.202406191456/tools/bin/../lib/gcc/arm-none-eabi/12.3.1/thumb/v7e-m+fp/hard/libgcc.a(_udivmoddi4.o)
 .ARM.attributes
                0x00000615       0x22 /Applications/STM32CubeIDE.app/Contents/Eclipse/plugins/com.st.stm32cube.ide.mcu.externaltools.gnu-tools-for-stm32.12.3.rel1.macos64_1.0.200.202406191456/tools/bin/../lib/gcc/arm-none-eabi/12.3.1/thumb/v7e-m+fp/hard/libgcc.a(_dvmd_tls.o)
 .ARM.attributes
                0x00000637       0x22 /Applications/STM32CubeIDE.app/Contents/Eclipse/plugins/com.st.stm32cube.ide.mcu.externaltools.gnu-tools-for-stm32.12.3.rel1.macos64_1.0.200.202406191456/tools/bin/../lib/gcc/arm-none-eabi/12.3.1/thumb/v7e-m+fp/hard/crtn.o
OUTPUT(kingfisher_v1RevA.elf elf32-littlearm)
LOAD linker stubs
LOAD /Applications/STM32CubeIDE.app/Contents/Eclipse/plugins/com.st.stm32cube.ide.mcu.externaltools.gnu-tools-for-stm32.12.3.rel1.macos64_1.0.200.202406191456/tools/bin/../lib/gcc/arm-none-eabi/12.3.1/../../../../arm-none-eabi/lib/thumb/v7e-m+fp/hard/libc.a
LOAD /Applications/STM32CubeIDE.app/Contents/Eclipse/plugins/com.st.stm32cube.ide.mcu.externaltools.gnu-tools-for-stm32.12.3.rel1.macos64_1.0.200.202406191456/tools/bin/../lib/gcc/arm-none-eabi/12.3.1/../../../../arm-none-eabi/lib/thumb/v7e-m+fp/hard/libm.a
LOAD /Applications/STM32CubeIDE.app/Contents/Eclipse/plugins/com.st.stm32cube.ide.mcu.externaltools.gnu-tools-for-stm32.12.3.rel1.macos64_1.0.200.202406191456/tools/bin/../lib/gcc/arm-none-eabi/12.3.1/thumb/v7e-m+fp/hard/libgcc.a

.debug_info     0x00000000    0x169b6
 .debug_info    0x00000000      0x872 ./Core/Src/DACx1416.o
 .debug_info    0x00000872     0x108c ./Core/Src/main.o
 .debug_info    0x000018fe     0x1028 ./Core/Src/stm32l4xx_hal_msp.o
 .debug_info    0x00002926      0x69f ./Core/Src/stm32l4xx_it.o
 .debug_info    0x00002fc5      0x5b1 ./Core/Src/system_stm32l4xx.o
 .debug_info    0x00003576       0x30 ./Core/Startup/startup_stm32l476rgtx.o
 .debug_info    0x000035a6      0xaeb ./Drivers/STM32L4xx_HAL_Driver/Src/stm32l4xx_hal.o
 .debug_info    0x00004091      0xd81 ./Drivers/STM32L4xx_HAL_Driver/Src/stm32l4xx_hal_cortex.o
 .debug_info    0x00004e12      0x757 ./Drivers/STM32L4xx_HAL_Driver/Src/stm32l4xx_hal_gpio.o
 .debug_info    0x00005569     0x14d6 ./Drivers/STM32L4xx_HAL_Driver/Src/stm32l4xx_hal_pcd.o
 .debug_info    0x00006a3f      0x8a0 ./Drivers/STM32L4xx_HAL_Driver/Src/stm32l4xx_hal_pcd_ex.o
 .debug_info    0x000072df      0x99e ./Drivers/STM32L4xx_HAL_Driver/Src/stm32l4xx_hal_pwr_ex.o
 .debug_info    0x00007c7d      0xc14 ./Drivers/STM32L4xx_HAL_Driver/Src/stm32l4xx_hal_rcc.o
 .debug_info    0x00008891      0xe11 ./Drivers/STM32L4xx_HAL_Driver/Src/stm32l4xx_hal_rcc_ex.o
 .debug_info    0x000096a2     0x1549 ./Drivers/STM32L4xx_HAL_Driver/Src/stm32l4xx_hal_spi.o
 .debug_info    0x0000abeb     0x3b69 ./Drivers/STM32L4xx_HAL_Driver/Src/stm32l4xx_hal_uart.o
 .debug_info    0x0000e754     0x1994 ./Drivers/STM32L4xx_HAL_Driver/Src/stm32l4xx_ll_usb.o
 .debug_info    0x000100e8     0x1338 ./Middlewares/ST/STM32_USB_Device_Library/Class/CDC/Src/usbd_cdc.o
 .debug_info    0x00011420      0xe12 ./Middlewares/ST/STM32_USB_Device_Library/Core/Src/usbd_core.o
 .debug_info    0x00012232      0xaeb ./Middlewares/ST/STM32_USB_Device_Library/Core/Src/usbd_ctlreq.o
 .debug_info    0x00012d1d      0x762 ./Middlewares/ST/STM32_USB_Device_Library/Core/Src/usbd_ioreq.o
 .debug_info    0x0001347f      0x70e ./USB_DEVICE/App/usb_device.o
 .debug_info    0x00013b8d      0x907 ./USB_DEVICE/App/usbd_cdc_if.o
 .debug_info    0x00014494      0x4ba ./USB_DEVICE/App/usbd_desc.o
 .debug_info    0x0001494e     0x2068 ./USB_DEVICE/Target/usbd_conf.o

.debug_abbrev   0x00000000     0x37f7
 .debug_abbrev  0x00000000      0x209 ./Core/Src/DACx1416.o
 .debug_abbrev  0x00000209      0x2d6 ./Core/Src/main.o
 .debug_abbrev  0x000004df      0x1d3 ./Core/Src/stm32l4xx_hal_msp.o
 .debug_abbrev  0x000006b2      0x1a4 ./Core/Src/stm32l4xx_it.o
 .debug_abbrev  0x00000856      0x11a ./Core/Src/system_stm32l4xx.o
 .debug_abbrev  0x00000970       0x24 ./Core/Startup/startup_stm32l476rgtx.o
 .debug_abbrev  0x00000994      0x242 ./Drivers/STM32L4xx_HAL_Driver/Src/stm32l4xx_hal.o
 .debug_abbrev  0x00000bd6      0x31c ./Drivers/STM32L4xx_HAL_Driver/Src/stm32l4xx_hal_cortex.o
 .debug_abbrev  0x00000ef2      0x1cb ./Drivers/STM32L4xx_HAL_Driver/Src/stm32l4xx_hal_gpio.o
 .debug_abbrev  0x000010bd      0x2da ./Drivers/STM32L4xx_HAL_Driver/Src/stm32l4xx_hal_pcd.o
 .debug_abbrev  0x00001397      0x256 ./Drivers/STM32L4xx_HAL_Driver/Src/stm32l4xx_hal_pcd_ex.o
 .debug_abbrev  0x000015ed      0x1f9 ./Drivers/STM32L4xx_HAL_Driver/Src/stm32l4xx_hal_pwr_ex.o
 .debug_abbrev  0x000017e6      0x2cb ./Drivers/STM32L4xx_HAL_Driver/Src/stm32l4xx_hal_rcc.o
 .debug_abbrev  0x00001ab1      0x2a6 ./Drivers/STM32L4xx_HAL_Driver/Src/stm32l4xx_hal_rcc_ex.o
 .debug_abbrev  0x00001d57      0x260 ./Drivers/STM32L4xx_HAL_Driver/Src/stm32l4xx_hal_spi.o
 .debug_abbrev  0x00001fb7      0x2d0 ./Drivers/STM32L4xx_HAL_Driver/Src/stm32l4xx_hal_uart.o
 .debug_abbrev  0x00002287      0x2b1 ./Drivers/STM32L4xx_HAL_Driver/Src/stm32l4xx_ll_usb.o
 .debug_abbrev  0x00002538      0x2d1 ./Middlewares/ST/STM32_USB_Device_Library/Class/CDC/Src/usbd_cdc.o
 .debug_abbrev  0x00002809      0x27c ./Middlewares/ST/STM32_USB_Device_Library/Core/Src/usbd_core.o
 .debug_abbrev  0x00002a85      0x26f ./Middlewares/ST/STM32_USB_Device_Library/Core/Src/usbd_ctlreq.o
 .debug_abbrev  0x00002cf4      0x19a ./Middlewares/ST/STM32_USB_Device_Library/Core/Src/usbd_ioreq.o
 .debug_abbrev  0x00002e8e      0x195 ./USB_DEVICE/App/usb_device.o
 .debug_abbrev  0x00003023      0x29d ./USB_DEVICE/App/usbd_cdc_if.o
 .debug_abbrev  0x000032c0      0x1e3 ./USB_DEVICE/App/usbd_desc.o
 .debug_abbrev  0x000034a3      0x354 ./USB_DEVICE/Target/usbd_conf.o

.debug_aranges  0x00000000     0x1250
 .debug_aranges
                0x00000000       0x40 ./Core/Src/DACx1416.o
 .debug_aranges
                0x00000040       0x50 ./Core/Src/main.o
 .debug_aranges
                0x00000090       0x40 ./Core/Src/stm32l4xx_hal_msp.o
 .debug_aranges
                0x000000d0       0x68 ./Core/Src/stm32l4xx_it.o
 .debug_aranges
                0x00000138       0x28 ./Core/Src/system_stm32l4xx.o
 .debug_aranges
                0x00000160       0x28 ./Core/Startup/startup_stm32l476rgtx.o
 .debug_aranges
                0x00000188      0x130 ./Drivers/STM32L4xx_HAL_Driver/Src/stm32l4xx_hal.o
 .debug_aranges
                0x000002b8      0x128 ./Drivers/STM32L4xx_HAL_Driver/Src/stm32l4xx_hal_cortex.o
 .debug_aranges
                0x000003e0       0x58 ./Drivers/STM32L4xx_HAL_Driver/Src/stm32l4xx_hal_gpio.o
 .debug_aranges
                0x00000438      0x138 ./Drivers/STM32L4xx_HAL_Driver/Src/stm32l4xx_hal_pcd.o
 .debug_aranges
                0x00000570       0x60 ./Drivers/STM32L4xx_HAL_Driver/Src/stm32l4xx_hal_pcd_ex.o
 .debug_aranges
                0x000005d0      0x160 ./Drivers/STM32L4xx_HAL_Driver/Src/stm32l4xx_hal_pwr_ex.o
 .debug_aranges
                0x00000730       0x90 ./Drivers/STM32L4xx_HAL_Driver/Src/stm32l4xx_hal_rcc.o
 .debug_aranges
                0x000007c0       0xc0 ./Drivers/STM32L4xx_HAL_Driver/Src/stm32l4xx_hal_rcc_ex.o
 .debug_aranges
                0x00000880      0x1d8 ./Drivers/STM32L4xx_HAL_Driver/Src/stm32l4xx_hal_spi.o
 .debug_aranges
                0x00000a58      0x228 ./Drivers/STM32L4xx_HAL_Driver/Src/stm32l4xx_hal_uart.o
 .debug_aranges
                0x00000c80      0x1a0 ./Drivers/STM32L4xx_HAL_Driver/Src/stm32l4xx_ll_usb.o
 .debug_aranges
                0x00000e20       0x90 ./Middlewares/ST/STM32_USB_Device_Library/Class/CDC/Src/usbd_cdc.o
 .debug_aranges
                0x00000eb0       0xd8 ./Middlewares/ST/STM32_USB_Device_Library/Core/Src/usbd_core.o
 .debug_aranges
                0x00000f88       0x90 ./Middlewares/ST/STM32_USB_Device_Library/Core/Src/usbd_ctlreq.o
 .debug_aranges
                0x00001018       0x50 ./Middlewares/ST/STM32_USB_Device_Library/Core/Src/usbd_ioreq.o
 .debug_aranges
                0x00001068       0x20 ./USB_DEVICE/App/usb_device.o
 .debug_aranges
                0x00001088       0x48 ./USB_DEVICE/App/usbd_cdc_if.o
 .debug_aranges
                0x000010d0       0x68 ./USB_DEVICE/App/usbd_desc.o
 .debug_aranges
                0x00001138      0x118 ./USB_DEVICE/Target/usbd_conf.o

.debug_rnglists
                0x00000000      0xdec
 .debug_rnglists
                0x00000000       0x2b ./Core/Src/DACx1416.o
 .debug_rnglists
                0x0000002b       0x3a ./Core/Src/main.o
 .debug_rnglists
                0x00000065       0x2d ./Core/Src/stm32l4xx_hal_msp.o
 .debug_rnglists
                0x00000092       0x49 ./Core/Src/stm32l4xx_it.o
 .debug_rnglists
                0x000000db       0x1a ./Core/Src/system_stm32l4xx.o
 .debug_rnglists
                0x000000f5       0x19 ./Core/Startup/startup_stm32l476rgtx.o
 .debug_rnglists
                0x0000010e       0xdf ./Drivers/STM32L4xx_HAL_Driver/Src/stm32l4xx_hal.o
 .debug_rnglists
                0x000001ed       0xda ./Drivers/STM32L4xx_HAL_Driver/Src/stm32l4xx_hal_cortex.o
 .debug_rnglists
                0x000002c7       0x3f ./Drivers/STM32L4xx_HAL_Driver/Src/stm32l4xx_hal_gpio.o
 .debug_rnglists
                0x00000306       0xed ./Drivers/STM32L4xx_HAL_Driver/Src/stm32l4xx_hal_pcd.o
 .debug_rnglists
                0x000003f3       0x45 ./Drivers/STM32L4xx_HAL_Driver/Src/stm32l4xx_hal_pcd_ex.o
 .debug_rnglists
                0x00000438      0x109 ./Drivers/STM32L4xx_HAL_Driver/Src/stm32l4xx_hal_pwr_ex.o
 .debug_rnglists
                0x00000541       0x6d ./Drivers/STM32L4xx_HAL_Driver/Src/stm32l4xx_hal_rcc.o
 .debug_rnglists
                0x000005ae       0x95 ./Drivers/STM32L4xx_HAL_Driver/Src/stm32l4xx_hal_rcc_ex.o
 .debug_rnglists
                0x00000643      0x178 ./Drivers/STM32L4xx_HAL_Driver/Src/stm32l4xx_hal_spi.o
 .debug_rnglists
                0x000007bb      0x1db ./Drivers/STM32L4xx_HAL_Driver/Src/stm32l4xx_hal_uart.o
 .debug_rnglists
                0x00000996      0x146 ./Drivers/STM32L4xx_HAL_Driver/Src/stm32l4xx_ll_usb.o
 .debug_rnglists
                0x00000adc       0x6c ./Middlewares/ST/STM32_USB_Device_Library/Class/CDC/Src/usbd_cdc.o
 .debug_rnglists
                0x00000b48       0xa1 ./Middlewares/ST/STM32_USB_Device_Library/Core/Src/usbd_core.o
 .debug_rnglists
                0x00000be9       0x6e ./Middlewares/ST/STM32_USB_Device_Library/Core/Src/usbd_ctlreq.o
 .debug_rnglists
                0x00000c57       0x37 ./Middlewares/ST/STM32_USB_Device_Library/Core/Src/usbd_ioreq.o
 .debug_rnglists
                0x00000c8e       0x13 ./USB_DEVICE/App/usb_device.o
 .debug_rnglists
                0x00000ca1       0x32 ./USB_DEVICE/App/usbd_cdc_if.o
 .debug_rnglists
                0x00000cd3       0x49 ./USB_DEVICE/App/usbd_desc.o
 .debug_rnglists
                0x00000d1c       0xd0 ./USB_DEVICE/Target/usbd_conf.o

.debug_macro    0x00000000    0x28c8c
 .debug_macro   0x00000000      0x1f9 ./Core/Src/DACx1416.o
 .debug_macro   0x000001f9      0xab4 ./Core/Src/DACx1416.o
 .debug_macro   0x00000cad      0x1ad ./Core/Src/DACx1416.o
 .debug_macro   0x00000e5a       0x2e ./Core/Src/DACx1416.o
 .debug_macro   0x00000e88       0x28 ./Core/Src/DACx1416.o
 .debug_macro   0x00000eb0       0x22 ./Core/Src/DACx1416.o
 .debug_macro   0x00000ed2       0x8e ./Core/Src/DACx1416.o
 .debug_macro   0x00000f60       0x51 ./Core/Src/DACx1416.o
 .debug_macro   0x00000fb1      0x103 ./Core/Src/DACx1416.o
 .debug_macro   0x000010b4       0x6a ./Core/Src/DACx1416.o
 .debug_macro   0x0000111e      0x1df ./Core/Src/DACx1416.o
 .debug_macro   0x000012fd       0x1c ./Core/Src/DACx1416.o
 .debug_macro   0x00001319       0x22 ./Core/Src/DACx1416.o
 .debug_macro   0x0000133b       0xfb ./Core/Src/DACx1416.o
 .debug_macro   0x00001436     0x1011 ./Core/Src/DACx1416.o
 .debug_macro   0x00002447      0x11f ./Core/Src/DACx1416.o
 .debug_macro   0x00002566    0x1a17a ./Core/Src/DACx1416.o
 .debug_macro   0x0001c6e0       0x6d ./Core/Src/DACx1416.o
 .debug_macro   0x0001c74d     0x38fb ./Core/Src/DACx1416.o
 .debug_macro   0x00020048      0x189 ./Core/Src/DACx1416.o
 .debug_macro   0x000201d1       0x5c ./Core/Src/DACx1416.o
 .debug_macro   0x0002022d     0x159e ./Core/Src/DACx1416.o
 .debug_macro   0x000217cb      0x5a5 ./Core/Src/DACx1416.o
 .debug_macro   0x00021d70      0x1b9 ./Core/Src/DACx1416.o
 .debug_macro   0x00021f29      0x18b ./Core/Src/DACx1416.o
 .debug_macro   0x000220b4      0x26b ./Core/Src/DACx1416.o
 .debug_macro   0x0002231f      0x23d ./Core/Src/DACx1416.o
 .debug_macro   0x0002255c      0x241 ./Core/Src/DACx1416.o
 .debug_macro   0x0002279d      0x37c ./Core/Src/DACx1416.o
 .debug_macro   0x00022b19       0xd6 ./Core/Src/DACx1416.o
 .debug_macro   0x00022bef      0x215 ./Core/Src/DACx1416.o
 .debug_macro   0x00022e04       0x97 ./Core/Src/DACx1416.o
 .debug_macro   0x00022e9b      0x122 ./Core/Src/DACx1416.o
 .debug_macro   0x00022fbd      0x3ef ./Core/Src/DACx1416.o
 .debug_macro   0x000233ac      0x2fe ./Core/Src/DACx1416.o
 .debug_macro   0x000236aa      0x5cf ./Core/Src/DACx1416.o
 .debug_macro   0x00023c79       0x44 ./Core/Src/DACx1416.o
 .debug_macro   0x00023cbd      0x330 ./Core/Src/DACx1416.o
 .debug_macro   0x00023fed      0x35d ./Core/Src/main.o
 .debug_macro   0x0002434a       0x61 ./Core/Src/main.o
 .debug_macro   0x000243ab       0x2a ./Core/Src/main.o
 .debug_macro   0x000243d5       0x43 ./Core/Src/main.o
 .debug_macro   0x00024418       0x34 ./Core/Src/main.o
 .debug_macro   0x0002444c       0x16 ./Core/Src/main.o
 .debug_macro   0x00024462       0x35 ./Core/Src/main.o
 .debug_macro   0x00024497      0x369 ./Core/Src/main.o
 .debug_macro   0x00024800       0x10 ./Core/Src/main.o
 .debug_macro   0x00024810       0x16 ./Core/Src/main.o
 .debug_macro   0x00024826       0x43 ./Core/Src/main.o
 .debug_macro   0x00024869       0x34 ./Core/Src/main.o
 .debug_macro   0x0002489d       0x10 ./Core/Src/main.o
 .debug_macro   0x000248ad       0x58 ./Core/Src/main.o
 .debug_macro   0x00024905       0x8e ./Core/Src/main.o
 .debug_macro   0x00024993       0x1c ./Core/Src/main.o
 .debug_macro   0x000249af      0x177 ./Core/Src/main.o
 .debug_macro   0x00024b26       0x16 ./Core/Src/main.o
 .debug_macro   0x00024b3c       0x16 ./Core/Src/main.o
 .debug_macro   0x00024b52      0x146 ./Core/Src/main.o
 .debug_macro   0x00024c98       0x16 ./Core/Src/main.o
 .debug_macro   0x00024cae       0x16 ./Core/Src/main.o
 .debug_macro   0x00024cc4       0x29 ./Core/Src/main.o
 .debug_macro   0x00024ced       0x16 ./Core/Src/main.o
 .debug_macro   0x00024d03       0x20 ./Core/Src/main.o
 .debug_macro   0x00024d23       0x5f ./Core/Src/main.o
 .debug_macro   0x00024d82      0x20f ./Core/Src/main.o
 .debug_macro   0x00024f91      0x1ef ./Core/Src/stm32l4xx_hal_msp.o
 .debug_macro   0x00025180      0x1f9 ./Core/Src/stm32l4xx_it.o
 .debug_macro   0x00025379      0x1e5 ./Core/Src/system_stm32l4xx.o
 .debug_macro   0x0002555e      0x233 ./Drivers/STM32L4xx_HAL_Driver/Src/stm32l4xx_hal.o
 .debug_macro   0x00025791      0x1e5 ./Drivers/STM32L4xx_HAL_Driver/Src/stm32l4xx_hal_cortex.o
 .debug_macro   0x00025976      0x1ec ./Drivers/STM32L4xx_HAL_Driver/Src/stm32l4xx_hal_gpio.o
 .debug_macro   0x00025b62      0x1f1 ./Drivers/STM32L4xx_HAL_Driver/Src/stm32l4xx_hal_pcd.o
 .debug_macro   0x00025d53      0x1e5 ./Drivers/STM32L4xx_HAL_Driver/Src/stm32l4xx_hal_pcd_ex.o
 .debug_macro   0x00025f38      0x209 ./Drivers/STM32L4xx_HAL_Driver/Src/stm32l4xx_hal_pwr_ex.o
 .debug_macro   0x00026141      0x227 ./Drivers/STM32L4xx_HAL_Driver/Src/stm32l4xx_hal_rcc.o
 .debug_macro   0x00026368      0x21b ./Drivers/STM32L4xx_HAL_Driver/Src/stm32l4xx_hal_rcc_ex.o
 .debug_macro   0x00026583      0x1ed ./Drivers/STM32L4xx_HAL_Driver/Src/stm32l4xx_hal_spi.o
 .debug_macro   0x00026770      0x210 ./Drivers/STM32L4xx_HAL_Driver/Src/stm32l4xx_hal_uart.o
 .debug_macro   0x00026980      0x1e5 ./Drivers/STM32L4xx_HAL_Driver/Src/stm32l4xx_ll_usb.o
 .debug_macro   0x00026b65      0x37e ./Middlewares/ST/STM32_USB_Device_Library/Class/CDC/Src/usbd_cdc.o
 .debug_macro   0x00026ee3       0x9e ./Middlewares/ST/STM32_USB_Device_Library/Class/CDC/Src/usbd_cdc.o
 .debug_macro   0x00026f81      0x10b ./Middlewares/ST/STM32_USB_Device_Library/Class/CDC/Src/usbd_cdc.o
 .debug_macro   0x0002708c       0x56 ./Middlewares/ST/STM32_USB_Device_Library/Class/CDC/Src/usbd_cdc.o
 .debug_macro   0x000270e2       0x95 ./Middlewares/ST/STM32_USB_Device_Library/Class/CDC/Src/usbd_cdc.o
 .debug_macro   0x00027177      0x365 ./Middlewares/ST/STM32_USB_Device_Library/Core/Src/usbd_core.o
 .debug_macro   0x000274dc      0x215 ./Middlewares/ST/STM32_USB_Device_Library/Core/Src/usbd_core.o
 .debug_macro   0x000276f1      0x36f ./Middlewares/ST/STM32_USB_Device_Library/Core/Src/usbd_ctlreq.o
 .debug_macro   0x00027a60      0x36b ./Middlewares/ST/STM32_USB_Device_Library/Core/Src/usbd_ioreq.o
 .debug_macro   0x00027dcb      0x3a4 ./USB_DEVICE/App/usb_device.o
 .debug_macro   0x0002816f       0x22 ./USB_DEVICE/App/usb_device.o
 .debug_macro   0x00028191       0x16 ./USB_DEVICE/App/usb_device.o
 .debug_macro   0x000281a7      0x389 ./USB_DEVICE/App/usbd_cdc_if.o
 .debug_macro   0x00028530       0x10 ./USB_DEVICE/App/usbd_cdc_if.o
 .debug_macro   0x00028540      0x3a8 ./USB_DEVICE/App/usbd_desc.o
 .debug_macro   0x000288e8       0x1c ./USB_DEVICE/App/usbd_desc.o
 .debug_macro   0x00028904      0x388 ./USB_DEVICE/Target/usbd_conf.o

.debug_line     0x00000000    0x17315
 .debug_line    0x00000000      0x7c1 ./Core/Src/DACx1416.o
 .debug_line    0x000007c1      0xb39 ./Core/Src/main.o
 .debug_line    0x000012fa      0x7d8 ./Core/Src/stm32l4xx_hal_msp.o
 .debug_line    0x00001ad2      0x806 ./Core/Src/stm32l4xx_it.o
 .debug_line    0x000022d8      0x7c6 ./Core/Src/system_stm32l4xx.o
 .debug_line    0x00002a9e       0x7a ./Core/Startup/startup_stm32l476rgtx.o
 .debug_line    0x00002b18      0xb21 ./Drivers/STM32L4xx_HAL_Driver/Src/stm32l4xx_hal.o
 .debug_line    0x00003639      0xcea ./Drivers/STM32L4xx_HAL_Driver/Src/stm32l4xx_hal_cortex.o
 .debug_line    0x00004323      0xbad ./Drivers/STM32L4xx_HAL_Driver/Src/stm32l4xx_hal_gpio.o
 .debug_line    0x00004ed0     0x1374 ./Drivers/STM32L4xx_HAL_Driver/Src/stm32l4xx_hal_pcd.o
 .debug_line    0x00006244      0x939 ./Drivers/STM32L4xx_HAL_Driver/Src/stm32l4xx_hal_pcd_ex.o
 .debug_line    0x00006b7d      0xd13 ./Drivers/STM32L4xx_HAL_Driver/Src/stm32l4xx_hal_pwr_ex.o
 .debug_line    0x00007890      0xf9a ./Drivers/STM32L4xx_HAL_Driver/Src/stm32l4xx_hal_rcc.o
 .debug_line    0x0000882a     0x150c ./Drivers/STM32L4xx_HAL_Driver/Src/stm32l4xx_hal_rcc_ex.o
 .debug_line    0x00009d36     0x1ff7 ./Drivers/STM32L4xx_HAL_Driver/Src/stm32l4xx_hal_spi.o
 .debug_line    0x0000bd2d     0x3233 ./Drivers/STM32L4xx_HAL_Driver/Src/stm32l4xx_hal_uart.o
 .debug_line    0x0000ef60     0x1b30 ./Drivers/STM32L4xx_HAL_Driver/Src/stm32l4xx_ll_usb.o
 .debug_line    0x00010a90      0xeb5 ./Middlewares/ST/STM32_USB_Device_Library/Class/CDC/Src/usbd_cdc.o
 .debug_line    0x00011945      0xf2f ./Middlewares/ST/STM32_USB_Device_Library/Core/Src/usbd_core.o
 .debug_line    0x00012874     0x115c ./Middlewares/ST/STM32_USB_Device_Library/Core/Src/usbd_ctlreq.o
 .debug_line    0x000139d0      0xa49 ./Middlewares/ST/STM32_USB_Device_Library/Core/Src/usbd_ioreq.o
 .debug_line    0x00014419      0xa05 ./USB_DEVICE/App/usb_device.o
 .debug_line    0x00014e1e      0xa68 ./USB_DEVICE/App/usbd_cdc_if.o
 .debug_line    0x00015886      0xae9 ./USB_DEVICE/App/usbd_desc.o
 .debug_line    0x0001636f      0xfa6 ./USB_DEVICE/Target/usbd_conf.o

.debug_str      0x00000000    0xed5a6
 .debug_str     0x00000000    0xe39e7 ./Core/Src/DACx1416.o
                              0xe3d10 (size before relaxing)
 .debug_str     0x000e39e7     0x4798 ./Core/Src/main.o
                              0xe849b (size before relaxing)
 .debug_str     0x000e817f      0x301 ./Core/Src/stm32l4xx_hal_msp.o
                              0xe4257 (size before relaxing)
 .debug_str     0x000e8480      0x4ab ./Core/Src/stm32l4xx_it.o
                              0xe3c85 (size before relaxing)
 .debug_str     0x000e892b       0xf2 ./Core/Src/system_stm32l4xx.o
                              0xe3995 (size before relaxing)
 .debug_str     0x000e8a1d       0x44 ./Core/Startup/startup_stm32l476rgtx.o
                                 0xa2 (size before relaxing)
 .debug_str     0x000e8a61      0xa94 ./Drivers/STM32L4xx_HAL_Driver/Src/stm32l4xx_hal.o
                              0xe4528 (size before relaxing)
 .debug_str     0x000e94f5      0x37c ./Drivers/STM32L4xx_HAL_Driver/Src/stm32l4xx_hal_cortex.o
                              0xe420e (size before relaxing)
 .debug_str     0x000e9871      0x123 ./Drivers/STM32L4xx_HAL_Driver/Src/stm32l4xx_hal_gpio.o
                              0xe3b0e (size before relaxing)
 .debug_str     0x000e9994      0x80a ./Drivers/STM32L4xx_HAL_Driver/Src/stm32l4xx_hal_pcd.o
                              0xe4416 (size before relaxing)
 .debug_str     0x000ea19e      0x174 ./Drivers/STM32L4xx_HAL_Driver/Src/stm32l4xx_hal_pcd_ex.o
                              0xe3de4 (size before relaxing)
 .debug_str     0x000ea312      0x4e3 ./Drivers/STM32L4xx_HAL_Driver/Src/stm32l4xx_hal_pwr_ex.o
                              0xe3ef0 (size before relaxing)
 .debug_str     0x000ea7f5      0x398 ./Drivers/STM32L4xx_HAL_Driver/Src/stm32l4xx_hal_rcc.o
                              0xe3fdb (size before relaxing)
 .debug_str     0x000eab8d      0x3bf ./Drivers/STM32L4xx_HAL_Driver/Src/stm32l4xx_hal_rcc_ex.o
                              0xe4154 (size before relaxing)
 .debug_str     0x000eaf4c      0x578 ./Drivers/STM32L4xx_HAL_Driver/Src/stm32l4xx_hal_spi.o
                              0xe41b0 (size before relaxing)
 .debug_str     0x000eb4c4      0x8a6 ./Drivers/STM32L4xx_HAL_Driver/Src/stm32l4xx_hal_uart.o
                              0xe46ed (size before relaxing)
 .debug_str     0x000ebd6a      0x478 ./Drivers/STM32L4xx_HAL_Driver/Src/stm32l4xx_ll_usb.o
                              0xe42ee (size before relaxing)
 .debug_str     0x000ec1e2      0xa37 ./Middlewares/ST/STM32_USB_Device_Library/Class/CDC/Src/usbd_cdc.o
                              0xe8952 (size before relaxing)
 .debug_str     0x000ecc19      0x356 ./Middlewares/ST/STM32_USB_Device_Library/Core/Src/usbd_core.o
                              0xe8260 (size before relaxing)
 .debug_str     0x000ecf6f      0x139 ./Middlewares/ST/STM32_USB_Device_Library/Core/Src/usbd_ctlreq.o
                              0xe808b (size before relaxing)
 .debug_str     0x000ed0a8       0x51 ./Middlewares/ST/STM32_USB_Device_Library/Core/Src/usbd_ioreq.o
                              0xe7f60 (size before relaxing)
 .debug_str     0x000ed0f9      0x105 ./USB_DEVICE/App/usb_device.o
                              0xe8313 (size before relaxing)
 .debug_str     0x000ed1fe       0x9a ./USB_DEVICE/App/usbd_cdc_if.o
                              0xe8353 (size before relaxing)
 .debug_str     0x000ed298      0x296 ./USB_DEVICE/App/usbd_desc.o
                              0xe7e88 (size before relaxing)
 .debug_str     0x000ed52e       0x78 ./USB_DEVICE/Target/usbd_conf.o
                              0xe9528 (size before relaxing)

.comment        0x00000000       0x43
 .comment       0x00000000       0x43 ./Core/Src/DACx1416.o
                                 0x44 (size before relaxing)
 .comment       0x00000043       0x44 ./Core/Src/main.o
 .comment       0x00000043       0x44 ./Core/Src/stm32l4xx_hal_msp.o
 .comment       0x00000043       0x44 ./Core/Src/stm32l4xx_it.o
 .comment       0x00000043       0x44 ./Core/Src/system_stm32l4xx.o
 .comment       0x00000043       0x44 ./Drivers/STM32L4xx_HAL_Driver/Src/stm32l4xx_hal.o
 .comment       0x00000043       0x44 ./Drivers/STM32L4xx_HAL_Driver/Src/stm32l4xx_hal_cortex.o
 .comment       0x00000043       0x44 ./Drivers/STM32L4xx_HAL_Driver/Src/stm32l4xx_hal_gpio.o
 .comment       0x00000043       0x44 ./Drivers/STM32L4xx_HAL_Driver/Src/stm32l4xx_hal_pcd.o
 .comment       0x00000043       0x44 ./Drivers/STM32L4xx_HAL_Driver/Src/stm32l4xx_hal_pcd_ex.o
 .comment       0x00000043       0x44 ./Drivers/STM32L4xx_HAL_Driver/Src/stm32l4xx_hal_pwr_ex.o
 .comment       0x00000043       0x44 ./Drivers/STM32L4xx_HAL_Driver/Src/stm32l4xx_hal_rcc.o
 .comment       0x00000043       0x44 ./Drivers/STM32L4xx_HAL_Driver/Src/stm32l4xx_hal_rcc_ex.o
 .comment       0x00000043       0x44 ./Drivers/STM32L4xx_HAL_Driver/Src/stm32l4xx_hal_spi.o
 .comment       0x00000043       0x44 ./Drivers/STM32L4xx_HAL_Driver/Src/stm32l4xx_hal_uart.o
 .comment       0x00000043       0x44 ./Drivers/STM32L4xx_HAL_Driver/Src/stm32l4xx_ll_usb.o
 .comment       0x00000043       0x44 ./Middlewares/ST/STM32_USB_Device_Library/Class/CDC/Src/usbd_cdc.o
 .comment       0x00000043       0x44 ./Middlewares/ST/STM32_USB_Device_Library/Core/Src/usbd_core.o
 .comment       0x00000043       0x44 ./Middlewares/ST/STM32_USB_Device_Library/Core/Src/usbd_ctlreq.o
 .comment       0x00000043       0x44 ./Middlewares/ST/STM32_USB_Device_Library/Core/Src/usbd_ioreq.o
 .comment       0x00000043       0x44 ./USB_DEVICE/App/usb_device.o
 .comment       0x00000043       0x44 ./USB_DEVICE/App/usbd_cdc_if.o
 .comment       0x00000043       0x44 ./USB_DEVICE/App/usbd_desc.o
 .comment       0x00000043       0x44 ./USB_DEVICE/Target/usbd_conf.o

.debug_frame    0x00000000     0x4b34
 .debug_frame   0x00000000       0xc4 ./Core/Src/DACx1416.o
 .debug_frame   0x000000c4       0xec ./Core/Src/main.o
 .debug_frame   0x000001b0       0xcc ./Core/Src/stm32l4xx_hal_msp.o
 .debug_frame   0x0000027c      0x120 ./Core/Src/stm32l4xx_it.o
 .debug_frame   0x0000039c       0x58 ./Core/Src/system_stm32l4xx.o
 .debug_frame   0x000003f4      0x498 ./Drivers/STM32L4xx_HAL_Driver/Src/stm32l4xx_hal.o
 .debug_frame   0x0000088c      0x4e8 ./Drivers/STM32L4xx_HAL_Driver/Src/stm32l4xx_hal_cortex.o
 .debug_frame   0x00000d74      0x14c ./Drivers/STM32L4xx_HAL_Driver/Src/stm32l4xx_hal_gpio.o
 .debug_frame   0x00000ec0      0x564 ./Drivers/STM32L4xx_HAL_Driver/Src/stm32l4xx_hal_pcd.o
 .debug_frame   0x00001424      0x174 ./Drivers/STM32L4xx_HAL_Driver/Src/stm32l4xx_hal_pcd_ex.o
 .debug_frame   0x00001598      0x584 ./Drivers/STM32L4xx_HAL_Driver/Src/stm32l4xx_hal_pwr_ex.o
 .debug_frame   0x00001b1c      0x21c ./Drivers/STM32L4xx_HAL_Driver/Src/stm32l4xx_hal_rcc.o
 .debug_frame   0x00001d38      0x2fc ./Drivers/STM32L4xx_HAL_Driver/Src/stm32l4xx_hal_rcc_ex.o
 .debug_frame   0x00002034      0x860 ./Drivers/STM32L4xx_HAL_Driver/Src/stm32l4xx_hal_spi.o
 .debug_frame   0x00002894      0x9f4 ./Drivers/STM32L4xx_HAL_Driver/Src/stm32l4xx_hal_uart.o
 .debug_frame   0x00003288      0x7bc ./Drivers/STM32L4xx_HAL_Driver/Src/stm32l4xx_ll_usb.o
 .debug_frame   0x00003a44      0x23c ./Middlewares/ST/STM32_USB_Device_Library/Class/CDC/Src/usbd_cdc.o
 .debug_frame   0x00003c80      0x390 ./Middlewares/ST/STM32_USB_Device_Library/Core/Src/usbd_core.o
 .debug_frame   0x00004010      0x23c ./Middlewares/ST/STM32_USB_Device_Library/Core/Src/usbd_ctlreq.o
 .debug_frame   0x0000424c      0x10c ./Middlewares/ST/STM32_USB_Device_Library/Core/Src/usbd_ioreq.o
 .debug_frame   0x00004358       0x2c ./USB_DEVICE/App/usb_device.o
 .debug_frame   0x00004384       0xe4 ./USB_DEVICE/App/usbd_cdc_if.o
 .debug_frame   0x00004468      0x188 ./USB_DEVICE/App/usbd_desc.o
 .debug_frame   0x000045f0      0x498 ./USB_DEVICE/Target/usbd_conf.o
 .debug_frame   0x00004a88       0x20 /Applications/STM32CubeIDE.app/Contents/Eclipse/plugins/com.st.stm32cube.ide.mcu.externaltools.gnu-tools-for-stm32.12.3.rel1.macos64_1.0.200.202406191456/tools/bin/../lib/gcc/arm-none-eabi/12.3.1/../../../../arm-none-eabi/lib/thumb/v7e-m+fp/hard/libc_nano.a(libc_a-memset.o)
 .debug_frame   0x00004aa8       0x2c /Applications/STM32CubeIDE.app/Contents/Eclipse/plugins/com.st.stm32cube.ide.mcu.externaltools.gnu-tools-for-stm32.12.3.rel1.macos64_1.0.200.202406191456/tools/bin/../lib/gcc/arm-none-eabi/12.3.1/../../../../arm-none-eabi/lib/thumb/v7e-m+fp/hard/libc_nano.a(libc_a-init.o)
 .debug_frame   0x00004ad4       0x2c /Applications/STM32CubeIDE.app/Contents/Eclipse/plugins/com.st.stm32cube.ide.mcu.externaltools.gnu-tools-for-stm32.12.3.rel1.macos64_1.0.200.202406191456/tools/bin/../lib/gcc/arm-none-eabi/12.3.1/thumb/v7e-m+fp/hard/libgcc.a(_aeabi_uldivmod.o)
 .debug_frame   0x00004b00       0x34 /Applications/STM32CubeIDE.app/Contents/Eclipse/plugins/com.st.stm32cube.ide.mcu.externaltools.gnu-tools-for-stm32.12.3.rel1.macos64_1.0.200.202406191456/tools/bin/../lib/gcc/arm-none-eabi/12.3.1/thumb/v7e-m+fp/hard/libgcc.a(_udivmoddi4.o)

.debug_line_str
                0x00000000       0x86
 .debug_line_str
                0x00000000       0x86 ./Core/Startup/startup_stm32l476rgtx.o